Archive member included to satisfy reference by file (symbol)

libwolfssl.a(aes.c.obj)       CMakeFiles/benchmark.dir/Users/rocksonqwerty/wolfssl/wolfcrypt/benchmark/benchmark.c.obj (wc_AesSetKey)
libwolfssl.a(asn.c.obj)       CMakeFiles/benchmark.dir/Users/rocksonqwerty/wolfssl/wolfcrypt/benchmark/benchmark.c.obj (wc_RsaPrivateKeyDecode)
libwolfssl.a(chacha.c.obj)    CMakeFiles/benchmark.dir/Users/rocksonqwerty/wolfssl/wolfcrypt/benchmark/benchmark.c.obj (wc_Chacha_SetIV)
libwolfssl.a(chacha20_poly1305.c.obj)
                              CMakeFiles/benchmark.dir/Users/rocksonqwerty/wolfssl/wolfcrypt/benchmark/benchmark.c.obj (wc_ChaCha20Poly1305_Encrypt)
libwolfssl.a(coding.c.obj)    libwolfssl.a(asn.c.obj) (Base64_Decode)
libwolfssl.a(curve25519.c.obj)
                              CMakeFiles/benchmark.dir/Users/rocksonqwerty/wolfssl/wolfcrypt/benchmark/benchmark.c.obj (wc_curve25519_make_key)
libwolfssl.a(curve448.c.obj)  CMakeFiles/benchmark.dir/Users/rocksonqwerty/wolfssl/wolfcrypt/benchmark/benchmark.c.obj (wc_curve448_make_key)
libwolfssl.a(dh.c.obj)        CMakeFiles/benchmark.dir/Users/rocksonqwerty/wolfssl/wolfcrypt/benchmark/benchmark.c.obj (wc_InitDhKey_ex)
libwolfssl.a(ecc.c.obj)       CMakeFiles/benchmark.dir/Users/rocksonqwerty/wolfssl/wolfcrypt/benchmark/benchmark.c.obj (wc_ecc_get_name)
libwolfssl.a(ed25519.c.obj)   CMakeFiles/benchmark.dir/Users/rocksonqwerty/wolfssl/wolfcrypt/benchmark/benchmark.c.obj (wc_ed25519_make_key)
libwolfssl.a(ed448.c.obj)     CMakeFiles/benchmark.dir/Users/rocksonqwerty/wolfssl/wolfcrypt/benchmark/benchmark.c.obj (wc_ed448_make_key)
libwolfssl.a(fe_448.c.obj)    libwolfssl.a(curve448.c.obj) (fe448_init)
libwolfssl.a(fe_operations.c.obj)
                              libwolfssl.a(curve25519.c.obj) (fe_init)
libwolfssl.a(ge_448.c.obj)    libwolfssl.a(ed448.c.obj) (sc448_reduce)
libwolfssl.a(ge_operations.c.obj)
                              libwolfssl.a(ed25519.c.obj) (sc_reduce)
libwolfssl.a(hash.c.obj)      libwolfssl.a(asn.c.obj) (wc_HashTypeConvert)
libwolfssl.a(hmac.c.obj)      CMakeFiles/benchmark.dir/Users/rocksonqwerty/wolfssl/wolfcrypt/benchmark/benchmark.c.obj (wc_HmacUpdate)
libwolfssl.a(poly1305.c.obj)  CMakeFiles/benchmark.dir/Users/rocksonqwerty/wolfssl/wolfcrypt/benchmark/benchmark.c.obj (wc_Poly1305SetKey)
libwolfssl.a(random.c.obj)    CMakeFiles/benchmark.dir/Users/rocksonqwerty/wolfssl/wolfcrypt/benchmark/benchmark.c.obj (wc_FreeRng)
libwolfssl.a(rsa.c.obj)       CMakeFiles/benchmark.dir/Users/rocksonqwerty/wolfssl/wolfcrypt/benchmark/benchmark.c.obj (wc_InitRsaKey_ex)
libwolfssl.a(sha.c.obj)       CMakeFiles/benchmark.dir/Users/rocksonqwerty/wolfssl/wolfcrypt/benchmark/benchmark.c.obj (wc_InitSha_ex)
libwolfssl.a(sha256.c.obj)    CMakeFiles/benchmark.dir/Users/rocksonqwerty/wolfssl/wolfcrypt/benchmark/benchmark.c.obj (wc_InitSha256_ex)
libwolfssl.a(sha3.c.obj)      CMakeFiles/benchmark.dir/Users/rocksonqwerty/wolfssl/wolfcrypt/benchmark/benchmark.c.obj (wc_InitSha3_224)
libwolfssl.a(sha512.c.obj)    CMakeFiles/benchmark.dir/Users/rocksonqwerty/wolfssl/wolfcrypt/benchmark/benchmark.c.obj (wc_InitSha512_ex)
libwolfssl.a(sp_armthumb.c.obj)
                              libwolfssl.a(rsa.c.obj) (sp_RsaPublic_2048)
libwolfssl.a(sp_int.c.obj)    libwolfssl.a(ecc.c.obj) (sp_init_size)
libwolfssl.a(wc_port.c.obj)   CMakeFiles/benchmark.dir/Users/rocksonqwerty/wolfssl/wolfcrypt/benchmark/benchmark.c.obj (wolfCrypt_Init)
libwolfssl.a(wolfmath.c.obj)  libwolfssl.a(ecc.c.obj) (wc_export_int)
libwolfssl.a(ssl.c.obj)       libwolfssl.a(asn.c.obj) (GetCA)
libwolfssl.a(tls.c.obj)       libwolfssl.a(ssl.c.obj) (MakeTLSv1_2)
libwolfssl.a(tls13.c.obj)     libwolfssl.a(ssl.c.obj) (wolfSSL_connect_TLSv13)
libwolfssl.a(kdf.c.obj)       libwolfssl.a(tls.c.obj) (wc_PRF_TLS)
libwolfssl.a(internal.c.obj)  libwolfssl.a(tls.c.obj) (IsTLS)
libwolfssl.a(keys.c.obj)      libwolfssl.a(tls13.c.obj) (SetCipherSpecs)
libwolfssl.a(error.c.obj)     libwolfssl.a(internal.c.obj) (wc_GetErrorString)
/Applications/ArmGNUToolchain/12.3.rel1/arm-none-eabi/bin/../lib/gcc/arm-none-eabi/12.3.1/thumb/v6-m/nofp/libgcc.a(_dvmd_tls.o)
                              CMakeFiles/benchmark.dir/Users/rocksonqwerty/dev/pico/pico-sdk/src/rp2_common/pico_divider/divider.S.obj (__aeabi_idiv0)
/Applications/ArmGNUToolchain/12.3.rel1/arm-none-eabi/bin/../lib/gcc/arm-none-eabi/12.3.1/../../../../arm-none-eabi/lib/thumb/v6-m/nofp/libc.a(libc_a-calloc.o)
                              CMakeFiles/benchmark.dir/Users/rocksonqwerty/dev/pico/pico-sdk/src/rp2_common/pico_malloc/pico_malloc.c.obj (calloc)
/Applications/ArmGNUToolchain/12.3.rel1/arm-none-eabi/bin/../lib/gcc/arm-none-eabi/12.3.1/../../../../arm-none-eabi/lib/thumb/v6-m/nofp/libc.a(libc_a-callocr.o)
                              /Applications/ArmGNUToolchain/12.3.rel1/arm-none-eabi/bin/../lib/gcc/arm-none-eabi/12.3.1/../../../../arm-none-eabi/lib/thumb/v6-m/nofp/libc.a(libc_a-calloc.o) (_calloc_r)
[...]
Memory Configuration

Name             Origin             Length             Attributes
FLASH            0x10000000         0x00200000         xr
RAM              0x20000000         0x00040000         xrw
SCRATCH_X        0x20040000         0x00001000         xrw
SCRATCH_Y        0x20041000         0x00001000         xrw
*default*        0x00000000         0xffffffff

Linker script and memory map

LOAD /Applications/ArmGNUToolchain/12.3.rel1/arm-none-eabi/bin/../lib/gcc/arm-none-eabi/12.3.1/thumb/v6-m/nofp/crti.o
LOAD /Applications/ArmGNUToolchain/12.3.rel1/arm-none-eabi/bin/../lib/gcc/arm-none-eabi/12.3.1/thumb/v6-m/nofp/crtbegin.o
LOAD /Applications/ArmGNUToolchain/12.3.rel1/arm-none-eabi/bin/../lib/gcc/arm-none-eabi/12.3.1/../../../../arm-none-eabi/lib/thumb/v6-m/nofp/crt0.o

.flash_begin    0x10000000        0x0
                0x10000000                        __flash_binary_start = .

.boot2          0x10000000      0x100
                0x10000000                        __boot2_start__ = .
 *(.boot2)
 .boot2         0x10000000      0x100 /var/folders/px/x60m0wd10yx806883b65gp3w0000gn/T//ccdOuPPw.o
                0x10000100                        __boot2_end__ = .
                0x00000001                        ASSERT (((__boot2_end__ - __boot2_start__) == 0x100), ERROR: Pico second stage bootloader must be 256 bytes in size)

.text           0x10000100    0x7c1e8
                0x10000100                        __logical_binary_start = .
 *(.vectors)
 .vectors       0x10000100       0xd4 CMakeFiles/benchmark.dir/Users/rocksonqwerty/dev/pico/pico-sdk/src/rp2_common/pico_standard_link/crt0.S.obj
                0x10000100                __VECTOR_TABLE
                0x10000100                __vectors
                0x100001c0                __default_isrs_start
                0x100001c0                isr_invalid
                0x100001c2                isr_nmi
                0x100001c4                isr_hardfault
                0x100001c6                isr_svcall
                0x100001c8                isr_pendsv
                0x100001ca                isr_systick
                0x100001cc                isr_irq28
                0x100001cc                isr_irq19
                0x100001cc                isr_irq0
                0x100001cc                isr_irq6
                0x100001cc                isr_irq22
                0x100001cc                isr_irq17
                0x100001cc                isr_irq14
                0x100001cc                isr_irq2
                0x100001cc                isr_irq10
                0x100001cc                isr_irq8
                0x100001cc                isr_irq24
                0x100001cc                isr_irq1
                0x100001cc                isr_irq7
                0x100001cc                isr_irq21
                0x100001cc                isr_irq20
                0x100001cc                isr_irq15
                0x100001cc                isr_irq25
                0x100001cc                isr_irq4
                0x100001cc                isr_irq16
                0x100001cc                isr_irq29
                0x100001cc                isr_irq26
                0x100001cc                __default_isrs_end
                0x100001cc                isr_irq3
                0x100001cc                isr_irq9
                0x100001cc                __unhandled_user_irq
                0x100001cc                isr_irq13
                0x100001cc                isr_irq27
                0x100001cc                isr_irq31
                0x100001cc                isr_irq5
                0x100001cc                isr_irq11
                0x100001cc                isr_irq23
                0x100001cc                isr_irq18
                0x100001cc                isr_irq30
                0x100001cc                isr_irq12
                0x100001d2                unhandled_user_irq_num_in_r0
 *(.binary_info_header)
 .binary_info_header
                0x100001d4       0x14 CMakeFiles/benchmark.dir/Users/rocksonqwerty/dev/pico/pico-sdk/src/rp2_common/pico_standard_link/crt0.S.obj
                0x100001e8                        __binary_info_header_end = .
 *(.reset)
 .reset         0x100001e8       0xa0 CMakeFiles/benchmark.dir/Users/rocksonqwerty/dev/pico/pico-sdk/src/rp2_common/pico_standard_link/crt0.S.obj
                0x100001e8                _entry_point
 .reset         0x10000288       0x30 CMakeFiles/benchmark.dir/Users/rocksonqwerty/dev/pico/pico-sdk/src/rp2_common/pico_standard_link/binary_info.c.obj
 *(.init)
 .init          0x100002b8        0x4 /Applications/ArmGNUToolchain/12.3.rel1/arm-none-eabi/bin/../lib/gcc/arm-none-eabi/12.3.1/thumb/v6-m/nofp/crti.o
                0x100002b8                _init
 *(EXCLUDE_FILE(*libm.a: *libc.a:*lib_a-mem*.o *libgcc.a:) .text*)
 .text.register_tm_clones
                0x100002bc       0x28 /Applications/ArmGNUToolchain/12.3.rel1/arm-none-eabi/bin/../lib/gcc/arm-none-eabi/12.3.1/thumb/v6-m/nofp/crtbegin.o
 .text.frame_dummy
                0x100002e4       0x24 /Applications/ArmGNUToolchain/12.3.rel1/arm-none-eabi/bin/../lib/gcc/arm-none-eabi/12.3.1/thumb/v6-m/nofp/crtbegin.o
 .text.startup.main
                0x10000308       0x40 CMakeFiles/benchmark.dir/src/bench_main.c.obj
                0x10000308                main
 .text.myTime   0x10000348       0x14 CMakeFiles/benchmark.dir/src/bench_main.c.obj
                0x10000348                myTime
 .text.blink    0x1000035c       0x64 CMakeFiles/benchmark.dir/src/blink.c.obj
                0x1000035c                blink
 .text.bench_stats_asym_finish_ex.constprop.0
                0x100003c0      0x1d8 CMakeFiles/benchmark.dir/Users/rocksonqwerty/wolfssl/wolfcrypt/benchmark/benchmark.c.obj
 .text.bench_stats_sym_finish.constprop.0
                0x10000598      0x278 CMakeFiles/benchmark.dir/Users/rocksonqwerty/wolfssl/wolfcrypt/benchmark/benchmark.c.obj
 .text.bench_hmac.constprop.0
                0x10000810      0x164 CMakeFiles/benchmark.dir/Users/rocksonqwerty/wolfssl/wolfcrypt/benchmark/benchmark.c.obj
 .text.bench_aescbc_internal
                0x10000974      0x268 CMakeFiles/benchmark.dir/Users/rocksonqwerty/wolfssl/wolfcrypt/benchmark/benchmark.c.obj
 .text.bench_aesgcm_internal.constprop.0
                0x10000bdc      0x368 CMakeFiles/benchmark.dir/Users/rocksonqwerty/wolfssl/wolfcrypt/benchmark/benchmark.c.obj
 .text.bench_rng
                0x10000f44      0x178 CMakeFiles/benchmark.dir/Users/rocksonqwerty/wolfssl/wolfcrypt/benchmark/benchmark.c.obj
                0x10000f44                bench_rng
 .text.bench_aesgcm
                0x100010bc       0xe4 CMakeFiles/benchmark.dir/Users/rocksonqwerty/wolfssl/wolfcrypt/benchmark/benchmark.c.obj
                0x100010bc                bench_aesgcm
 .text.bench_gmac
                0x100011a0      0x140 CMakeFiles/benchmark.dir/Users/rocksonqwerty/wolfssl/wolfcrypt/benchmark/benchmark.c.obj
                0x100011a0                bench_gmac
 .text.bench_poly1305
                0x100012e0      0x260 CMakeFiles/benchmark.dir/Users/rocksonqwerty/wolfssl/wolfcrypt/benchmark/benchmark.c.obj
                0x100012e0                bench_poly1305
 .text.bench_chacha
                0x10001540      0x120 CMakeFiles/benchmark.dir/Users/rocksonqwerty/wolfssl/wolfcrypt/benchmark/benchmark.c.obj
                0x10001540                bench_chacha
 .text.bench_chacha20_poly1305_aead
                0x10001660      0x14c CMakeFiles/benchmark.dir/Users/rocksonqwerty/wolfssl/wolfcrypt/benchmark/benchmark.c.obj
                0x10001660                bench_chacha20_poly1305_aead
 .text.bench_sha
                0x100017ac      0x248 CMakeFiles/benchmark.dir/Users/rocksonqwerty/wolfssl/wolfcrypt/benchmark/benchmark.c.obj
                0x100017ac                bench_sha
 .text.bench_sha256
                0x100019f4      0x248 CMakeFiles/benchmark.dir/Users/rocksonqwerty/wolfssl/wolfcrypt/benchmark/benchmark.c.obj
                0x100019f4                bench_sha256
 .text.bench_sha384
                0x10001c3c      0x248 CMakeFiles/benchmark.dir/Users/rocksonqwerty/wolfssl/wolfcrypt/benchmark/benchmark.c.obj
                0x10001c3c                bench_sha384
 .text.bench_sha512
                0x10001e84      0x248 CMakeFiles/benchmark.dir/Users/rocksonqwerty/wolfssl/wolfcrypt/benchmark/benchmark.c.obj
                0x10001e84                bench_sha512
 .text.bench_sha512_224
                0x100020cc      0x248 CMakeFiles/benchmark.dir/Users/rocksonqwerty/wolfssl/wolfcrypt/benchmark/benchmark.c.obj
                0x100020cc                bench_sha512_224
 .text.bench_sha512_256
                0x10002314      0x248 CMakeFiles/benchmark.dir/Users/rocksonqwerty/wolfssl/wolfcrypt/benchmark/benchmark.c.obj
                0x10002314                bench_sha512_256
 .text.bench_sha3_224
                0x1000255c      0x24c CMakeFiles/benchmark.dir/Users/rocksonqwerty/wolfssl/wolfcrypt/benchmark/benchmark.c.obj
                0x1000255c                bench_sha3_224
 .text.bench_sha3_256
                0x100027a8      0x24c CMakeFiles/benchmark.dir/Users/rocksonqwerty/wolfssl/wolfcrypt/benchmark/benchmark.c.obj
                0x100027a8                bench_sha3_256
 .text.bench_sha3_384
                0x100029f4      0x24c CMakeFiles/benchmark.dir/Users/rocksonqwerty/wolfssl/wolfcrypt/benchmark/benchmark.c.obj
                0x100029f4                bench_sha3_384
 .text.bench_sha3_512
                0x10002c40      0x24c CMakeFiles/benchmark.dir/Users/rocksonqwerty/wolfssl/wolfcrypt/benchmark/benchmark.c.obj
                0x10002c40                bench_sha3_512
 .text.bench_shake128
                0x10002e8c      0x250 CMakeFiles/benchmark.dir/Users/rocksonqwerty/wolfssl/wolfcrypt/benchmark/benchmark.c.obj
                0x10002e8c                bench_shake128
 .text.bench_shake256
                0x100030dc      0x250 CMakeFiles/benchmark.dir/Users/rocksonqwerty/wolfssl/wolfcrypt/benchmark/benchmark.c.obj
                0x100030dc                bench_shake256
 .text.bench_rsa
                0x1000332c      0x2ec CMakeFiles/benchmark.dir/Users/rocksonqwerty/wolfssl/wolfcrypt/benchmark/benchmark.c.obj
                0x1000332c                bench_rsa
 .text.bench_dh
                0x10003618      0x36c CMakeFiles/benchmark.dir/Users/rocksonqwerty/wolfssl/wolfcrypt/benchmark/benchmark.c.obj
                0x10003618                bench_dh
 .text.bench_eccMakeKey
                0x10003984      0x160 CMakeFiles/benchmark.dir/Users/rocksonqwerty/wolfssl/wolfcrypt/benchmark/benchmark.c.obj
                0x10003984                bench_eccMakeKey
 .text.bench_ecc
                0x10003ae4      0x43c CMakeFiles/benchmark.dir/Users/rocksonqwerty/wolfssl/wolfcrypt/benchmark/benchmark.c.obj
                0x10003ae4                bench_ecc
 .text.bench_curve25519KeyGen
                0x10003f20      0x108 CMakeFiles/benchmark.dir/Users/rocksonqwerty/wolfssl/wolfcrypt/benchmark/benchmark.c.obj
                0x10003f20                bench_curve25519KeyGen
 .text.bench_curve25519KeyAgree
                0x10004028      0x168 CMakeFiles/benchmark.dir/Users/rocksonqwerty/wolfssl/wolfcrypt/benchmark/benchmark.c.obj
                0x10004028                bench_curve25519KeyAgree
 .text.bench_ed25519KeyGen
                0x10004190       0xdc CMakeFiles/benchmark.dir/Users/rocksonqwerty/wolfssl/wolfcrypt/benchmark/benchmark.c.obj
                0x10004190                bench_ed25519KeyGen
 .text.bench_ed25519KeySign
                0x1000426c      0x22c CMakeFiles/benchmark.dir/Users/rocksonqwerty/wolfssl/wolfcrypt/benchmark/benchmark.c.obj
                0x1000426c                bench_ed25519KeySign
 .text.bench_curve448KeyGen
                0x10004498      0x118 CMakeFiles/benchmark.dir/Users/rocksonqwerty/wolfssl/wolfcrypt/benchmark/benchmark.c.obj
                0x10004498                bench_curve448KeyGen
 .text.bench_curve448KeyAgree
                0x100045b0      0x15c CMakeFiles/benchmark.dir/Users/rocksonqwerty/wolfssl/wolfcrypt/benchmark/benchmark.c.obj
                0x100045b0                bench_curve448KeyAgree
 .text.bench_ed448KeyGen
                0x1000470c       0xd8 CMakeFiles/benchmark.dir/Users/rocksonqwerty/wolfssl/wolfcrypt/benchmark/benchmark.c.obj
                0x1000470c                bench_ed448KeyGen
 .text.bench_ed448KeySign
                0x100047e4      0x230 CMakeFiles/benchmark.dir/Users/rocksonqwerty/wolfssl/wolfcrypt/benchmark/benchmark.c.obj
                0x100047e4                bench_ed448KeySign
 .text.benchmark_test
                0x10004a14      0x694 CMakeFiles/benchmark.dir/Users/rocksonqwerty/wolfssl/wolfcrypt/benchmark/benchmark.c.obj
                0x10004a14                benchmark_test
 .text.gpio_set_function
                0x100050a8       0x30 CMakeFiles/benchmark.dir/Users/rocksonqwerty/dev/pico/pico-sdk/src/rp2_common/hardware_gpio/gpio.c.obj
                0x100050a8                gpio_set_function
 .text.gpio_set_pulls
                0x100050d8       0x24 CMakeFiles/benchmark.dir/Users/rocksonqwerty/dev/pico/pico-sdk/src/rp2_common/hardware_gpio/gpio.c.obj
                0x100050d8                gpio_set_pulls
 .text.gpio_set_input_hysteresis_enabled
                0x100050fc       0x28 CMakeFiles/benchmark.dir/Users/rocksonqwerty/dev/pico/pico-sdk/src/rp2_common/hardware_gpio/gpio.c.obj
                0x100050fc                gpio_set_input_hysteresis_enabled
 .text.gpio_set_irq_enabled
                0x10005124       0x54 CMakeFiles/benchmark.dir/Users/rocksonqwerty/dev/pico/pico-sdk/src/rp2_common/hardware_gpio/gpio.c.obj
                0x10005124                gpio_set_irq_enabled
 .text.gpio_add_raw_irq_handler_with_order_priority_masked
                0x10005178       0x44 CMakeFiles/benchmark.dir/Users/rocksonqwerty/dev/pico/pico-sdk/src/rp2_common/hardware_gpio/gpio.c.obj
                0x10005178                gpio_add_raw_irq_handler_with_order_priority_masked
 .text.gpio_remove_raw_irq_handler_masked
                0x100051bc       0x20 CMakeFiles/benchmark.dir/Users/rocksonqwerty/dev/pico/pico-sdk/src/rp2_common/hardware_gpio/gpio.c.obj
                0x100051bc                gpio_remove_raw_irq_handler_masked
 .text.gpio_init
                0x100051dc       0x3c CMakeFiles/benchmark.dir/Users/rocksonqwerty/dev/pico/pico-sdk/src/rp2_common/hardware_gpio/gpio.c.obj
                0x100051dc                gpio_init
 .text.running_on_fpga
                0x10005218       0x10 CMakeFiles/benchmark.dir/Users/rocksonqwerty/dev/pico/pico-sdk/src/rp2_common/pico_platform/platform.c.obj
                0x10005218                running_on_fpga
 .text.hw_claim_lock
                0x10005228       0x18 CMakeFiles/benchmark.dir/Users/rocksonqwerty/dev/pico/pico-sdk/src/rp2_common/hardware_claim/claim.c.obj
                0x10005228                hw_claim_lock
 .text.hw_claim_unlock
                0x10005240       0x14 CMakeFiles/benchmark.dir/Users/rocksonqwerty/dev/pico/pico-sdk/src/rp2_common/hardware_claim/claim.c.obj
                0x10005240                hw_claim_unlock
 .text.hw_claim_or_assert
                0x10005254       0x44 CMakeFiles/benchmark.dir/Users/rocksonqwerty/dev/pico/pico-sdk/src/rp2_common/hardware_claim/claim.c.obj
                0x10005254                hw_claim_or_assert
 .text.hw_claim_unused_from_range
                0x10005298       0x9c CMakeFiles/benchmark.dir/Users/rocksonqwerty/dev/pico/pico-sdk/src/rp2_common/hardware_claim/claim.c.obj
                0x10005298                hw_claim_unused_from_range
 .text.hw_claim_clear
                0x10005334       0x38 CMakeFiles/benchmark.dir/Users/rocksonqwerty/dev/pico/pico-sdk/src/rp2_common/hardware_claim/claim.c.obj
                0x10005334                hw_claim_clear
 .text.spin_locks_reset
                0x1000536c       0x1c CMakeFiles/benchmark.dir/Users/rocksonqwerty/dev/pico/pico-sdk/src/rp2_common/hardware_sync/sync.c.obj
                0x1000536c                spin_locks_reset
 .text.next_striped_spin_lock_num
                0x10005388       0x18 CMakeFiles/benchmark.dir/Users/rocksonqwerty/dev/pico/pico-sdk/src/rp2_common/hardware_sync/sync.c.obj
                0x10005388                next_striped_spin_lock_num
 .text.spin_lock_claim_unused
                0x100053a0       0x24 CMakeFiles/benchmark.dir/Users/rocksonqwerty/dev/pico/pico-sdk/src/rp2_common/hardware_sync/sync.c.obj
                0x100053a0                spin_lock_claim_unused
 .text.irq_set_enabled
                0x100053c4       0x24 CMakeFiles/benchmark.dir/Users/rocksonqwerty/dev/pico/pico-sdk/src/rp2_common/hardware_irq/irq.c.obj
                0x100053c4                irq_set_enabled
 .text.irq_set_pending
                0x100053e8       0x10 CMakeFiles/benchmark.dir/Users/rocksonqwerty/dev/pico/pico-sdk/src/rp2_common/hardware_irq/irq.c.obj
                0x100053e8                irq_set_pending
 .text.irq_has_shared_handler
                0x100053f8       0x2c CMakeFiles/benchmark.dir/Users/rocksonqwerty/dev/pico/pico-sdk/src/rp2_common/hardware_irq/irq.c.obj
                0x100053f8                irq_has_shared_handler
 .text.irq_get_vtable_handler
                0x10005424       0x10 CMakeFiles/benchmark.dir/Users/rocksonqwerty/dev/pico/pico-sdk/src/rp2_common/hardware_irq/irq.c.obj
                0x10005424                irq_get_vtable_handler
 .text.irq_set_exclusive_handler
                0x10005434       0x54 CMakeFiles/benchmark.dir/Users/rocksonqwerty/dev/pico/pico-sdk/src/rp2_common/hardware_irq/irq.c.obj
                0x10005434                irq_set_exclusive_handler
 .text.irq_add_shared_handler
                0x10005488      0x1e0 CMakeFiles/benchmark.dir/Users/rocksonqwerty/dev/pico/pico-sdk/src/rp2_common/hardware_irq/irq.c.obj
                0x10005488                irq_add_shared_handler
 .text.irq_remove_handler
                0x10005668      0x1c4 CMakeFiles/benchmark.dir/Users/rocksonqwerty/dev/pico/pico-sdk/src/rp2_common/hardware_irq/irq.c.obj
                0x10005668                irq_remove_handler
 .text.irq_set_priority
                0x1000582c       0x28 CMakeFiles/benchmark.dir/Users/rocksonqwerty/dev/pico/pico-sdk/src/rp2_common/hardware_irq/irq.c.obj
                0x1000582c                irq_set_priority
 .text.irq_add_tail_to_free_list
                0x10005854       0xb4 CMakeFiles/benchmark.dir/Users/rocksonqwerty/dev/pico/pico-sdk/src/rp2_common/hardware_irq/irq.c.obj
                0x10005854                irq_add_tail_to_free_list
 .text.irq_init_priorities
                0x10005908       0x24 CMakeFiles/benchmark.dir/Users/rocksonqwerty/dev/pico/pico-sdk/src/rp2_common/hardware_irq/irq.c.obj
                0x10005908                irq_init_priorities
 .text.user_irq_unclaim
                0x1000592c       0x14 CMakeFiles/benchmark.dir/Users/rocksonqwerty/dev/pico/pico-sdk/src/rp2_common/hardware_irq/irq.c.obj
                0x1000592c                user_irq_unclaim
 .text.user_irq_claim_unused
                0x10005940       0x2c CMakeFiles/benchmark.dir/Users/rocksonqwerty/dev/pico/pico-sdk/src/rp2_common/hardware_irq/irq.c.obj
                0x10005940                user_irq_claim_unused
 .text.sem_init
                0x1000596c       0x20 CMakeFiles/benchmark.dir/Users/rocksonqwerty/dev/pico/pico-sdk/src/common/pico_sync/sem.c.obj
                0x1000596c                sem_init
 .text.lock_init
                0x1000598c       0x10 CMakeFiles/benchmark.dir/Users/rocksonqwerty/dev/pico/pico-sdk/src/common/pico_sync/lock_core.c.obj
                0x1000598c                lock_init
 .text.mutex_init
                0x1000599c       0x1c CMakeFiles/benchmark.dir/Users/rocksonqwerty/dev/pico/pico-sdk/src/common/pico_sync/mutex.c.obj
                0x1000599c                mutex_init
 .text.recursive_mutex_init
                0x100059b8       0x1c CMakeFiles/benchmark.dir/Users/rocksonqwerty/dev/pico/pico-sdk/src/common/pico_sync/mutex.c.obj
                0x100059b8                recursive_mutex_init
 .text.critical_section_init
                0x100059d4       0x1c CMakeFiles/benchmark.dir/Users/rocksonqwerty/dev/pico/pico-sdk/src/common/pico_sync/critical_section.c.obj
                0x100059d4                critical_section_init
 .text.critical_section_init_with_lock_num
                0x100059f0       0x14 CMakeFiles/benchmark.dir/Users/rocksonqwerty/dev/pico/pico-sdk/src/common/pico_sync/critical_section.c.obj
                0x100059f0                critical_section_init_with_lock_num
 .text.timer_pool_entry_comparator
                0x10005a04       0x34 CMakeFiles/benchmark.dir/Users/rocksonqwerty/dev/pico/pico-sdk/src/common/pico_time/time.c.obj
                0x10005a04                timer_pool_entry_comparator
 .text.sleep_until_callback
                0x10005a38       0x30 CMakeFiles/benchmark.dir/Users/rocksonqwerty/dev/pico/pico-sdk/src/common/pico_time/time.c.obj
 .text.add_alarm_under_lock.isra.0
                0x10005a68       0xf8 CMakeFiles/benchmark.dir/Users/rocksonqwerty/dev/pico/pico-sdk/src/common/pico_time/time.c.obj
 .text.alarm_pool_alarm_callback
                0x10005b60      0x1c0 CMakeFiles/benchmark.dir/Users/rocksonqwerty/dev/pico/pico-sdk/src/common/pico_time/time.c.obj
 .text.alarm_pool_init_default
                0x10005d20       0x6c CMakeFiles/benchmark.dir/Users/rocksonqwerty/dev/pico/pico-sdk/src/common/pico_time/time.c.obj
                0x10005d20                alarm_pool_init_default
 .text.alarm_pool_get_default
                0x10005d8c        0x8 CMakeFiles/benchmark.dir/Users/rocksonqwerty/dev/pico/pico-sdk/src/common/pico_time/time.c.obj
                0x10005d8c                alarm_pool_get_default
 .text.alarm_pool_add_alarm_at
                0x10005d94      0x17c CMakeFiles/benchmark.dir/Users/rocksonqwerty/dev/pico/pico-sdk/src/common/pico_time/time.c.obj
                0x10005d94                alarm_pool_add_alarm_at
 .text.alarm_pool_cancel_alarm
                0x10005f10       0x70 CMakeFiles/benchmark.dir/Users/rocksonqwerty/dev/pico/pico-sdk/src/common/pico_time/time.c.obj
                0x10005f10                alarm_pool_cancel_alarm
 .text.alarm_pool_core_num
                0x10005f80        0x4 CMakeFiles/benchmark.dir/Users/rocksonqwerty/dev/pico/pico-sdk/src/common/pico_time/time.c.obj
                0x10005f80                alarm_pool_core_num
 .text.sleep_until
                0x10005f84       0xc4 CMakeFiles/benchmark.dir/Users/rocksonqwerty/dev/pico/pico-sdk/src/common/pico_time/time.c.obj
                0x10005f84                sleep_until
 .text.sleep_ms
                0x10006048       0x38 CMakeFiles/benchmark.dir/Users/rocksonqwerty/dev/pico/pico-sdk/src/common/pico_time/time.c.obj
                0x10006048                sleep_ms
 .text.best_effort_wfe_or_timeout
                0x10006080       0xcc CMakeFiles/benchmark.dir/Users/rocksonqwerty/dev/pico/pico-sdk/src/common/pico_time/time.c.obj
                0x10006080                best_effort_wfe_or_timeout
 .text.hardware_alarm_irq_handler
                0x1000614c       0xbc CMakeFiles/benchmark.dir/Users/rocksonqwerty/dev/pico/pico-sdk/src/rp2_common/hardware_timer/timer.c.obj
 .text.hardware_alarm_claim
                0x10006208       0x18 CMakeFiles/benchmark.dir/Users/rocksonqwerty/dev/pico/pico-sdk/src/rp2_common/hardware_timer/timer.c.obj
                0x10006208                hardware_alarm_claim
 .text.time_us_64
                0x10006220       0x14 CMakeFiles/benchmark.dir/Users/rocksonqwerty/dev/pico/pico-sdk/src/rp2_common/hardware_timer/timer.c.obj
                0x10006220                time_us_64
 .text.busy_wait_until
                0x10006234       0x20 CMakeFiles/benchmark.dir/Users/rocksonqwerty/dev/pico/pico-sdk/src/rp2_common/hardware_timer/timer.c.obj
                0x10006234                busy_wait_until
 .text.hardware_alarm_set_callback
                0x10006254       0x8c CMakeFiles/benchmark.dir/Users/rocksonqwerty/dev/pico/pico-sdk/src/rp2_common/hardware_timer/timer.c.obj
                0x10006254                hardware_alarm_set_callback
 .text.hardware_alarm_set_target
                0x100062e0       0xd0 CMakeFiles/benchmark.dir/Users/rocksonqwerty/dev/pico/pico-sdk/src/rp2_common/hardware_timer/timer.c.obj
                0x100062e0                hardware_alarm_set_target
 .text.hardware_alarm_cancel
                0x100063b0       0x3c CMakeFiles/benchmark.dir/Users/rocksonqwerty/dev/pico/pico-sdk/src/rp2_common/hardware_timer/timer.c.obj
                0x100063b0                hardware_alarm_cancel
 .text.ph_merge_nodes
                0x100063ec       0x58 CMakeFiles/benchmark.dir/Users/rocksonqwerty/dev/pico/pico-sdk/src/common/pico_util/pheap.c.obj
 .text.ph_post_alloc_init
                0x10006444       0x3c CMakeFiles/benchmark.dir/Users/rocksonqwerty/dev/pico/pico-sdk/src/common/pico_util/pheap.c.obj
                0x10006444                ph_post_alloc_init
 .text.ph_merge_two_pass
                0x10006480       0x8c CMakeFiles/benchmark.dir/Users/rocksonqwerty/dev/pico/pico-sdk/src/common/pico_util/pheap.c.obj
                0x10006480                ph_merge_two_pass
 .text.ph_remove_any_head
                0x1000650c      0x100 CMakeFiles/benchmark.dir/Users/rocksonqwerty/dev/pico/pico-sdk/src/common/pico_util/pheap.c.obj
 .text.ph_remove_head
                0x1000660c      0x104 CMakeFiles/benchmark.dir/Users/rocksonqwerty/dev/pico/pico-sdk/src/common/pico_util/pheap.c.obj
                0x1000660c                ph_remove_head
 .text.ph_remove_and_free_node
                0x10006710       0x78 CMakeFiles/benchmark.dir/Users/rocksonqwerty/dev/pico/pico-sdk/src/common/pico_util/pheap.c.obj
                0x10006710                ph_remove_and_free_node
 .text.clocks_init
                0x10006788      0x2c8 CMakeFiles/benchmark.dir/Users/rocksonqwerty/dev/pico/pico-sdk/src/rp2_common/hardware_clocks/clocks.c.obj
                0x10006788                clocks_init
 .text.clock_get_hz
                0x10006a50        0xc CMakeFiles/benchmark.dir/Users/rocksonqwerty/dev/pico/pico-sdk/src/rp2_common/hardware_clocks/clocks.c.obj
                0x10006a50                clock_get_hz
 .text.pll_init
                0x10006a5c       0xa0 CMakeFiles/benchmark.dir/Users/rocksonqwerty/dev/pico/pico-sdk/src/rp2_common/hardware_pll/pll.c.obj
                0x10006a5c                pll_init
 .text.watchdog_start_tick
                0x10006afc       0x10 CMakeFiles/benchmark.dir/Users/rocksonqwerty/dev/pico/pico-sdk/src/rp2_common/hardware_watchdog/watchdog.c.obj
                0x10006afc                watchdog_start_tick
 .text.watchdog_reboot
                0x10006b0c       0x9c CMakeFiles/benchmark.dir/Users/rocksonqwerty/dev/pico/pico-sdk/src/rp2_common/hardware_watchdog/watchdog.c.obj
                0x10006b0c                watchdog_reboot
 .text.xosc_init
                0x10006ba8       0x28 CMakeFiles/benchmark.dir/Users/rocksonqwerty/dev/pico/pico-sdk/src/rp2_common/hardware_xosc/xosc.c.obj
                0x10006ba8                xosc_init
 .text.runtime_init
                0x10006bd0       0xec CMakeFiles/benchmark.dir/Users/rocksonqwerty/dev/pico/pico-sdk/src/rp2_common/pico_runtime/runtime.c.obj
                0x10006bd0                runtime_init
 .text._exit    0x10006cbc        0x4 CMakeFiles/benchmark.dir/Users/rocksonqwerty/dev/pico/pico-sdk/src/rp2_common/pico_runtime/runtime.c.obj
                0x10006cbc                _exit
 .text._sbrk    0x10006cc0       0x34 CMakeFiles/benchmark.dir/Users/rocksonqwerty/dev/pico/pico-sdk/src/rp2_common/pico_runtime/runtime.c.obj
                0x10006cc0                _sbrk
 .text._gettimeofday
                0x10006cf4       0x30 CMakeFiles/benchmark.dir/Users/rocksonqwerty/dev/pico/pico-sdk/src/rp2_common/pico_runtime/runtime.c.obj
                0x10006cf4                _gettimeofday
 .text.exit     0x10006d24        0x8 CMakeFiles/benchmark.dir/Users/rocksonqwerty/dev/pico/pico-sdk/src/rp2_common/pico_runtime/runtime.c.obj
                0x10006d24                exit
 .text.panic    0x10006d2c       0x30 CMakeFiles/benchmark.dir/Users/rocksonqwerty/dev/pico/pico-sdk/src/rp2_common/pico_runtime/runtime.c.obj
                0x10006d2c                panic
 .text.hard_assertion_failure
                0x10006d5c        0xc CMakeFiles/benchmark.dir/Users/rocksonqwerty/dev/pico/pico-sdk/src/rp2_common/pico_runtime/runtime.c.obj
                0x10006d5c                hard_assertion_failure
 .text._out_buffer
                0x10006d68        0x8 CMakeFiles/benchmark.dir/Users/rocksonqwerty/dev/pico/pico-sdk/src/rp2_common/pico_printf/printf.c.obj
 .text._out_null
                0x10006d70        0x4 CMakeFiles/benchmark.dir/Users/rocksonqwerty/dev/pico/pico-sdk/src/rp2_common/pico_printf/printf.c.obj
 .text._out_rev
                0x10006d74       0x90 CMakeFiles/benchmark.dir/Users/rocksonqwerty/dev/pico/pico-sdk/src/rp2_common/pico_printf/printf.c.obj
 .text._ntoa_format
                0x10006e04      0x208 CMakeFiles/benchmark.dir/Users/rocksonqwerty/dev/pico/pico-sdk/src/rp2_common/pico_printf/printf.c.obj
 .text._out_char
                0x1000700c       0x10 CMakeFiles/benchmark.dir/Users/rocksonqwerty/dev/pico/pico-sdk/src/rp2_common/pico_printf/printf.c.obj
 .text._out_fct
                0x1000701c       0x10 CMakeFiles/benchmark.dir/Users/rocksonqwerty/dev/pico/pico-sdk/src/rp2_common/pico_printf/printf.c.obj
 .text._etoa    0x1000702c      0x464 CMakeFiles/benchmark.dir/Users/rocksonqwerty/dev/pico/pico-sdk/src/rp2_common/pico_printf/printf.c.obj
 .text._ftoa    0x10007490      0x3c4 CMakeFiles/benchmark.dir/Users/rocksonqwerty/dev/pico/pico-sdk/src/rp2_common/pico_printf/printf.c.obj
 .text._vsnprintf
                0x10007854      0xc18 CMakeFiles/benchmark.dir/Users/rocksonqwerty/dev/pico/pico-sdk/src/rp2_common/pico_printf/printf.c.obj
 .text.__wrap_snprintf
                0x1000846c       0x28 CMakeFiles/benchmark.dir/Users/rocksonqwerty/dev/pico/pico-sdk/src/rp2_common/pico_printf/printf.c.obj
                0x1000846c                __wrap_snprintf
 .text.vfctprintf
                0x10008494       0x20 CMakeFiles/benchmark.dir/Users/rocksonqwerty/dev/pico/pico-sdk/src/rp2_common/pico_printf/printf.c.obj
                0x10008494                vfctprintf
 .text.weak_raw_vprintf
                0x100084b4       0x30 CMakeFiles/benchmark.dir/Users/rocksonqwerty/dev/pico/pico-sdk/src/rp2_common/pico_printf/printf.c.obj
                0x100084b4                weak_raw_vprintf
 .text          0x100084e4       0x10 CMakeFiles/benchmark.dir/Users/rocksonqwerty/dev/pico/pico-sdk/src/rp2_common/pico_bit_ops/bit_ops_aeabi.S.obj
 .text.ctzsi    0x100084f4        0xc CMakeFiles/benchmark.dir/Users/rocksonqwerty/dev/pico/pico-sdk/src/rp2_common/pico_bit_ops/bit_ops_aeabi.S.obj
                0x100084f4                __wrap___ctzsi2
 .text.rom_func_lookup
                0x10008500       0x10 CMakeFiles/benchmark.dir/Users/rocksonqwerty/dev/pico/pico-sdk/src/rp2_common/pico_bootrom/bootrom.c.obj
                0x10008500                rom_func_lookup
 .text.rom_data_lookup
                0x10008510       0x10 CMakeFiles/benchmark.dir/Users/rocksonqwerty/dev/pico/pico-sdk/src/rp2_common/pico_bootrom/bootrom.c.obj
                0x10008510                rom_data_lookup
 .text.rom_funcs_lookup
                0x10008520       0x44 CMakeFiles/benchmark.dir/Users/rocksonqwerty/dev/pico/pico-sdk/src/rp2_common/pico_bootrom/bootrom.c.obj
                0x10008520                rom_funcs_lookup
 .text.__wrap___aeabi_idiv
                0x10008564       0x50 CMakeFiles/benchmark.dir/Users/rocksonqwerty/dev/pico/pico-sdk/src/rp2_common/pico_divider/divider.S.obj
                0x10008564                __wrap___aeabi_idivmod
                0x10008564                divmod_s32s32
                0x10008564                div_s32s32
                0x10008564                __wrap___aeabi_idiv
                0x1000856c                divmod_s32s32_unsafe
                0x10008598                divmod_s32s32_savestate
 .text.__wrap___aeabi_uidiv
                0x100085b4       0x4c CMakeFiles/benchmark.dir/Users/rocksonqwerty/dev/pico/pico-sdk/src/rp2_common/pico_divider/divider.S.obj
                0x100085b4                __wrap___aeabi_uidiv
                0x100085b4                __wrap___aeabi_uidivmod
                0x100085b4                div_u32u32
                0x100085b4                divmod_u32u32
                0x100085bc                divmod_u32u32_unsafe
                0x100085e4                divmod_u32u32_savestate
 .text.__wrap___aeabi_ldiv
                0x10008600      0x424 CMakeFiles/benchmark.dir/Users/rocksonqwerty/dev/pico/pico-sdk/src/rp2_common/pico_divider/divider.S.obj
                0x10008600                __wrap___aeabi_ldivmod
                0x10008600                div_s64s64
                0x10008600                divmod_s64s64
                0x10008630                divmod_u64u64
                0x10008630                div_u64u64
                0x10008630                __wrap___aeabi_uldivmod
                0x10008640                divmod_u64u64_savestate
                0x10008660                divmod_s64s64_unsafe
                0x100086e8                divmod_u64u64_unsafe
 .text.__wrap___aeabi_darithmetic
                0x10008a24       0x60 CMakeFiles/benchmark.dir/Users/rocksonqwerty/dev/pico/pico-sdk/src/rp2_common/pico_double/double_aeabi.S.obj
                0x10008a24                __wrap___aeabi_drsub
                0x10008a2a                __wrap___aeabi_dsub
                0x10008a34                __wrap___aeabi_dadd
                0x10008a3e                __wrap___aeabi_ddiv
                0x10008a72                __wrap___aeabi_dmul
 .text.__wrap___aeabi_cdcmple
                0x10008a84       0x6c CMakeFiles/benchmark.dir/Users/rocksonqwerty/dev/pico/pico-sdk/src/rp2_common/pico_double/double_aeabi.S.obj
                0x10008a84                __wrap___aeabi_cdrcmple
                0x10008a94                __wrap___aeabi_cdcmple
                0x10008a94                __wrap___aeabi_cdcmpeq
 .text.__wrap___aeabi_dcmplt
                0x10008af0        0xc CMakeFiles/benchmark.dir/Users/rocksonqwerty/dev/pico/pico-sdk/src/rp2_common/pico_double/double_aeabi.S.obj
                0x10008af0                __wrap___aeabi_dcmplt
 .text.__wrap___aeabi_dcmpge
                0x10008afc       0x10 CMakeFiles/benchmark.dir/Users/rocksonqwerty/dev/pico/pico-sdk/src/rp2_common/pico_double/double_aeabi.S.obj
                0x10008afc                __wrap___aeabi_dcmpge
 .text.__wrap___aeabi_dcmpgt
                0x10008b0c        0xa CMakeFiles/benchmark.dir/Users/rocksonqwerty/dev/pico/pico-sdk/src/rp2_common/pico_double/double_aeabi.S.obj
                0x10008b0c                __wrap___aeabi_dcmpgt
 .text.__wrap___aeabi_dcmpun
                0x10008b16       0x1c CMakeFiles/benchmark.dir/Users/rocksonqwerty/dev/pico/pico-sdk/src/rp2_common/pico_double/double_aeabi.S.obj
                0x10008b16                __wrap___aeabi_dcmpun
 *fill*         0x10008b32        0x2 
 .text.__wrap___aeabi_i2d
                0x10008b34       0x38 CMakeFiles/benchmark.dir/Users/rocksonqwerty/dev/pico/pico-sdk/src/rp2_common/pico_double/double_aeabi.S.obj
                0x10008b34                __wrap___aeabi_ui2d
                0x10008b3c                __wrap___aeabi_i2d
 .text.__wrap___aeabi_d2iz
                0x10008b6c       0x48 CMakeFiles/benchmark.dir/Users/rocksonqwerty/dev/pico/pico-sdk/src/rp2_common/pico_double/double_aeabi.S.obj
                0x10008b6c                __wrap___aeabi_d2iz
                0x10008b6c                double2int_z
 .text.__wrap___aeabi_d2uiz
                0x10008bb4       0x10 CMakeFiles/benchmark.dir/Users/rocksonqwerty/dev/pico/pico-sdk/src/rp2_common/pico_double/double_aeabi.S.obj
                0x10008bb4                double2uint
                0x10008bb4                __wrap___aeabi_d2uiz
 .text.__wrap___aeabi_l2d
                0x10008bc4       0x10 CMakeFiles/benchmark.dir/Users/rocksonqwerty/dev/pico/pico-sdk/src/rp2_common/pico_double/double_aeabi.S.obj
                0x10008bc4                __wrap___aeabi_l2d
 .text.missing_double_func_shim
                0x10008bd4        0xc CMakeFiles/benchmark.dir/Users/rocksonqwerty/dev/pico/pico-sdk/src/rp2_common/pico_double/double_init_rom.c.obj
 .text.__aeabi_double_init
                0x10008be0       0x94 CMakeFiles/benchmark.dir/Users/rocksonqwerty/dev/pico/pico-sdk/src/rp2_common/pico_double/double_init_rom.c.obj
                0x10008be0                __aeabi_double_init
 .text.double_table_shim_on_use_helper
                0x10008c74       0x2c CMakeFiles/benchmark.dir/Users/rocksonqwerty/dev/pico/pico-sdk/src/rp2_common/pico_double/double_v1_rom_shim.S.obj
                0x10008c74                double_table_shim_on_use_helper
 .text.__aeabi_lmul
                0x10008ca0       0x32 CMakeFiles/benchmark.dir/Users/rocksonqwerty/dev/pico/pico-sdk/src/rp2_common/pico_int64_ops/pico_int64_ops_aeabi.S.obj
                0x10008ca0                __wrap___aeabi_lmul
 *fill*         0x10008cd2        0x2 
 .text.missing_float_func_shim
                0x10008cd4        0xc CMakeFiles/benchmark.dir/Users/rocksonqwerty/dev/pico/pico-sdk/src/rp2_common/pico_float/float_init_rom.c.obj
 .text.__aeabi_float_init
                0x10008ce0       0x5c CMakeFiles/benchmark.dir/Users/rocksonqwerty/dev/pico/pico-sdk/src/rp2_common/pico_float/float_init_rom.c.obj
                0x10008ce0                __aeabi_float_init
 .text.__wrap_malloc
                0x10008d3c       0x24 CMakeFiles/benchmark.dir/Users/rocksonqwerty/dev/pico/pico-sdk/src/rp2_common/pico_malloc/pico_malloc.c.obj
                0x10008d3c                __wrap_malloc
 .text.__wrap_calloc
                0x10008d60       0x24 CMakeFiles/benchmark.dir/Users/rocksonqwerty/dev/pico/pico-sdk/src/rp2_common/pico_malloc/pico_malloc.c.obj
                0x10008d60                __wrap_calloc
 .text.__wrap_free
                0x10008d84        0x8 CMakeFiles/benchmark.dir/Users/rocksonqwerty/dev/pico/pico-sdk/src/rp2_common/pico_malloc/pico_malloc.c.obj
                0x10008d84                __wrap_free
 .text          0x10008d8c       0x10 CMakeFiles/benchmark.dir/Users/rocksonqwerty/dev/pico/pico-sdk/src/rp2_common/pico_mem_ops/mem_ops_aeabi.S.obj
                0x10008d8c                __aeabi_mem_init
 .text.memset   0x10008d9c        0xc CMakeFiles/benchmark.dir/Users/rocksonqwerty/dev/pico/pico-sdk/src/rp2_common/pico_mem_ops/mem_ops_aeabi.S.obj
                0x10008d9c                __wrap_memset
 .text.memcpy   0x10008da8        0xc CMakeFiles/benchmark.dir/Users/rocksonqwerty/dev/pico/pico-sdk/src/rp2_common/pico_mem_ops/mem_ops_aeabi.S.obj
                0x10008da8                __wrap___aeabi_memcpy
                0x10008da8                __wrap_memcpy
 .text.stdio_out_chars_crlf
                0x10008db4       0x94 CMakeFiles/benchmark.dir/Users/rocksonqwerty/dev/pico/pico-sdk/src/rp2_common/pico_stdio/stdio.c.obj
 .text.stdio_buffered_printer
                0x10008e48       0x64 CMakeFiles/benchmark.dir/Users/rocksonqwerty/dev/pico/pico-sdk/src/rp2_common/pico_stdio/stdio.c.obj
 .text.__wrap_putchar
                0x10008eac       0x98 CMakeFiles/benchmark.dir/Users/rocksonqwerty/dev/pico/pico-sdk/src/rp2_common/pico_stdio/stdio.c.obj
                0x10008eac                __wrap_putchar
 .text.__wrap_puts
                0x10008f44       0xe0 CMakeFiles/benchmark.dir/Users/rocksonqwerty/dev/pico/pico-sdk/src/rp2_common/pico_stdio/stdio.c.obj
                0x10008f44                __wrap_puts
 .text.stdio_set_driver_enabled
                0x10009024       0x30 CMakeFiles/benchmark.dir/Users/rocksonqwerty/dev/pico/pico-sdk/src/rp2_common/pico_stdio/stdio.c.obj
                0x10009024                stdio_set_driver_enabled
 .text.__wrap_vprintf
                0x10009054       0xd4 CMakeFiles/benchmark.dir/Users/rocksonqwerty/dev/pico/pico-sdk/src/rp2_common/pico_stdio/stdio.c.obj
                0x10009054                __wrap_vprintf
 .text.__wrap_printf
                0x10009128       0x18 CMakeFiles/benchmark.dir/Users/rocksonqwerty/dev/pico/pico-sdk/src/rp2_common/pico_stdio/stdio.c.obj
                0x10009128                __wrap_printf
 .text.stdio_init_all
                0x10009140        0x8 CMakeFiles/benchmark.dir/Users/rocksonqwerty/dev/pico/pico-sdk/src/rp2_common/pico_stdio/stdio.c.obj
                0x10009140                stdio_init_all
 .text.resetd_init
                0x10009148        0x4 CMakeFiles/benchmark.dir/Users/rocksonqwerty/dev/pico/pico-sdk/src/rp2_common/pico_stdio_usb/reset_interface.c.obj
 .text.resetd_reset
                0x1000914c        0xc CMakeFiles/benchmark.dir/Users/rocksonqwerty/dev/pico/pico-sdk/src/rp2_common/pico_stdio_usb/reset_interface.c.obj
 .text.resetd_open
                0x10009158       0x28 CMakeFiles/benchmark.dir/Users/rocksonqwerty/dev/pico/pico-sdk/src/rp2_common/pico_stdio_usb/reset_interface.c.obj
 .text.resetd_xfer_cb
                0x10009180        0x4 CMakeFiles/benchmark.dir/Users/rocksonqwerty/dev/pico/pico-sdk/src/rp2_common/pico_stdio_usb/reset_interface.c.obj
 .text.resetd_control_xfer_cb
                0x10009184       0x60 CMakeFiles/benchmark.dir/Users/rocksonqwerty/dev/pico/pico-sdk/src/rp2_common/pico_stdio_usb/reset_interface.c.obj
 .text.usbd_app_driver_get_cb
                0x100091e4        0xc CMakeFiles/benchmark.dir/Users/rocksonqwerty/dev/pico/pico-sdk/src/rp2_common/pico_stdio_usb/reset_interface.c.obj
                0x100091e4                usbd_app_driver_get_cb
 .text.tud_cdc_line_coding_cb
                0x100091f0       0x34 CMakeFiles/benchmark.dir/Users/rocksonqwerty/dev/pico/pico-sdk/src/rp2_common/pico_stdio_usb/reset_interface.c.obj
                0x100091f0                tud_cdc_line_coding_cb
 .text.stdio_usb_set_chars_available_callback
                0x10009224       0x14 CMakeFiles/benchmark.dir/Users/rocksonqwerty/dev/pico/pico-sdk/src/rp2_common/pico_stdio_usb/stdio_usb.c.obj
                0x10009224                stdio_usb_set_chars_available_callback
 .text.usb_irq  0x10009238       0x10 CMakeFiles/benchmark.dir/Users/rocksonqwerty/dev/pico/pico-sdk/src/rp2_common/pico_stdio_usb/stdio_usb.c.obj
 .text.timer_task
                0x10009248       0x54 CMakeFiles/benchmark.dir/Users/rocksonqwerty/dev/pico/pico-sdk/src/rp2_common/pico_stdio_usb/stdio_usb.c.obj
 .text.stdio_usb_in_chars
                0x1000929c       0x90 CMakeFiles/benchmark.dir/Users/rocksonqwerty/dev/pico/pico-sdk/src/rp2_common/pico_stdio_usb/stdio_usb.c.obj
                0x1000929c                stdio_usb_in_chars
 .text.stdio_usb_out_chars
                0x1000932c      0x104 CMakeFiles/benchmark.dir/Users/rocksonqwerty/dev/pico/pico-sdk/src/rp2_common/pico_stdio_usb/stdio_usb.c.obj
 .text.low_priority_worker_irq
                0x10009430       0xa8 CMakeFiles/benchmark.dir/Users/rocksonqwerty/dev/pico/pico-sdk/src/rp2_common/pico_stdio_usb/stdio_usb.c.obj
 .text.tud_cdc_rx_cb
                0x100094d8       0x20 CMakeFiles/benchmark.dir/Users/rocksonqwerty/dev/pico/pico-sdk/src/rp2_common/pico_stdio_usb/stdio_usb.c.obj
                0x100094d8                tud_cdc_rx_cb
 .text.stdio_usb_init
                0x100094f8       0xe0 CMakeFiles/benchmark.dir/Users/rocksonqwerty/dev/pico/pico-sdk/src/rp2_common/pico_stdio_usb/stdio_usb.c.obj
                0x100094f8                stdio_usb_init
 .text.tud_descriptor_device_cb
                0x100095d8        0x8 CMakeFiles/benchmark.dir/Users/rocksonqwerty/dev/pico/pico-sdk/src/rp2_common/pico_stdio_usb/stdio_usb_descriptors.c.obj
                0x100095d8                tud_descriptor_device_cb
 .text.tud_descriptor_configuration_cb
                0x100095e0        0x8 CMakeFiles/benchmark.dir/Users/rocksonqwerty/dev/pico/pico-sdk/src/rp2_common/pico_stdio_usb/stdio_usb_descriptors.c.obj
                0x100095e0                tud_descriptor_configuration_cb
 .text.tud_descriptor_string_cb
                0x100095e8       0x78 CMakeFiles/benchmark.dir/Users/rocksonqwerty/dev/pico/pico-sdk/src/rp2_common/pico_stdio_usb/stdio_usb_descriptors.c.obj
                0x100095e8                tud_descriptor_string_cb
 .text.startup._retrieve_unique_id_on_boot
                0x10009660       0x10 CMakeFiles/benchmark.dir/Users/rocksonqwerty/dev/pico/pico-sdk/src/rp2_common/pico_unique_id/unique_id.c.obj
 .text.pico_get_unique_board_id
                0x10009670       0x10 CMakeFiles/benchmark.dir/Users/rocksonqwerty/dev/pico/pico-sdk/src/rp2_common/pico_unique_id/unique_id.c.obj
                0x10009670                pico_get_unique_board_id
 .text.pico_get_unique_board_id_string
                0x10009680      0x1a8 CMakeFiles/benchmark.dir/Users/rocksonqwerty/dev/pico/pico-sdk/src/rp2_common/pico_unique_id/unique_id.c.obj
                0x10009680                pico_get_unique_board_id_string
 .text.flash_get_unique_id
                0x10009828       0x40 CMakeFiles/benchmark.dir/Users/rocksonqwerty/dev/pico/pico-sdk/src/rp2_common/hardware_flash/flash.c.obj
                0x10009828                flash_get_unique_id
 .text.dcd_int_enable
                0x10009868        0xc CMakeFiles/benchmark.dir/Users/rocksonqwerty/dev/pico/pico-sdk/lib/tinyusb/src/portable/raspberrypi/rp2040/dcd_rp2040.c.obj
                0x10009868                dcd_int_enable
 .text.dcd_set_address
                0x10009874       0x14 CMakeFiles/benchmark.dir/Users/rocksonqwerty/dev/pico/pico-sdk/lib/tinyusb/src/portable/raspberrypi/rp2040/dcd_rp2040.c.obj
                0x10009874                dcd_set_address
 .text.dcd_connect
                0x10009888       0x10 CMakeFiles/benchmark.dir/Users/rocksonqwerty/dev/pico/pico-sdk/lib/tinyusb/src/portable/raspberrypi/rp2040/dcd_rp2040.c.obj
                0x10009888                dcd_connect
 .text.dcd_init
                0x10009898       0x98 CMakeFiles/benchmark.dir/Users/rocksonqwerty/dev/pico/pico-sdk/lib/tinyusb/src/portable/raspberrypi/rp2040/dcd_rp2040.c.obj
                0x10009898                dcd_init
 .text.dcd_edpt0_status_complete
                0x10009930       0x1c CMakeFiles/benchmark.dir/Users/rocksonqwerty/dev/pico/pico-sdk/lib/tinyusb/src/portable/raspberrypi/rp2040/dcd_rp2040.c.obj
                0x10009930                dcd_edpt0_status_complete
 .text.dcd_edpt_open
                0x1000994c      0x108 CMakeFiles/benchmark.dir/Users/rocksonqwerty/dev/pico/pico-sdk/lib/tinyusb/src/portable/raspberrypi/rp2040/dcd_rp2040.c.obj
                0x1000994c                dcd_edpt_open
 .text.dcd_edpt_close_all
                0x10009a54        0x8 CMakeFiles/benchmark.dir/Users/rocksonqwerty/dev/pico/pico-sdk/lib/tinyusb/src/portable/raspberrypi/rp2040/dcd_rp2040.c.obj
                0x10009a54                dcd_edpt_close_all
 .text.dcd_edpt_xfer
                0x10009a5c       0x24 CMakeFiles/benchmark.dir/Users/rocksonqwerty/dev/pico/pico-sdk/lib/tinyusb/src/portable/raspberrypi/rp2040/dcd_rp2040.c.obj
                0x10009a5c                dcd_edpt_xfer
 .text.dcd_edpt_stall
                0x10009a80       0x34 CMakeFiles/benchmark.dir/Users/rocksonqwerty/dev/pico/pico-sdk/lib/tinyusb/src/portable/raspberrypi/rp2040/dcd_rp2040.c.obj
                0x10009a80                dcd_edpt_stall
 .text.dcd_edpt_clear_stall
                0x10009ab4       0x30 CMakeFiles/benchmark.dir/Users/rocksonqwerty/dev/pico/pico-sdk/lib/tinyusb/src/portable/raspberrypi/rp2040/dcd_rp2040.c.obj
                0x10009ab4                dcd_edpt_clear_stall
 .text.rp2040_usb_init
                0x10009ae4       0x4c CMakeFiles/benchmark.dir/Users/rocksonqwerty/dev/pico/pico-sdk/lib/tinyusb/src/portable/raspberrypi/rp2040/rp2040_usb.c.obj
                0x10009ae4                rp2040_usb_init
 .text.hw_endpoint_xfer_start
                0x10009b30       0x40 CMakeFiles/benchmark.dir/Users/rocksonqwerty/dev/pico/pico-sdk/lib/tinyusb/src/portable/raspberrypi/rp2040/rp2040_usb.c.obj
                0x10009b30                hw_endpoint_xfer_start
 .text.tud_mounted
                0x10009b70       0x10 CMakeFiles/benchmark.dir/Users/rocksonqwerty/dev/pico/pico-sdk/lib/tinyusb/src/device/usbd.c.obj
                0x10009b70                tud_mounted
 .text.tud_suspended
                0x10009b80       0x10 CMakeFiles/benchmark.dir/Users/rocksonqwerty/dev/pico/pico-sdk/lib/tinyusb/src/device/usbd.c.obj
                0x10009b80                tud_suspended
 .text.tud_inited
                0x10009b90       0x14 CMakeFiles/benchmark.dir/Users/rocksonqwerty/dev/pico/pico-sdk/lib/tinyusb/src/device/usbd.c.obj
                0x10009b90                tud_inited
 .text.tud_init
                0x10009ba4       0xd8 CMakeFiles/benchmark.dir/Users/rocksonqwerty/dev/pico/pico-sdk/lib/tinyusb/src/device/usbd.c.obj
                0x10009ba4                tud_init
 .text.tud_task_ext
                0x10009c7c      0x8a4 CMakeFiles/benchmark.dir/Users/rocksonqwerty/dev/pico/pico-sdk/lib/tinyusb/src/device/usbd.c.obj
                0x10009c7c                tud_task_ext
 .text.usbd_open_edpt_pair
                0x1000a520       0x9c CMakeFiles/benchmark.dir/Users/rocksonqwerty/dev/pico/pico-sdk/lib/tinyusb/src/device/usbd.c.obj
                0x1000a520                usbd_open_edpt_pair
 .text.usbd_defer_func
                0x1000a5bc       0x48 CMakeFiles/benchmark.dir/Users/rocksonqwerty/dev/pico/pico-sdk/lib/tinyusb/src/device/usbd.c.obj
                0x1000a5bc                usbd_defer_func
 .text.usbd_edpt_open
                0x1000a604       0x34 CMakeFiles/benchmark.dir/Users/rocksonqwerty/dev/pico/pico-sdk/lib/tinyusb/src/device/usbd.c.obj
                0x1000a604                usbd_edpt_open
 .text.usbd_edpt_claim
                0x1000a638       0x28 CMakeFiles/benchmark.dir/Users/rocksonqwerty/dev/pico/pico-sdk/lib/tinyusb/src/device/usbd.c.obj
                0x1000a638                usbd_edpt_claim
 .text.usbd_edpt_release
                0x1000a660       0x28 CMakeFiles/benchmark.dir/Users/rocksonqwerty/dev/pico/pico-sdk/lib/tinyusb/src/device/usbd.c.obj
                0x1000a660                usbd_edpt_release
 .text.usbd_edpt_xfer
                0x1000a688       0x4c CMakeFiles/benchmark.dir/Users/rocksonqwerty/dev/pico/pico-sdk/lib/tinyusb/src/device/usbd.c.obj
                0x1000a688                usbd_edpt_xfer
 .text.tud_control_status
                0x1000a6d4       0x2c CMakeFiles/benchmark.dir/Users/rocksonqwerty/dev/pico/pico-sdk/lib/tinyusb/src/device/usbd_control.c.obj
                0x1000a6d4                tud_control_status
 .text.tud_control_xfer
                0x1000a700       0xac CMakeFiles/benchmark.dir/Users/rocksonqwerty/dev/pico/pico-sdk/lib/tinyusb/src/device/usbd_control.c.obj
                0x1000a700                tud_control_xfer
 .text.usbd_control_reset
                0x1000a7ac       0x14 CMakeFiles/benchmark.dir/Users/rocksonqwerty/dev/pico/pico-sdk/lib/tinyusb/src/device/usbd_control.c.obj
                0x1000a7ac                usbd_control_reset
 .text.usbd_control_set_complete_callback
                0x1000a7c0        0xc CMakeFiles/benchmark.dir/Users/rocksonqwerty/dev/pico/pico-sdk/lib/tinyusb/src/device/usbd_control.c.obj
                0x1000a7c0                usbd_control_set_complete_callback
 .text.usbd_control_set_request
                0x1000a7cc       0x1c CMakeFiles/benchmark.dir/Users/rocksonqwerty/dev/pico/pico-sdk/lib/tinyusb/src/device/usbd_control.c.obj
                0x1000a7cc                usbd_control_set_request
 .text.usbd_control_xfer_cb
                0x1000a7e8       0xf4 CMakeFiles/benchmark.dir/Users/rocksonqwerty/dev/pico/pico-sdk/lib/tinyusb/src/device/usbd_control.c.obj
                0x1000a7e8                usbd_control_xfer_cb
 .text.tud_cdc_n_connected
                0x1000a8dc       0x30 CMakeFiles/benchmark.dir/Users/rocksonqwerty/dev/pico/pico-sdk/lib/tinyusb/src/class/cdc/cdc_device.c.obj
                0x1000a8dc                tud_cdc_n_connected
 .text.tud_cdc_n_available
                0x1000a90c       0x18 CMakeFiles/benchmark.dir/Users/rocksonqwerty/dev/pico/pico-sdk/lib/tinyusb/src/class/cdc/cdc_device.c.obj
                0x1000a90c                tud_cdc_n_available
 .text.tud_cdc_n_read
                0x1000a924       0x70 CMakeFiles/benchmark.dir/Users/rocksonqwerty/dev/pico/pico-sdk/lib/tinyusb/src/class/cdc/cdc_device.c.obj
                0x1000a924                tud_cdc_n_read
 .text.tud_cdc_n_write_flush
                0x1000a994       0x78 CMakeFiles/benchmark.dir/Users/rocksonqwerty/dev/pico/pico-sdk/lib/tinyusb/src/class/cdc/cdc_device.c.obj
                0x1000a994                tud_cdc_n_write_flush
 .text.tud_cdc_n_write
                0x1000aa0c       0x34 CMakeFiles/benchmark.dir/Users/rocksonqwerty/dev/pico/pico-sdk/lib/tinyusb/src/class/cdc/cdc_device.c.obj
                0x1000aa0c                tud_cdc_n_write
 .text.tud_cdc_n_write_available
                0x1000aa40       0x18 CMakeFiles/benchmark.dir/Users/rocksonqwerty/dev/pico/pico-sdk/lib/tinyusb/src/class/cdc/cdc_device.c.obj
                0x1000aa40                tud_cdc_n_write_available
 .text.cdcd_init
                0x1000aa58       0x7c CMakeFiles/benchmark.dir/Users/rocksonqwerty/dev/pico/pico-sdk/lib/tinyusb/src/class/cdc/cdc_device.c.obj
                0x1000aa58                cdcd_init
 .text.cdcd_reset
                0x1000aad4       0x2c CMakeFiles/benchmark.dir/Users/rocksonqwerty/dev/pico/pico-sdk/lib/tinyusb/src/class/cdc/cdc_device.c.obj
                0x1000aad4                cdcd_reset
 .text.cdcd_open
                0x1000ab00       0xe4 CMakeFiles/benchmark.dir/Users/rocksonqwerty/dev/pico/pico-sdk/lib/tinyusb/src/class/cdc/cdc_device.c.obj
                0x1000ab00                cdcd_open
 .text.cdcd_control_xfer_cb
                0x1000abe4       0xe4 CMakeFiles/benchmark.dir/Users/rocksonqwerty/dev/pico/pico-sdk/lib/tinyusb/src/class/cdc/cdc_device.c.obj
                0x1000abe4                cdcd_control_xfer_cb
 .text.cdcd_xfer_cb
                0x1000acc8      0x13c CMakeFiles/benchmark.dir/Users/rocksonqwerty/dev/pico/pico-sdk/lib/tinyusb/src/class/cdc/cdc_device.c.obj
                0x1000acc8                cdcd_xfer_cb
 .text.tusb_init
                0x1000ae04        0xc CMakeFiles/benchmark.dir/Users/rocksonqwerty/dev/pico/pico-sdk/lib/tinyusb/src/tusb.c.obj
                0x1000ae04                tusb_init
 .text.tusb_inited
                0x1000ae10        0x8 CMakeFiles/benchmark.dir/Users/rocksonqwerty/dev/pico/pico-sdk/lib/tinyusb/src/tusb.c.obj
                0x1000ae10                tusb_inited
 .text.tu_edpt_claim
                0x1000ae18       0x50 CMakeFiles/benchmark.dir/Users/rocksonqwerty/dev/pico/pico-sdk/lib/tinyusb/src/tusb.c.obj
                0x1000ae18                tu_edpt_claim
 .text.tu_edpt_release
                0x1000ae68       0x38 CMakeFiles/benchmark.dir/Users/rocksonqwerty/dev/pico/pico-sdk/lib/tinyusb/src/tusb.c.obj
                0x1000ae68                tu_edpt_release
 .text.tu_edpt_validate
                0x1000aea0       0x7c CMakeFiles/benchmark.dir/Users/rocksonqwerty/dev/pico/pico-sdk/lib/tinyusb/src/tusb.c.obj
                0x1000aea0                tu_edpt_validate
 .text.tu_edpt_bind_driver
                0x1000af1c       0x34 CMakeFiles/benchmark.dir/Users/rocksonqwerty/dev/pico/pico-sdk/lib/tinyusb/src/tusb.c.obj
                0x1000af1c                tu_edpt_bind_driver
 .text.tu_fifo_config
                0x1000af50       0x6c CMakeFiles/benchmark.dir/Users/rocksonqwerty/dev/pico/pico-sdk/lib/tinyusb/src/common/tusb_fifo.c.obj
                0x1000af50                tu_fifo_config
 .text.tu_fifo_count
                0x1000afbc       0x2c CMakeFiles/benchmark.dir/Users/rocksonqwerty/dev/pico/pico-sdk/lib/tinyusb/src/common/tusb_fifo.c.obj
                0x1000afbc                tu_fifo_count
 .text.tu_fifo_empty
                0x1000afe8       0x10 CMakeFiles/benchmark.dir/Users/rocksonqwerty/dev/pico/pico-sdk/lib/tinyusb/src/common/tusb_fifo.c.obj
                0x1000afe8                tu_fifo_empty
 .text.tu_fifo_remaining
                0x1000aff8       0x2c CMakeFiles/benchmark.dir/Users/rocksonqwerty/dev/pico/pico-sdk/lib/tinyusb/src/common/tusb_fifo.c.obj
                0x1000aff8                tu_fifo_remaining
 .text.tu_fifo_read
                0x1000b024       0x9c CMakeFiles/benchmark.dir/Users/rocksonqwerty/dev/pico/pico-sdk/lib/tinyusb/src/common/tusb_fifo.c.obj
                0x1000b024                tu_fifo_read
 .text.tu_fifo_read_n
                0x1000b0c0       0xe8 CMakeFiles/benchmark.dir/Users/rocksonqwerty/dev/pico/pico-sdk/lib/tinyusb/src/common/tusb_fifo.c.obj
                0x1000b0c0                tu_fifo_read_n
 .text.tu_fifo_write
                0x1000b1a8       0x88 CMakeFiles/benchmark.dir/Users/rocksonqwerty/dev/pico/pico-sdk/lib/tinyusb/src/common/tusb_fifo.c.obj
                0x1000b1a8                tu_fifo_write
 .text.tu_fifo_write_n
                0x1000b230      0x178 CMakeFiles/benchmark.dir/Users/rocksonqwerty/dev/pico/pico-sdk/lib/tinyusb/src/common/tusb_fifo.c.obj
                0x1000b230                tu_fifo_write_n
 .text.tu_fifo_clear
                0x1000b3a8       0x40 CMakeFiles/benchmark.dir/Users/rocksonqwerty/dev/pico/pico-sdk/lib/tinyusb/src/common/tusb_fifo.c.obj
                0x1000b3a8                tu_fifo_clear
 .text.tu_fifo_set_overwritable
                0x1000b3e8       0x48 CMakeFiles/benchmark.dir/Users/rocksonqwerty/dev/pico/pico-sdk/lib/tinyusb/src/common/tusb_fifo.c.obj
                0x1000b3e8                tu_fifo_set_overwritable
 .text.cyw43_arch_set_async_context
                0x1000b430        0xc CMakeFiles/benchmark.dir/Users/rocksonqwerty/dev/pico/pico-sdk/src/rp2_common/pico_cyw43_arch/cyw43_arch.c.obj
                0x1000b430                cyw43_arch_set_async_context
 .text.cyw43_arch_init_with_country
                0x1000b43c       0x10 CMakeFiles/benchmark.dir/Users/rocksonqwerty/dev/pico/pico-sdk/src/rp2_common/pico_cyw43_arch/cyw43_arch.c.obj
                0x1000b43c                cyw43_arch_init_with_country
 .text.cyw43_arch_gpio_put
                0x1000b44c       0x14 CMakeFiles/benchmark.dir/Users/rocksonqwerty/dev/pico/pico-sdk/src/rp2_common/pico_cyw43_arch/cyw43_arch.c.obj
                0x1000b44c                cyw43_arch_gpio_put
 .text.cyw43_arch_async_context
                0x1000b460        0xc CMakeFiles/benchmark.dir/Users/rocksonqwerty/dev/pico/pico-sdk/src/rp2_common/pico_cyw43_arch/cyw43_arch.c.obj
                0x1000b460                cyw43_arch_async_context
 .text.cyw43_arch_init
                0x1000b46c       0x64 CMakeFiles/benchmark.dir/Users/rocksonqwerty/dev/pico/pico-sdk/src/rp2_common/pico_cyw43_arch/cyw43_arch_threadsafe_background.c.obj
                0x1000b46c                cyw43_arch_init
 .text.ns_delay.constprop.0
                0x1000b4d0       0x20 CMakeFiles/benchmark.dir/Users/rocksonqwerty/dev/pico/pico-sdk/src/rp2_common/pico_cyw43_driver/cyw43_bus_pio_spi.c.obj
 .text.cyw43_spi_deinit
                0x1000b4f0       0x7c CMakeFiles/benchmark.dir/Users/rocksonqwerty/dev/pico/pico-sdk/src/rp2_common/pico_cyw43_driver/cyw43_bus_pio_spi.c.obj
                0x1000b4f0                cyw43_spi_deinit
 .text.cyw43_spi_init
                0x1000b56c      0x14c CMakeFiles/benchmark.dir/Users/rocksonqwerty/dev/pico/pico-sdk/src/rp2_common/pico_cyw43_driver/cyw43_bus_pio_spi.c.obj
                0x1000b56c                cyw43_spi_init
 .text.cyw43_spi_transfer
                0x1000b6b8      0x3e0 CMakeFiles/benchmark.dir/Users/rocksonqwerty/dev/pico/pico-sdk/src/rp2_common/pico_cyw43_driver/cyw43_bus_pio_spi.c.obj
                0x1000b6b8                cyw43_spi_transfer
 .text.cyw43_spi_gpio_setup
                0x1000ba98       0x3c CMakeFiles/benchmark.dir/Users/rocksonqwerty/dev/pico/pico-sdk/src/rp2_common/pico_cyw43_driver/cyw43_bus_pio_spi.c.obj
                0x1000ba98                cyw43_spi_gpio_setup
 .text.cyw43_spi_reset
                0x1000bad4       0x28 CMakeFiles/benchmark.dir/Users/rocksonqwerty/dev/pico/pico-sdk/src/rp2_common/pico_cyw43_driver/cyw43_bus_pio_spi.c.obj
                0x1000bad4                cyw43_spi_reset
 .text.read_reg_u32_swap
                0x1000bafc       0x3c CMakeFiles/benchmark.dir/Users/rocksonqwerty/dev/pico/pico-sdk/src/rp2_common/pico_cyw43_driver/cyw43_bus_pio_spi.c.obj
                0x1000bafc                read_reg_u32_swap
 .text.cyw43_read_reg_u32
                0x1000bb38       0x54 CMakeFiles/benchmark.dir/Users/rocksonqwerty/dev/pico/pico-sdk/src/rp2_common/pico_cyw43_driver/cyw43_bus_pio_spi.c.obj
                0x1000bb38                cyw43_read_reg_u32
 .text.cyw43_read_reg_u16
                0x1000bb8c       0x54 CMakeFiles/benchmark.dir/Users/rocksonqwerty/dev/pico/pico-sdk/src/rp2_common/pico_cyw43_driver/cyw43_bus_pio_spi.c.obj
                0x1000bb8c                cyw43_read_reg_u16
 .text.cyw43_read_reg_u8
                0x1000bbe0       0x54 CMakeFiles/benchmark.dir/Users/rocksonqwerty/dev/pico/pico-sdk/src/rp2_common/pico_cyw43_driver/cyw43_bus_pio_spi.c.obj
                0x1000bbe0                cyw43_read_reg_u8
 .text.write_reg_u32_swap
                0x1000bc34      0x1e8 CMakeFiles/benchmark.dir/Users/rocksonqwerty/dev/pico/pico-sdk/src/rp2_common/pico_cyw43_driver/cyw43_bus_pio_spi.c.obj
                0x1000bc34                write_reg_u32_swap
 .text.cyw43_write_reg_u32
                0x1000be1c      0x208 CMakeFiles/benchmark.dir/Users/rocksonqwerty/dev/pico/pico-sdk/src/rp2_common/pico_cyw43_driver/cyw43_bus_pio_spi.c.obj
                0x1000be1c                cyw43_write_reg_u32
 .text.cyw43_write_reg_u16
                0x1000c024      0x208 CMakeFiles/benchmark.dir/Users/rocksonqwerty/dev/pico/pico-sdk/src/rp2_common/pico_cyw43_driver/cyw43_bus_pio_spi.c.obj
                0x1000c024                cyw43_write_reg_u16
 .text.cyw43_write_reg_u8
                0x1000c22c      0x208 CMakeFiles/benchmark.dir/Users/rocksonqwerty/dev/pico/pico-sdk/src/rp2_common/pico_cyw43_driver/cyw43_bus_pio_spi.c.obj
                0x1000c22c                cyw43_write_reg_u8
 .text.cyw43_read_bytes
                0x1000c434       0x78 CMakeFiles/benchmark.dir/Users/rocksonqwerty/dev/pico/pico-sdk/src/rp2_common/pico_cyw43_driver/cyw43_bus_pio_spi.c.obj
                0x1000c434                cyw43_read_bytes
 .text.cyw43_write_bytes
                0x1000c4ac       0xc4 CMakeFiles/benchmark.dir/Users/rocksonqwerty/dev/pico/pico-sdk/src/rp2_common/pico_cyw43_driver/cyw43_bus_pio_spi.c.obj
                0x1000c4ac                cyw43_write_bytes
 .text.cyw43_set_backplane_window
                0x1000c570       0x68 CMakeFiles/benchmark.dir/Users/rocksonqwerty/dev/pico/pico-sdk/lib/cyw43-driver/src/cyw43_ll.c.obj
 .text.cyw43_ll_parse_async_event
                0x1000c5d8      0x134 CMakeFiles/benchmark.dir/Users/rocksonqwerty/dev/pico/pico-sdk/lib/cyw43-driver/src/cyw43_ll.c.obj
 .text.cyw43_kso_set
                0x1000c70c       0x80 CMakeFiles/benchmark.dir/Users/rocksonqwerty/dev/pico/pico-sdk/lib/cyw43-driver/src/cyw43_ll.c.obj
 .text.cyw43_ll_sdpcm_poll_device
                0x1000c78c      0x238 CMakeFiles/benchmark.dir/Users/rocksonqwerty/dev/pico/pico-sdk/lib/cyw43-driver/src/cyw43_ll.c.obj
 .text.cyw43_sdpcm_send_common
                0x1000c9c4       0xf4 CMakeFiles/benchmark.dir/Users/rocksonqwerty/dev/pico/pico-sdk/lib/cyw43-driver/src/cyw43_ll.c.obj
 .text.cyw43_do_ioctl
                0x1000cab8      0x110 CMakeFiles/benchmark.dir/Users/rocksonqwerty/dev/pico/pico-sdk/lib/cyw43-driver/src/cyw43_ll.c.obj
 .text.cyw43_do_ioctl.constprop.0
                0x1000cbc8      0x108 CMakeFiles/benchmark.dir/Users/rocksonqwerty/dev/pico/pico-sdk/lib/cyw43-driver/src/cyw43_ll.c.obj
 .text.cyw43_read_backplane.constprop.0
                0x1000ccd0       0xe4 CMakeFiles/benchmark.dir/Users/rocksonqwerty/dev/pico/pico-sdk/lib/cyw43-driver/src/cyw43_ll.c.obj
 .text.reset_device_core.constprop.0
                0x1000cdb4      0x410 CMakeFiles/benchmark.dir/Users/rocksonqwerty/dev/pico/pico-sdk/lib/cyw43-driver/src/cyw43_ll.c.obj
 .text.cyw43_ll_init
                0x1000d1c4       0x1c CMakeFiles/benchmark.dir/Users/rocksonqwerty/dev/pico/pico-sdk/lib/cyw43-driver/src/cyw43_ll.c.obj
                0x1000d1c4                cyw43_ll_init
 .text.cyw43_ll_deinit
                0x1000d1e0        0x8 CMakeFiles/benchmark.dir/Users/rocksonqwerty/dev/pico/pico-sdk/lib/cyw43-driver/src/cyw43_ll.c.obj
                0x1000d1e0                cyw43_ll_deinit
 .text.cyw43_ll_process_packets
                0x1000d1e8       0x54 CMakeFiles/benchmark.dir/Users/rocksonqwerty/dev/pico/pico-sdk/lib/cyw43-driver/src/cyw43_ll.c.obj
                0x1000d1e8                cyw43_ll_process_packets
 .text.cyw43_ll_ioctl
                0x1000d23c       0x20 CMakeFiles/benchmark.dir/Users/rocksonqwerty/dev/pico/pico-sdk/lib/cyw43-driver/src/cyw43_ll.c.obj
                0x1000d23c                cyw43_ll_ioctl
 .text.cyw43_ll_bus_sleep
                0x1000d25c       0x34 CMakeFiles/benchmark.dir/Users/rocksonqwerty/dev/pico/pico-sdk/lib/cyw43-driver/src/cyw43_ll.c.obj
                0x1000d25c                cyw43_ll_bus_sleep
 .text.cyw43_ll_bus_init
                0x1000d290      0xbd0 CMakeFiles/benchmark.dir/Users/rocksonqwerty/dev/pico/pico-sdk/lib/cyw43-driver/src/cyw43_ll.c.obj
                0x1000d290                cyw43_ll_bus_init
 .text.cyw43_ll_wifi_get_mac
                0x1000de60       0x40 CMakeFiles/benchmark.dir/Users/rocksonqwerty/dev/pico/pico-sdk/lib/cyw43-driver/src/cyw43_ll.c.obj
                0x1000de60                cyw43_ll_wifi_get_mac
 .text.cyw43_ll_wifi_set_wpa_auth
                0x1000dea0       0x2c CMakeFiles/benchmark.dir/Users/rocksonqwerty/dev/pico/pico-sdk/lib/cyw43-driver/src/cyw43_ll.c.obj
                0x1000dea0                cyw43_ll_wifi_set_wpa_auth
 .text.cyw43_ll_wifi_rejoin
                0x1000decc       0x1c CMakeFiles/benchmark.dir/Users/rocksonqwerty/dev/pico/pico-sdk/lib/cyw43-driver/src/cyw43_ll.c.obj
                0x1000decc                cyw43_ll_wifi_rejoin
 .text.cyw43_ll_gpio_set
                0x1000dee8       0x68 CMakeFiles/benchmark.dir/Users/rocksonqwerty/dev/pico/pico-sdk/lib/cyw43-driver/src/cyw43_ll.c.obj
                0x1000dee8                cyw43_ll_gpio_set
 .text.cyw43_ll_has_work
                0x1000df50       0x14 CMakeFiles/benchmark.dir/Users/rocksonqwerty/dev/pico/pico-sdk/lib/cyw43-driver/src/cyw43_ll.c.obj
                0x1000df50                cyw43_ll_has_work
 .text.cyw43_poll_func
                0x1000df64       0xc0 CMakeFiles/benchmark.dir/Users/rocksonqwerty/dev/pico/pico-sdk/lib/cyw43-driver/src/cyw43_ctrl.c.obj
 .text.cyw43_init
                0x1000e024       0x6c CMakeFiles/benchmark.dir/Users/rocksonqwerty/dev/pico/pico-sdk/lib/cyw43-driver/src/cyw43_ctrl.c.obj
                0x1000e024                cyw43_init
 .text.cyw43_deinit
                0x1000e090       0x90 CMakeFiles/benchmark.dir/Users/rocksonqwerty/dev/pico/pico-sdk/lib/cyw43-driver/src/cyw43_ctrl.c.obj
                0x1000e090                cyw43_deinit
 .text.cyw43_cb_read_host_interrupt_pin
                0x1000e120        0xc CMakeFiles/benchmark.dir/Users/rocksonqwerty/dev/pico/pico-sdk/lib/cyw43-driver/src/cyw43_ctrl.c.obj
                0x1000e120                cyw43_cb_read_host_interrupt_pin
 .text.cyw43_cb_ensure_awake
                0x1000e12c        0xc CMakeFiles/benchmark.dir/Users/rocksonqwerty/dev/pico/pico-sdk/lib/cyw43-driver/src/cyw43_ctrl.c.obj
                0x1000e12c                cyw43_cb_ensure_awake
 .text.cyw43_cb_process_async_event
                0x1000e138      0x214 CMakeFiles/benchmark.dir/Users/rocksonqwerty/dev/pico/pico-sdk/lib/cyw43-driver/src/cyw43_ctrl.c.obj
                0x1000e138                cyw43_cb_process_async_event
 .text.cyw43_gpio_set
                0x1000e34c       0xa0 CMakeFiles/benchmark.dir/Users/rocksonqwerty/dev/pico/pico-sdk/lib/cyw43-driver/src/cyw43_ctrl.c.obj
                0x1000e34c                cyw43_gpio_set
 .text.pio_sm_unclaim
                0x1000e3ec       0x20 CMakeFiles/benchmark.dir/Users/rocksonqwerty/dev/pico/pico-sdk/src/rp2_common/hardware_pio/pio.c.obj
                0x1000e3ec                pio_sm_unclaim
 .text.pio_claim_unused_sm
                0x1000e40c       0x3c CMakeFiles/benchmark.dir/Users/rocksonqwerty/dev/pico/pico-sdk/src/rp2_common/hardware_pio/pio.c.obj
                0x1000e40c                pio_claim_unused_sm
 .text.pio_can_add_program
                0x1000e448       0x68 CMakeFiles/benchmark.dir/Users/rocksonqwerty/dev/pico/pico-sdk/src/rp2_common/hardware_pio/pio.c.obj
                0x1000e448                pio_can_add_program
 .text.pio_add_program
                0x1000e4b0       0xf0 CMakeFiles/benchmark.dir/Users/rocksonqwerty/dev/pico/pico-sdk/src/rp2_common/hardware_pio/pio.c.obj
                0x1000e4b0                pio_add_program
 .text.pio_remove_program
                0x1000e5a0       0x34 CMakeFiles/benchmark.dir/Users/rocksonqwerty/dev/pico/pico-sdk/src/rp2_common/hardware_pio/pio.c.obj
                0x1000e5a0                pio_remove_program
 .text.pio_sm_set_pindirs_with_mask
                0x1000e5d4       0xa8 CMakeFiles/benchmark.dir/Users/rocksonqwerty/dev/pico/pico-sdk/src/rp2_common/hardware_pio/pio.c.obj
                0x1000e5d4                pio_sm_set_pindirs_with_mask
 .text.pio_sm_set_consecutive_pindirs
                0x1000e67c       0xa8 CMakeFiles/benchmark.dir/Users/rocksonqwerty/dev/pico/pico-sdk/src/rp2_common/hardware_pio/pio.c.obj
                0x1000e67c                pio_sm_set_consecutive_pindirs
 .text.dma_channel_unclaim
                0x1000e724       0x14 CMakeFiles/benchmark.dir/Users/rocksonqwerty/dev/pico/pico-sdk/src/rp2_common/hardware_dma/dma.c.obj
                0x1000e724                dma_channel_unclaim
 .text.dma_claim_unused_channel
                0x1000e738       0x24 CMakeFiles/benchmark.dir/Users/rocksonqwerty/dev/pico/pico-sdk/src/rp2_common/hardware_dma/dma.c.obj
                0x1000e738                dma_claim_unused_channel
 .text.dma_channel_cleanup
                0x1000e75c       0x60 CMakeFiles/benchmark.dir/Users/rocksonqwerty/dev/pico/pico-sdk/src/rp2_common/hardware_dma/dma.c.obj
                0x1000e75c                dma_channel_cleanup
 .text.cyw43_sleep_timeout_reached
                0x1000e7bc       0x10 CMakeFiles/benchmark.dir/Users/rocksonqwerty/dev/pico/pico-sdk/src/rp2_common/pico_cyw43_driver/cyw43_driver.c.obj
 .text.cyw43_irq_init
                0x1000e7cc       0x28 CMakeFiles/benchmark.dir/Users/rocksonqwerty/dev/pico/pico-sdk/src/rp2_common/pico_cyw43_driver/cyw43_driver.c.obj
                0x1000e7cc                cyw43_irq_init
 .text.cyw43_irq_deinit
                0x1000e7f4       0x20 CMakeFiles/benchmark.dir/Users/rocksonqwerty/dev/pico/pico-sdk/src/rp2_common/pico_cyw43_driver/cyw43_driver.c.obj
                0x1000e7f4                cyw43_irq_deinit
 .text.cyw43_gpio_irq_handler
                0x1000e814       0x44 CMakeFiles/benchmark.dir/Users/rocksonqwerty/dev/pico/pico-sdk/src/rp2_common/pico_cyw43_driver/cyw43_driver.c.obj
 .text.cyw43_do_poll
                0x1000e858       0x70 CMakeFiles/benchmark.dir/Users/rocksonqwerty/dev/pico/pico-sdk/src/rp2_common/pico_cyw43_driver/cyw43_driver.c.obj
 .text.cyw43_post_poll_hook
                0x1000e8c8       0x10 CMakeFiles/benchmark.dir/Users/rocksonqwerty/dev/pico/pico-sdk/src/rp2_common/pico_cyw43_driver/cyw43_driver.c.obj
                0x1000e8c8                cyw43_post_poll_hook
 .text.cyw43_schedule_internal_poll_dispatch
                0x1000e8d8       0x18 CMakeFiles/benchmark.dir/Users/rocksonqwerty/dev/pico/pico-sdk/src/rp2_common/pico_cyw43_driver/cyw43_driver.c.obj
                0x1000e8d8                cyw43_schedule_internal_poll_dispatch
 .text.cyw43_driver_init
                0x1000e8f0       0x38 CMakeFiles/benchmark.dir/Users/rocksonqwerty/dev/pico/pico-sdk/src/rp2_common/pico_cyw43_driver/cyw43_driver.c.obj
                0x1000e8f0                cyw43_driver_init
 .text.cyw43_driver_deinit
                0x1000e928       0x44 CMakeFiles/benchmark.dir/Users/rocksonqwerty/dev/pico/pico-sdk/src/rp2_common/pico_cyw43_driver/cyw43_driver.c.obj
                0x1000e928                cyw43_driver_deinit
 .text.cyw43_hal_generate_laa_mac
                0x1000e96c       0x28 CMakeFiles/benchmark.dir/Users/rocksonqwerty/dev/pico/pico-sdk/src/rp2_common/pico_cyw43_driver/cyw43_driver.c.obj
                0x1000e96c                cyw43_hal_generate_laa_mac
 .text.cyw43_thread_enter
                0x1000e994       0x14 CMakeFiles/benchmark.dir/Users/rocksonqwerty/dev/pico/pico-sdk/src/rp2_common/pico_cyw43_driver/cyw43_driver.c.obj
                0x1000e994                cyw43_thread_enter
 .text.cyw43_thread_exit
                0x1000e9a8       0x14 CMakeFiles/benchmark.dir/Users/rocksonqwerty/dev/pico/pico-sdk/src/rp2_common/pico_cyw43_driver/cyw43_driver.c.obj
                0x1000e9a8                cyw43_thread_exit
 .text.cyw43_await_background_or_timeout_us
                0x1000e9bc       0x34 CMakeFiles/benchmark.dir/Users/rocksonqwerty/dev/pico/pico-sdk/src/rp2_common/pico_cyw43_driver/cyw43_driver.c.obj
                0x1000e9bc                cyw43_await_background_or_timeout_us
 .text.cyw43_delay_ms
                0x1000e9f0       0x48 CMakeFiles/benchmark.dir/Users/rocksonqwerty/dev/pico/pico-sdk/src/rp2_common/pico_cyw43_driver/cyw43_driver.c.obj
                0x1000e9f0                cyw43_delay_ms
 .text.cyw43_cb_tcpip_deinit
                0x1000ea38        0x4 CMakeFiles/benchmark.dir/Users/rocksonqwerty/dev/pico/pico-sdk/src/rp2_common/pico_cyw43_driver/cyw43_driver.c.obj
                0x1000ea38                cyw43_cb_tcpip_deinit
 .text.cyw43_cb_tcpip_set_link_up
                0x1000ea3c        0xc CMakeFiles/benchmark.dir/Users/rocksonqwerty/dev/pico/pico-sdk/src/rp2_common/pico_cyw43_driver/cyw43_driver.c.obj
                0x1000ea3c                cyw43_cb_tcpip_set_link_up
 .text.cyw43_cb_tcpip_set_link_down
                0x1000ea48        0xc CMakeFiles/benchmark.dir/Users/rocksonqwerty/dev/pico/pico-sdk/src/rp2_common/pico_cyw43_driver/cyw43_driver.c.obj
                0x1000ea48                cyw43_cb_tcpip_set_link_down
 .text.cyw43_cb_process_ethernet
                0x1000ea54        0xc CMakeFiles/benchmark.dir/Users/rocksonqwerty/dev/pico/pico-sdk/src/rp2_common/pico_cyw43_driver/cyw43_driver.c.obj
                0x1000ea54                cyw43_cb_process_ethernet
 .text.async_context_threadsafe_background_acquire_lock_blocking
                0x1000ea60        0xc CMakeFiles/benchmark.dir/Users/rocksonqwerty/dev/pico/pico-sdk/src/rp2_common/pico_async_context/async_context_threadsafe_background.c.obj
 .text.alarm_handler
                0x1000ea6c       0x20 CMakeFiles/benchmark.dir/Users/rocksonqwerty/dev/pico/pico-sdk/src/rp2_common/pico_async_context/async_context_threadsafe_background.c.obj
 .text.async_context_threadsafe_background_set_work_pending
                0x1000ea8c       0x1c CMakeFiles/benchmark.dir/Users/rocksonqwerty/dev/pico/pico-sdk/src/rp2_common/pico_async_context/async_context_threadsafe_background.c.obj
 .text.process_under_lock
                0x1000eaa8       0xcc CMakeFiles/benchmark.dir/Users/rocksonqwerty/dev/pico/pico-sdk/src/rp2_common/pico_async_context/async_context_threadsafe_background.c.obj
 .text.async_context_threadsafe_background_execute_sync
                0x1000eb74       0x30 CMakeFiles/benchmark.dir/Users/rocksonqwerty/dev/pico/pico-sdk/src/rp2_common/pico_async_context/async_context_threadsafe_background.c.obj
                0x1000eb74                async_context_threadsafe_background_execute_sync
 .text.async_context_threadsafe_background_deinit
                0x1000eba4       0x54 CMakeFiles/benchmark.dir/Users/rocksonqwerty/dev/pico/pico-sdk/src/rp2_common/pico_async_context/async_context_threadsafe_background.c.obj
 .text.low_priority_irq_handler
                0x1000ebf8       0x3c CMakeFiles/benchmark.dir/Users/rocksonqwerty/dev/pico/pico-sdk/src/rp2_common/pico_async_context/async_context_threadsafe_background.c.obj
 .text.async_context_threadsafe_background_wait_for_work_until
                0x1000ec34        0xc CMakeFiles/benchmark.dir/Users/rocksonqwerty/dev/pico/pico-sdk/src/rp2_common/pico_async_context/async_context_threadsafe_background.c.obj
 .text.async_context_threadsafe_background_wait_until
                0x1000ec40       0x1c CMakeFiles/benchmark.dir/Users/rocksonqwerty/dev/pico/pico-sdk/src/rp2_common/pico_async_context/async_context_threadsafe_background.c.obj
 .text.async_context_threadsafe_background_lock_check
                0x1000ec5c       0x28 CMakeFiles/benchmark.dir/Users/rocksonqwerty/dev/pico/pico-sdk/src/rp2_common/pico_async_context/async_context_threadsafe_background.c.obj
 .text.async_context_threadsafe_background_release_lock
                0x1000ec84       0x1c CMakeFiles/benchmark.dir/Users/rocksonqwerty/dev/pico/pico-sdk/src/rp2_common/pico_async_context/async_context_threadsafe_background.c.obj
 .text.async_context_threadsafe_background_add_at_time_worker
                0x1000eca0       0x34 CMakeFiles/benchmark.dir/Users/rocksonqwerty/dev/pico/pico-sdk/src/rp2_common/pico_async_context/async_context_threadsafe_background.c.obj
 .text.async_context_threadsafe_background_remove_at_time_worker
                0x1000ecd4       0x34 CMakeFiles/benchmark.dir/Users/rocksonqwerty/dev/pico/pico-sdk/src/rp2_common/pico_async_context/async_context_threadsafe_background.c.obj
 .text.async_context_threadsafe_background_add_when_pending_worker
                0x1000ed08       0x34 CMakeFiles/benchmark.dir/Users/rocksonqwerty/dev/pico/pico-sdk/src/rp2_common/pico_async_context/async_context_threadsafe_background.c.obj
 .text.async_context_threadsafe_background_when_pending_worker
                0x1000ed3c       0x34 CMakeFiles/benchmark.dir/Users/rocksonqwerty/dev/pico/pico-sdk/src/rp2_common/pico_async_context/async_context_threadsafe_background.c.obj
 .text.async_context_threadsafe_background_default_config
                0x1000ed70        0xc CMakeFiles/benchmark.dir/Users/rocksonqwerty/dev/pico/pico-sdk/src/rp2_common/pico_async_context/async_context_threadsafe_background.c.obj
                0x1000ed70                async_context_threadsafe_background_default_config
 .text.async_context_threadsafe_background_init
                0x1000ed7c       0x8c CMakeFiles/benchmark.dir/Users/rocksonqwerty/dev/pico/pico-sdk/src/rp2_common/pico_async_context/async_context_threadsafe_background.c.obj
                0x1000ed7c                async_context_threadsafe_background_init
 .text.async_context_base_add_at_time_worker
                0x1000ee08       0x24 CMakeFiles/benchmark.dir/Users/rocksonqwerty/dev/pico/pico-sdk/src/rp2_common/pico_async_context/async_context_base.c.obj
                0x1000ee08                async_context_base_add_at_time_worker
 .text.async_context_base_remove_at_time_worker
                0x1000ee2c       0x28 CMakeFiles/benchmark.dir/Users/rocksonqwerty/dev/pico/pico-sdk/src/rp2_common/pico_async_context/async_context_base.c.obj
                0x1000ee2c                async_context_base_remove_at_time_worker
 .text.async_context_base_add_when_pending_worker
                0x1000ee54       0x24 CMakeFiles/benchmark.dir/Users/rocksonqwerty/dev/pico/pico-sdk/src/rp2_common/pico_async_context/async_context_base.c.obj
                0x1000ee54                async_context_base_add_when_pending_worker
 .text.async_context_base_remove_when_pending_worker
                0x1000ee78       0x28 CMakeFiles/benchmark.dir/Users/rocksonqwerty/dev/pico/pico-sdk/src/rp2_common/pico_async_context/async_context_base.c.obj
                0x1000ee78                async_context_base_remove_when_pending_worker
 .text.async_context_base_execute_once
                0x1000eea0      0x108 CMakeFiles/benchmark.dir/Users/rocksonqwerty/dev/pico/pico-sdk/src/rp2_common/pico_async_context/async_context_base.c.obj
                0x1000eea0                async_context_base_execute_once
 .text.splitmix64
                0x1000efa8       0x58 CMakeFiles/benchmark.dir/Users/rocksonqwerty/dev/pico/pico-sdk/src/rp2_common/pico_rand/rand.c.obj
 .text.xoroshiro128ss
                0x1000f000       0x90 CMakeFiles/benchmark.dir/Users/rocksonqwerty/dev/pico/pico-sdk/src/rp2_common/pico_rand/rand.c.obj
 .text.get_rand_64
                0x1000f090      0x4a4 CMakeFiles/benchmark.dir/Users/rocksonqwerty/dev/pico/pico-sdk/src/rp2_common/pico_rand/rand.c.obj
                0x1000f090                get_rand_64
 .text.get_rand_32
                0x1000f534        0x8 CMakeFiles/benchmark.dir/Users/rocksonqwerty/dev/pico/pico-sdk/src/rp2_common/pico_rand/rand.c.obj
                0x1000f534                get_rand_32
 .text          0x1000f53c     0x7918 libwolfssl.a(aes.c.obj)
                0x10012890                wc_AesSetKey
                0x100128b0                wc_AesSetIV
                0x100128d4                wc_AesCbcEncrypt
                0x10012b20                wc_AesCbcDecrypt
                0x10013f08                GenerateM0
                0x10015b28                wc_AesGcmSetKey
                0x10015b8c                GHASH
                0x10015ba8                wc_AesGcmEncrypt
                0x10016258                wc_AesGcmDecrypt
                0x100167e8                wc_AesGcmSetExtIV
                0x10016834                wc_AesGcmSetIV
                0x100168a8                wc_AesGcmEncrypt_ex
                0x10016970                wc_Gmac
                0x10016a60                wc_GmacVerify
                0x10016b08                wc_GmacSetKey
                0x10016b70                wc_GmacUpdate
                0x10016e08                wc_AesInit
                0x10016e1c                wc_AesFree
                0x10016e20                wc_AesGetKeySize
 .text          0x10016e54     0x99cc libwolfssl.a(asn.c.obj)
                0x10017524                SetASNLength
                0x1001756c                GetLength
                0x10017600                GetLength_ex
                0x10017694                GetASNTag
                0x100176c0                GetSequence
                0x1001775c                GetSequence_ex
                0x10017804                GetSet
                0x100178a0                GetSet_ex
                0x10017948                GetOctetString
                0x100179e4                GetASNInt
                0x10017abc                GetSigName
                0x10017bb8                SetASNInt
                0x10017c74                GetMyVersion
                0x10017cac                GetInt
                0x10017d98                CheckBitString
                0x10017e90                SetBitString
                0x10017efc                OidFromId
                0x100184dc                GetASNObjectId
                0x1001857c                SetObjectId
                0x100185e0                GetObjectId
                0x100187bc                GetAlgoId
                0x10018be0                ToTraditionalInline_ex
                0x10019064                wc_RsaPrivateKeyDecode
                0x10019080                wc_RsaPrivateKeyValidate
                0x1001913c                ToTraditionalInline
                0x1001914c                ToTraditional_ex
                0x10019190                ToTraditional
                0x100191d4                wc_GetPkcs8TraditionalOffset
                0x100191f8                wc_RsaPublicKeyDecode_ex
                0x10019358                wc_DhKeyDecode
                0x10019424                wc_DhParamsLoad
                0x10019524                InitDecodedCert
                0x1001957c                InitDecodedCert_ex
                0x100195d0                wc_InitDecodedCert
                0x10019628                FreeAltNames
                0x1001965c                AltNameNew
                0x10019668                FreeNameSubtrees
                0x1001969c                HashIdAlg
                0x100196a0                CalcHashId
                0x100196a8                CalcHashId_ex
                0x100196bc                GetName
                0x10019bc8                ExtractDate
                0x10019d6c                DateGreaterThan
                0x10019dc8                wc_ValidateDate
                0x1001a028                wc_GetTime
                0x1001a05c                wc_SetTimeCb
                0x1001a068                wc_Time
                0x1001a080                wc_GetDateInfo
                0x1001a154                wc_GetDateAsCalendarTime
                0x1001a344                wc_GetPubX509
                0x1001a510                DecodeToKey
                0x1001a868                SetLength
                0x1001a8d0                SetSequence
                0x1001a94c                SetOctetString
                0x1001a9c8                SetSet
                0x1001aa44                SetImplicit
                0x1001aad0                SetExplicit
                0x1001ab50                SetAlgoID
                0x1001ad20                wc_EccPublicKeyToDer_ex
                0x1001af88                SetAsymKeyDerPublic
                0x1001b0e8                wc_Ed25519PublicKeyToDer
                0x1001b128                wc_Ed448PublicKeyToDer
                0x1001b168                wc_CreatePKCS8Key
                0x1001b3b0                wc_EccPublicKeyDerSize
                0x1001b450                wc_EccPublicKeyToDer
                0x1001b6c4                wc_EncodeSignature
                0x1001b76c                wc_GetCTC_HashOID
                0x1001b780                InitSignatureCtx
                0x1001b79c                FreeSignatureCtx
                0x1001b834                FreeDecodedCert
                0x1001b96c                wc_FreeDecodedCert
                0x1001b974                wc_CertGetPubKey
                0x1001ba14                MakeSigner
                0x1001ba20                FreeSigner
                0x1001baa0                FreeSignerTable
                0x1001bb5c                SetSerialNumber
                0x1001bcac                SetMyVersion
                0x1001bce4                wc_GetSerialNumber
                0x1001be0c                AllocDer
                0x1001be68                FreeDer
                0x1001bea0                wc_AllocDer
                0x1001befc                wc_FreeDer
                0x1001bf34                wc_PemGetHeaderFooter
                0x1001c080                PemToDer
                0x1001c2fc                wc_PemToDer
                0x1001c364                wc_KeyPemToDer
                0x1001c418                wc_CertPemToDer
                0x1001c4b0                wc_GetPubKeyDerFromCert
                0x1001c4f8                StoreECC_DSA_Sig
                0x1001c5e8                StoreECC_DSA_Sig_Bin
                0x1001c7f0                DecodeECC_DSA_Sig_Bin
                0x1001c900                DecodeECC_DSA_Sig
                0x1001ca18                DecodeECC_DSA_Sig_Ex
                0x1001cb4c                wc_EccPrivateKeyDecode
                0x1001cd6c                wc_EccPublicKeyDecode
                0x1001cf10                wc_BuildEccKeyDer
                0x1001d298                wc_EccKeyToDer
                0x1001d2ac                wc_EccKeyDerSize
                0x1001d2d0                wc_EccPrivateKeyToDer
                0x1001d2e8                wc_EccPrivateKeyToPKCS8
                0x1001d3c8                wc_EccKeyToPKCS8
                0x1001d4a8                DecodeAsymKey
                0x1001d63c                DecodeAsymKeyPublic
                0x1001d6f4                wc_Ed25519PrivateKeyDecode
                0x1001d870                wc_Ed25519PublicKeyDecode
                0x1001d924                wc_Curve25519PrivateKeyDecode
                0x1001da18                wc_Curve25519PublicKeyDecode
                0x1001dac8                SetAsymKeyDer
                0x1001dcb0                wc_Ed25519KeyToDer
                0x1001dcdc                wc_Ed25519PrivateKeyToDer
                0x1001ddc8                wc_Curve25519PrivateKeyToDer
                0x1001de04                wc_Curve25519PublicKeyToDer
                0x1001de44                wc_Ed448PrivateKeyDecode
                0x1001dfc0                wc_Ed448PublicKeyDecode
                0x1001e074                wc_Curve448PrivateKeyDecode
                0x1001e168                wc_Curve448PublicKeyDecode
                0x1001e218                wc_Ed448KeyToDer
                0x1001e244                wc_Ed448PrivateKeyToDer
                0x1001e330                wc_Curve448PrivateKeyToDer
                0x1001e36c                wc_Curve448PublicKeyToDer
                0x1001e3ac                GetNameHash
                0x1001e498                GetNameHash_ex
                0x1001e584                wc_RsaPublicKeyDecodeRaw
                0x1001e614                wc_RsaPublicKeyDecode
                0x1001e770                ParseCertRelative
                0x10020438                ParseCert
                0x100204c8                wc_ParseCert
                0x10020558                wc_CheckPrivateKey
                0x100207fc                wc_CheckPrivateKeyCert
 .text          0x10020820      0xf6c libwolfssl.a(chacha.c.obj)
                0x10021648                wc_Chacha_SetIV
                0x10021680                wc_Chacha_SetKey
                0x1002173c                wc_Chacha_Process
                0x10021760                wc_Chacha_purge_current_block
 .text          0x1002178c      0x5bc libwolfssl.a(chacha20_poly1305.c.obj)
                0x1002178c                wc_ChaCha20Poly1305_CheckTag
                0x10021828                wc_ChaCha20Poly1305_Init
                0x100218c0                wc_ChaCha20Poly1305_UpdateAad
                0x10021924                wc_ChaCha20Poly1305_UpdateData
                0x100219e0                wc_ChaCha20Poly1305_Final
                0x10021a64                wc_ChaCha20Poly1305_Encrypt
                0x10021b7c                wc_ChaCha20Poly1305_Decrypt
 .text          0x10021d48      0xda4 libwolfssl.a(coding.c.obj)
                0x10021e44                Base64_SkipNewline
                0x10021ed8                Base64_Decode
                0x100221b0                Base64_Encode
                0x10022434                Base64_EncodeEsc
                0x10022878                Base64_Encode_NoNl
 .text          0x10022aec      0x80c libwolfssl.a(curve25519.c.obj)
                0x10022aec                wc_curve25519_make_pub
                0x10022b28                wc_curve25519_generic
                0x10022b6c                wc_curve25519_make_priv
                0x10022ba8                wc_curve25519_make_key
                0x10022c18                wc_curve25519_shared_secret_ex
                0x10022cc8                wc_curve25519_shared_secret
                0x10022cd8                wc_curve25519_export_public_ex
                0x10022d94                wc_curve25519_export_public
                0x10022da0                wc_curve25519_import_public
                0x10022de8                wc_curve25519_import_public_ex
                0x10022e40                wc_curve25519_check_public
                0x10022ef8                wc_curve25519_export_private_raw
                0x10022f38                wc_curve25519_export_private_raw_ex
                0x10022f90                wc_curve25519_export_key_raw
                0x10022fdc                wc_curve25519_export_key_raw_ex
                0x10023050                wc_curve25519_import_private_raw
                0x100230e0                wc_curve25519_import_private_raw_ex
                0x1002319c                wc_curve25519_import_private
                0x100231fc                wc_curve25519_import_private_ex
                0x1002326c                wc_curve25519_init_ex
                0x10023290                wc_curve25519_init
                0x100232b4                wc_curve25519_free
                0x100232e8                wc_curve25519_size
 .text          0x100232f8      0x700 libwolfssl.a(curve448.c.obj)
                0x100232f8                wc_curve448_make_pub
                0x1002333c                wc_curve448_make_key
                0x100233e8                wc_curve448_shared_secret_ex
                0x10023478                wc_curve448_shared_secret
                0x10023488                wc_curve448_export_public_ex
                0x10023530                wc_curve448_export_public
                0x1002353c                wc_curve448_import_public
                0x10023578                wc_curve448_import_public_ex
                0x100235c4                wc_curve448_check_public
                0x10023678                wc_curve448_export_private_raw
                0x100236b4                wc_curve448_export_private_raw_ex
                0x10023708                wc_curve448_export_key_raw
                0x10023754                wc_curve448_export_key_raw_ex
                0x100237b8                wc_curve448_import_private_raw
                0x10023834                wc_curve448_import_private_raw_ex
                0x100238e4                wc_curve448_import_private
                0x10023938                wc_curve448_import_private_ex
                0x100239a0                wc_curve448_init