Archive member included to satisfy reference by file (symbol)

libwolfssl.a(ssl.c.obj)       CMakeFiles/testwolfcrypt.dir/src/test_main.c.obj (wolfSSL_Init)
libwolfssl.a(tls.c.obj)       libwolfssl.a(ssl.c.obj) (MakeTLSv1_2)
libwolfssl.a(tls13.c.obj)     libwolfssl.a(ssl.c.obj) (wolfSSL_connect_TLSv13)
libwolfssl.a(aes.c.obj)       CMakeFiles/testwolfcrypt.dir/Users/rocksonqwerty/wolfssl/wolfcrypt/test/test.c.obj (wc_AesSetKey)
libwolfssl.a(asn.c.obj)       libwolfssl.a(ssl.c.obj) (GetSequence)
libwolfssl.a(chacha.c.obj)    CMakeFiles/testwolfcrypt.dir/Users/rocksonqwerty/wolfssl/wolfcrypt/test/test.c.obj (wc_Chacha_SetIV)
libwolfssl.a(chacha20_poly1305.c.obj)
                              CMakeFiles/testwolfcrypt.dir/Users/rocksonqwerty/wolfssl/wolfcrypt/test/test.c.obj (wc_ChaCha20Poly1305_CheckTag)
libwolfssl.a(coding.c.obj)    CMakeFiles/testwolfcrypt.dir/Users/rocksonqwerty/wolfssl/wolfcrypt/test/test.c.obj (Base64_Decode)
libwolfssl.a(curve25519.c.obj)
                              CMakeFiles/testwolfcrypt.dir/Users/rocksonqwerty/wolfssl/wolfcrypt/test/test.c.obj (wc_curve25519_make_key)
libwolfssl.a(curve448.c.obj)  CMakeFiles/testwolfcrypt.dir/Users/rocksonqwerty/wolfssl/wolfcrypt/test/test.c.obj (wc_curve448_make_key)
libwolfssl.a(dh.c.obj)        CMakeFiles/testwolfcrypt.dir/Users/rocksonqwerty/wolfssl/wolfcrypt/test/test.c.obj (wc_Dh_ffdhe2048_Get)
libwolfssl.a(ecc.c.obj)       libwolfssl.a(ssl.c.obj) (wc_ecc_get_name)
libwolfssl.a(ed25519.c.obj)   CMakeFiles/testwolfcrypt.dir/Users/rocksonqwerty/wolfssl/wolfcrypt/test/test.c.obj (wc_ed25519_make_key)
libwolfssl.a(ed448.c.obj)     CMakeFiles/testwolfcrypt.dir/Users/rocksonqwerty/wolfssl/wolfcrypt/test/test.c.obj (wc_ed448_make_key)
libwolfssl.a(error.c.obj)     CMakeFiles/testwolfcrypt.dir/Users/rocksonqwerty/wolfssl/wolfcrypt/test/test.c.obj (wc_GetErrorString)
libwolfssl.a(fe_448.c.obj)    libwolfssl.a(curve448.c.obj) (fe448_init)
libwolfssl.a(fe_operations.c.obj)
                              libwolfssl.a(curve25519.c.obj) (fe_init)
libwolfssl.a(ge_448.c.obj)    libwolfssl.a(ed448.c.obj) (sc448_reduce)
libwolfssl.a(ge_operations.c.obj)
                              libwolfssl.a(ed25519.c.obj) (sc_reduce)
libwolfssl.a(hash.c.obj)      libwolfssl.a(asn.c.obj) (wc_HashTypeConvert)
libwolfssl.a(hmac.c.obj)      CMakeFiles/testwolfcrypt.dir/Users/rocksonqwerty/wolfssl/wolfcrypt/test/test.c.obj (wc_HmacSizeByType)
libwolfssl.a(kdf.c.obj)       libwolfssl.a(tls.c.obj) (wc_PRF_TLS)
libwolfssl.a(logging.c.obj)   CMakeFiles/testwolfcrypt.dir/Users/rocksonqwerty/wolfssl/wolfcrypt/test/test.c.obj (wolfSSL_SetLoggingCb)
libwolfssl.a(poly1305.c.obj)  CMakeFiles/testwolfcrypt.dir/Users/rocksonqwerty/wolfssl/wolfcrypt/test/test.c.obj (wc_Poly1305SetKey)
libwolfssl.a(random.c.obj)    CMakeFiles/testwolfcrypt.dir/Users/rocksonqwerty/wolfssl/wolfcrypt/test/test.c.obj (wc_RNG_TestSeed)
libwolfssl.a(rsa.c.obj)       CMakeFiles/testwolfcrypt.dir/Users/rocksonqwerty/wolfssl/wolfcrypt/test/test.c.obj (wc_InitRsaKey_ex)
libwolfssl.a(sha.c.obj)       CMakeFiles/testwolfcrypt.dir/Users/rocksonqwerty/wolfssl/wolfcrypt/test/test.c.obj (wc_InitSha_ex)
libwolfssl.a(sha256.c.obj)    CMakeFiles/testwolfcrypt.dir/Users/rocksonqwerty/wolfssl/wolfcrypt/test/test.c.obj (wc_InitSha256_ex)
libwolfssl.a(sha3.c.obj)      CMakeFiles/testwolfcrypt.dir/Users/rocksonqwerty/wolfssl/wolfcrypt/test/test.c.obj (wc_InitSha3_224)
libwolfssl.a(sha512.c.obj)    CMakeFiles/testwolfcrypt.dir/Users/rocksonqwerty/wolfssl/wolfcrypt/test/test.c.obj (wc_InitSha512_ex)
libwolfssl.a(signature.c.obj)
                              CMakeFiles/testwolfcrypt.dir/Users/rocksonqwerty/wolfssl/wolfcrypt/test/test.c.obj (wc_SignatureGetSize)
libwolfssl.a(sp_armthumb.c.obj)
                              libwolfssl.a(rsa.c.obj) (sp_RsaPublic_2048)
libwolfssl.a(sp_int.c.obj)    libwolfssl.a(ecc.c.obj) (sp_init_size)
libwolfssl.a(wc_encrypt.c.obj)
                              CMakeFiles/testwolfcrypt.dir/Users/rocksonqwerty/wolfssl/wolfcrypt/test/test.c.obj (wc_AesCbcDecryptWithKey)
libwolfssl.a(wc_port.c.obj)   libwolfssl.a(ssl.c.obj) (wolfCrypt_Init)
libwolfssl.a(wolfmath.c.obj)  libwolfssl.a(ecc.c.obj) (wc_export_int)
libwolfssl.a(internal.c.obj)  libwolfssl.a(tls.c.obj) (IsTLS)
libwolfssl.a(keys.c.obj)      libwolfssl.a(tls13.c.obj) (SetCipherSpecs)
/Applications/ArmGNUToolchain/12.3.rel1/arm-none-eabi/bin/../lib/gcc/arm-none-eabi/12.3.1/thumb/v6-m/nofp/libgcc.a(_dvmd_tls.o)
                              CMakeFiles/testwolfcrypt.dir/Users/rocksonqwerty/dev/pico/pico-sdk/src/rp2_common/pico_divider/divider.S.obj (__aeabi_idiv0)
/Applications/ArmGNUToolchain/12.3.rel1/arm-none-eabi/bin/../lib/gcc/arm-none-eabi/12.3.1/../../../../arm-none-eabi/lib/thumb/v6-m/nofp/libc.a(libc_a-calloc.o)
                              CMakeFiles/testwolfcrypt.dir/Users/rocksonqwerty/dev/pico/pico-sdk/src/rp2_common/pico_malloc/pico_malloc.c.obj (calloc)
[...]
Memory Configuration

Name             Origin             Length             Attributes
FLASH            0x10000000         0x00200000         xr
RAM              0x20000000         0x00040000         xrw
SCRATCH_X        0x20040000         0x00001000         xrw
SCRATCH_Y        0x20041000         0x00001000         xrw
*default*        0x00000000         0xffffffff

Linker script and memory map

LOAD /Applications/ArmGNUToolchain/12.3.rel1/arm-none-eabi/bin/../lib/gcc/arm-none-eabi/12.3.1/thumb/v6-m/nofp/crti.o
LOAD /Applications/ArmGNUToolchain/12.3.rel1/arm-none-eabi/bin/../lib/gcc/arm-none-eabi/12.3.1/thumb/v6-m/nofp/crtbegin.o
LOAD /Applications/ArmGNUToolchain/12.3.rel1/arm-none-eabi/bin/../lib/gcc/arm-none-eabi/12.3.1/../../../../arm-none-eabi/lib/thumb/v6-m/nofp/crt0.o

.flash_begin    0x10000000        0x0
                0x10000000                        __flash_binary_start = .

.boot2          0x10000000      0x100
                0x10000000                        __boot2_start__ = .
 *(.boot2)
 .boot2         0x10000000      0x100 /var/folders/px/x60m0wd10yx806883b65gp3w0000gn/T//ccXAqZ4F.o
                0x10000100                        __boot2_end__ = .
                0x00000001                        ASSERT (((__boot2_end__ - __boot2_start__) == 0x100), ERROR: Pico second stage bootloader must be 256 bytes in size)

.text           0x10000100    0x87600
                0x10000100                        __logical_binary_start = .
 *(.vectors)
 .vectors       0x10000100       0xd4 CMakeFiles/testwolfcrypt.dir/Users/rocksonqwerty/dev/pico/pico-sdk/src/rp2_common/pico_standard_link/crt0.S.obj
                0x10000100                __VECTOR_TABLE
                0x10000100                __vectors
                0x100001c0                __default_isrs_start
                0x100001c0                isr_invalid
                0x100001c2                isr_nmi
                0x100001c4                isr_hardfault
                0x100001c6                isr_svcall
                0x100001c8                isr_pendsv
                0x100001ca                isr_systick
                0x100001cc                isr_irq28
                0x100001cc                isr_irq19
                0x100001cc                isr_irq0
                0x100001cc                isr_irq6
                0x100001cc                isr_irq22
                0x100001cc                isr_irq17
                0x100001cc                isr_irq14
                0x100001cc                isr_irq2
                0x100001cc                isr_irq10
                0x100001cc                isr_irq8
                0x100001cc                isr_irq24
                0x100001cc                isr_irq1
                0x100001cc                isr_irq7
                0x100001cc                isr_irq21
                0x100001cc                isr_irq20
                0x100001cc                isr_irq15
                0x100001cc                isr_irq25
                0x100001cc                isr_irq4
                0x100001cc                isr_irq16
                0x100001cc                isr_irq29
                0x100001cc                isr_irq26
                0x100001cc                __default_isrs_end
                0x100001cc                isr_irq3
                0x100001cc                isr_irq9
                0x100001cc                __unhandled_user_irq
                0x100001cc                isr_irq13
                0x100001cc                isr_irq27
                0x100001cc                isr_irq31
                0x100001cc                isr_irq5
                0x100001cc                isr_irq11
                0x100001cc                isr_irq23
                0x100001cc                isr_irq18
                0x100001cc                isr_irq30
                0x100001cc                isr_irq12
                0x100001d2                unhandled_user_irq_num_in_r0
 *(.binary_info_header)
 .binary_info_header
                0x100001d4       0x14 CMakeFiles/testwolfcrypt.dir/Users/rocksonqwerty/dev/pico/pico-sdk/src/rp2_common/pico_standard_link/crt0.S.obj
                0x100001e8                        __binary_info_header_end = .
 *(.reset)
 .reset         0x100001e8       0xa0 CMakeFiles/testwolfcrypt.dir/Users/rocksonqwerty/dev/pico/pico-sdk/src/rp2_common/pico_standard_link/crt0.S.obj
                0x100001e8                _entry_point
 .reset         0x10000288       0x30 CMakeFiles/testwolfcrypt.dir/Users/rocksonqwerty/dev/pico/pico-sdk/src/rp2_common/pico_standard_link/binary_info.c.obj
 *(.init)
 .init          0x100002b8        0x4 /Applications/ArmGNUToolchain/12.3.rel1/arm-none-eabi/bin/../lib/gcc/arm-none-eabi/12.3.1/thumb/v6-m/nofp/crti.o
                0x100002b8                _init
 *(EXCLUDE_FILE(*libm.a: *libc.a:*lib_a-mem*.o *libgcc.a:) .text*)
 .text.register_tm_clones
                0x100002bc       0x28 /Applications/ArmGNUToolchain/12.3.rel1/arm-none-eabi/bin/../lib/gcc/arm-none-eabi/12.3.1/thumb/v6-m/nofp/crtbegin.o
 .text.frame_dummy
                0x100002e4       0x24 /Applications/ArmGNUToolchain/12.3.rel1/arm-none-eabi/bin/../lib/gcc/arm-none-eabi/12.3.1/thumb/v6-m/nofp/crtbegin.o
 .text.startup.main
                0x10000308       0x2c CMakeFiles/testwolfcrypt.dir/src/test_main.c.obj
                0x10000308                main
 .text.myTime   0x10000334       0x14 CMakeFiles/testwolfcrypt.dir/src/test_main.c.obj
                0x10000334                myTime
 .text.blink    0x10000348       0x64 CMakeFiles/testwolfcrypt.dir/src/blink.c.obj
                0x10000348                blink
 .text.time_cb  0x100003ac       0x14 CMakeFiles/testwolfcrypt.dir/Users/rocksonqwerty/wolfssl/wolfcrypt/test/test.c.obj
 .text.render_error_message
                0x100003c0       0xd8 CMakeFiles/testwolfcrypt.dir/Users/rocksonqwerty/wolfssl/wolfcrypt/test/test.c.obj
 .text.sha3_224_test
                0x10000498      0x21c CMakeFiles/testwolfcrypt.dir/Users/rocksonqwerty/wolfssl/wolfcrypt/test/test.c.obj
 .text.sha3_256_test
                0x100006b4      0x21c CMakeFiles/testwolfcrypt.dir/Users/rocksonqwerty/wolfssl/wolfcrypt/test/test.c.obj
 .text.sha3_384_test
                0x100008d0      0x228 CMakeFiles/testwolfcrypt.dir/Users/rocksonqwerty/wolfssl/wolfcrypt/test/test.c.obj
 .text.sha3_512_test
                0x10000af8      0x21c CMakeFiles/testwolfcrypt.dir/Users/rocksonqwerty/wolfssl/wolfcrypt/test/test.c.obj
 .text._rng_test
                0x10000d14       0xb4 CMakeFiles/testwolfcrypt.dir/Users/rocksonqwerty/wolfssl/wolfcrypt/test/test.c.obj
 .text.rsa_export_key_test
                0x10000dc8      0x524 CMakeFiles/testwolfcrypt.dir/Users/rocksonqwerty/wolfssl/wolfcrypt/test/test.c.obj
 .text.rsa_flatten_test
                0x100012ec      0x1f4 CMakeFiles/testwolfcrypt.dir/Users/rocksonqwerty/wolfssl/wolfcrypt/test/test.c.obj
 .text.dh_fips_generate_test
                0x100014e0      0x3e8 CMakeFiles/testwolfcrypt.dir/Users/rocksonqwerty/wolfssl/wolfcrypt/test/test.c.obj
 .text.ecc_exp_imp_test
                0x100018c8      0x2ec CMakeFiles/testwolfcrypt.dir/Users/rocksonqwerty/wolfssl/wolfcrypt/test/test.c.obj
 .text.aesgcm_default_test_helper.constprop.0
                0x10001bb4      0x280 CMakeFiles/testwolfcrypt.dir/Users/rocksonqwerty/wolfssl/wolfcrypt/test/test.c.obj
 .text.rsa_sig_test.constprop.0
                0x10001e34      0x608 CMakeFiles/testwolfcrypt.dir/Users/rocksonqwerty/wolfssl/wolfcrypt/test/test.c.obj
 .text.error_test
                0x1000243c      0x110 CMakeFiles/testwolfcrypt.dir/Users/rocksonqwerty/wolfssl/wolfcrypt/test/test.c.obj
                0x1000243c                error_test
 .text.base64_test
                0x1000254c      0x4a8 CMakeFiles/testwolfcrypt.dir/Users/rocksonqwerty/wolfssl/wolfcrypt/test/test.c.obj
                0x1000254c                base64_test
 .text.asn_test
                0x100029f4      0x148 CMakeFiles/testwolfcrypt.dir/Users/rocksonqwerty/wolfssl/wolfcrypt/test/test.c.obj
                0x100029f4                asn_test
 .text.sha_test
                0x10002b3c      0x2b8 CMakeFiles/testwolfcrypt.dir/Users/rocksonqwerty/wolfssl/wolfcrypt/test/test.c.obj
                0x10002b3c                sha_test
 .text.sha256_test
                0x10002df4      0x290 CMakeFiles/testwolfcrypt.dir/Users/rocksonqwerty/wolfssl/wolfcrypt/test/test.c.obj
                0x10002df4                sha256_test
 .text.sha512_test
                0x10003084      0x2f4 CMakeFiles/testwolfcrypt.dir/Users/rocksonqwerty/wolfssl/wolfcrypt/test/test.c.obj
                0x10003084                sha512_test
 .text.sha512_224_test
                0x10003378      0x2f4 CMakeFiles/testwolfcrypt.dir/Users/rocksonqwerty/wolfssl/wolfcrypt/test/test.c.obj
                0x10003378                sha512_224_test
 .text.sha512_256_test
                0x1000366c      0x2f4 CMakeFiles/testwolfcrypt.dir/Users/rocksonqwerty/wolfssl/wolfcrypt/test/test.c.obj
                0x1000366c                sha512_256_test
 .text.sha384_test
                0x10003960      0x290 CMakeFiles/testwolfcrypt.dir/Users/rocksonqwerty/wolfssl/wolfcrypt/test/test.c.obj
                0x10003960                sha384_test
 .text.shake128_test
                0x10003bf0      0x48c CMakeFiles/testwolfcrypt.dir/Users/rocksonqwerty/wolfssl/wolfcrypt/test/test.c.obj
                0x10003bf0                shake128_test
 .text.shake256_test
                0x1000407c      0x48c CMakeFiles/testwolfcrypt.dir/Users/rocksonqwerty/wolfssl/wolfcrypt/test/test.c.obj
                0x1000407c                shake256_test
 .text.hash_test
                0x10004508      0x6d0 CMakeFiles/testwolfcrypt.dir/Users/rocksonqwerty/wolfssl/wolfcrypt/test/test.c.obj
                0x10004508                hash_test
 .text.hmac_sha_test
                0x10004bd8      0x1a8 CMakeFiles/testwolfcrypt.dir/Users/rocksonqwerty/wolfssl/wolfcrypt/test/test.c.obj
                0x10004bd8                hmac_sha_test
 .text.hmac_sha256_test
                0x10004d80      0x208 CMakeFiles/testwolfcrypt.dir/Users/rocksonqwerty/wolfssl/wolfcrypt/test/test.c.obj
                0x10004d80                hmac_sha256_test
 .text.hmac_sha384_test
                0x10004f88      0x1c0 CMakeFiles/testwolfcrypt.dir/Users/rocksonqwerty/wolfssl/wolfcrypt/test/test.c.obj
                0x10004f88                hmac_sha384_test
 .text.hmac_sha512_test
                0x10005148      0x1c0 CMakeFiles/testwolfcrypt.dir/Users/rocksonqwerty/wolfssl/wolfcrypt/test/test.c.obj
                0x10005148                hmac_sha512_test
 .text.hmac_sha3_test
                0x10005308      0x1fc CMakeFiles/testwolfcrypt.dir/Users/rocksonqwerty/wolfssl/wolfcrypt/test/test.c.obj
                0x10005308                hmac_sha3_test
 .text.chacha_test
                0x10005504      0x24c CMakeFiles/testwolfcrypt.dir/Users/rocksonqwerty/wolfssl/wolfcrypt/test/test.c.obj
                0x10005504                chacha_test
 .text.poly1305_test
                0x10005750      0x270 CMakeFiles/testwolfcrypt.dir/Users/rocksonqwerty/wolfssl/wolfcrypt/test/test.c.obj
                0x10005750                poly1305_test
 .text.chacha20_poly1305_aead_test
                0x100059c0      0xb70 CMakeFiles/testwolfcrypt.dir/Users/rocksonqwerty/wolfssl/wolfcrypt/test/test.c.obj
                0x100059c0                chacha20_poly1305_aead_test
 .text.aes_test
                0x10006530      0x870 CMakeFiles/testwolfcrypt.dir/Users/rocksonqwerty/wolfssl/wolfcrypt/test/test.c.obj
                0x10006530                aes_test
 .text.aes192_test
                0x10006da0      0x264 CMakeFiles/testwolfcrypt.dir/Users/rocksonqwerty/wolfssl/wolfcrypt/test/test.c.obj
                0x10006da0                aes192_test
 .text.aes256_test
                0x10007004      0x264 CMakeFiles/testwolfcrypt.dir/Users/rocksonqwerty/wolfssl/wolfcrypt/test/test.c.obj
                0x10007004                aes256_test
 .text.aesgcm_default_test
                0x10007268      0x170 CMakeFiles/testwolfcrypt.dir/Users/rocksonqwerty/wolfssl/wolfcrypt/test/test.c.obj
                0x10007268                aesgcm_default_test
 .text.aesgcm_test
                0x100073d8      0x9dc CMakeFiles/testwolfcrypt.dir/Users/rocksonqwerty/wolfssl/wolfcrypt/test/test.c.obj
                0x100073d8                aesgcm_test
 .text.gmac_test
                0x10007db4      0x2cc CMakeFiles/testwolfcrypt.dir/Users/rocksonqwerty/wolfssl/wolfcrypt/test/test.c.obj
                0x10007db4                gmac_test
 .text.random_test
                0x10008080      0x1e8 CMakeFiles/testwolfcrypt.dir/Users/rocksonqwerty/wolfssl/wolfcrypt/test/test.c.obj
                0x10008080                random_test
 .text.memory_test
                0x10008268       0xa0 CMakeFiles/testwolfcrypt.dir/Users/rocksonqwerty/wolfssl/wolfcrypt/test/test.c.obj
                0x10008268                memory_test
 .text.rsa_test
                0x10008308     0x149c CMakeFiles/testwolfcrypt.dir/Users/rocksonqwerty/wolfssl/wolfcrypt/test/test.c.obj
                0x10008308                rsa_test
 .text.dh_test  0x100097a4      0xb4c CMakeFiles/testwolfcrypt.dir/Users/rocksonqwerty/wolfssl/wolfcrypt/test/test.c.obj
                0x100097a4                dh_test
 .text.hkdf_test
                0x1000a2f0      0x254 CMakeFiles/testwolfcrypt.dir/Users/rocksonqwerty/wolfssl/wolfcrypt/test/test.c.obj
                0x1000a2f0                hkdf_test
 .text.tls13_kdf_test
                0x1000a544      0x334 CMakeFiles/testwolfcrypt.dir/Users/rocksonqwerty/wolfssl/wolfcrypt/test/test.c.obj
                0x1000a544                tls13_kdf_test
 .text.ecc_test
                0x1000a878     0x1a14 CMakeFiles/testwolfcrypt.dir/Users/rocksonqwerty/wolfssl/wolfcrypt/test/test.c.obj
                0x1000a878                ecc_test
 .text.ecc_test_buffers
                0x1000c28c      0x374 CMakeFiles/testwolfcrypt.dir/Users/rocksonqwerty/wolfssl/wolfcrypt/test/test.c.obj
                0x1000c28c                ecc_test_buffers
 .text.curve25519_test
                0x1000c600      0x8e4 CMakeFiles/testwolfcrypt.dir/Users/rocksonqwerty/wolfssl/wolfcrypt/test/test.c.obj
                0x1000c600                curve25519_test
 .text.ed25519_test
                0x1000cee4      0x988 CMakeFiles/testwolfcrypt.dir/Users/rocksonqwerty/wolfssl/wolfcrypt/test/test.c.obj
                0x1000cee4                ed25519_test
 .text.curve448_test
                0x1000d86c      0x60c CMakeFiles/testwolfcrypt.dir/Users/rocksonqwerty/wolfssl/wolfcrypt/test/test.c.obj
                0x1000d86c                curve448_test
 .text.ed448_test
                0x1000de78      0xb60 CMakeFiles/testwolfcrypt.dir/Users/rocksonqwerty/wolfssl/wolfcrypt/test/test.c.obj
                0x1000de78                ed448_test
 .text.time_test
                0x1000e9d8       0xcc CMakeFiles/testwolfcrypt.dir/Users/rocksonqwerty/wolfssl/wolfcrypt/test/test.c.obj
                0x1000e9d8                time_test
 .text.wolfcrypt_test
                0x1000eaa4      0x740 CMakeFiles/testwolfcrypt.dir/Users/rocksonqwerty/wolfssl/wolfcrypt/test/test.c.obj
                0x1000eaa4                wolfcrypt_test
 .text.gpio_set_function
                0x1000f1e4       0x30 CMakeFiles/testwolfcrypt.dir/Users/rocksonqwerty/dev/pico/pico-sdk/src/rp2_common/hardware_gpio/gpio.c.obj
                0x1000f1e4                gpio_set_function
 .text.gpio_set_pulls
                0x1000f214       0x24 CMakeFiles/testwolfcrypt.dir/Users/rocksonqwerty/dev/pico/pico-sdk/src/rp2_common/hardware_gpio/gpio.c.obj
                0x1000f214                gpio_set_pulls
 .text.gpio_set_input_hysteresis_enabled
                0x1000f238       0x28 CMakeFiles/testwolfcrypt.dir/Users/rocksonqwerty/dev/pico/pico-sdk/src/rp2_common/hardware_gpio/gpio.c.obj
                0x1000f238                gpio_set_input_hysteresis_enabled
 .text.gpio_set_irq_enabled
                0x1000f260       0x54 CMakeFiles/testwolfcrypt.dir/Users/rocksonqwerty/dev/pico/pico-sdk/src/rp2_common/hardware_gpio/gpio.c.obj
                0x1000f260                gpio_set_irq_enabled
 .text.gpio_add_raw_irq_handler_with_order_priority_masked
                0x1000f2b4       0x44 CMakeFiles/testwolfcrypt.dir/Users/rocksonqwerty/dev/pico/pico-sdk/src/rp2_common/hardware_gpio/gpio.c.obj
                0x1000f2b4                gpio_add_raw_irq_handler_with_order_priority_masked
 .text.gpio_remove_raw_irq_handler_masked
                0x1000f2f8       0x20 CMakeFiles/testwolfcrypt.dir/Users/rocksonqwerty/dev/pico/pico-sdk/src/rp2_common/hardware_gpio/gpio.c.obj
                0x1000f2f8                gpio_remove_raw_irq_handler_masked
 .text.gpio_init
                0x1000f318       0x3c CMakeFiles/testwolfcrypt.dir/Users/rocksonqwerty/dev/pico/pico-sdk/src/rp2_common/hardware_gpio/gpio.c.obj
                0x1000f318                gpio_init
 .text.running_on_fpga
                0x1000f354       0x10 CMakeFiles/testwolfcrypt.dir/Users/rocksonqwerty/dev/pico/pico-sdk/src/rp2_common/pico_platform/platform.c.obj
                0x1000f354                running_on_fpga
 .text.hw_claim_lock
                0x1000f364       0x18 CMakeFiles/testwolfcrypt.dir/Users/rocksonqwerty/dev/pico/pico-sdk/src/rp2_common/hardware_claim/claim.c.obj
                0x1000f364                hw_claim_lock
 .text.hw_claim_unlock
                0x1000f37c       0x14 CMakeFiles/testwolfcrypt.dir/Users/rocksonqwerty/dev/pico/pico-sdk/src/rp2_common/hardware_claim/claim.c.obj
                0x1000f37c                hw_claim_unlock
 .text.hw_claim_or_assert
                0x1000f390       0x44 CMakeFiles/testwolfcrypt.dir/Users/rocksonqwerty/dev/pico/pico-sdk/src/rp2_common/hardware_claim/claim.c.obj
                0x1000f390                hw_claim_or_assert
 .text.hw_claim_unused_from_range
                0x1000f3d4       0x9c CMakeFiles/testwolfcrypt.dir/Users/rocksonqwerty/dev/pico/pico-sdk/src/rp2_common/hardware_claim/claim.c.obj
                0x1000f3d4                hw_claim_unused_from_range
 .text.hw_claim_clear
                0x1000f470       0x38 CMakeFiles/testwolfcrypt.dir/Users/rocksonqwerty/dev/pico/pico-sdk/src/rp2_common/hardware_claim/claim.c.obj
                0x1000f470                hw_claim_clear
 .text.spin_locks_reset
                0x1000f4a8       0x1c CMakeFiles/testwolfcrypt.dir/Users/rocksonqwerty/dev/pico/pico-sdk/src/rp2_common/hardware_sync/sync.c.obj
                0x1000f4a8                spin_locks_reset
 .text.next_striped_spin_lock_num
                0x1000f4c4       0x18 CMakeFiles/testwolfcrypt.dir/Users/rocksonqwerty/dev/pico/pico-sdk/src/rp2_common/hardware_sync/sync.c.obj
                0x1000f4c4                next_striped_spin_lock_num
 .text.spin_lock_claim_unused
                0x1000f4dc       0x24 CMakeFiles/testwolfcrypt.dir/Users/rocksonqwerty/dev/pico/pico-sdk/src/rp2_common/hardware_sync/sync.c.obj
                0x1000f4dc                spin_lock_claim_unused
 .text.irq_set_enabled
                0x1000f500       0x24 CMakeFiles/testwolfcrypt.dir/Users/rocksonqwerty/dev/pico/pico-sdk/src/rp2_common/hardware_irq/irq.c.obj
                0x1000f500                irq_set_enabled
 .text.irq_set_pending
                0x1000f524       0x10 CMakeFiles/testwolfcrypt.dir/Users/rocksonqwerty/dev/pico/pico-sdk/src/rp2_common/hardware_irq/irq.c.obj
                0x1000f524                irq_set_pending
 .text.irq_has_shared_handler
                0x1000f534       0x2c CMakeFiles/testwolfcrypt.dir/Users/rocksonqwerty/dev/pico/pico-sdk/src/rp2_common/hardware_irq/irq.c.obj
                0x1000f534                irq_has_shared_handler
 .text.irq_get_vtable_handler
                0x1000f560       0x10 CMakeFiles/testwolfcrypt.dir/Users/rocksonqwerty/dev/pico/pico-sdk/src/rp2_common/hardware_irq/irq.c.obj
                0x1000f560                irq_get_vtable_handler
 .text.irq_set_exclusive_handler
                0x1000f570       0x54 CMakeFiles/testwolfcrypt.dir/Users/rocksonqwerty/dev/pico/pico-sdk/src/rp2_common/hardware_irq/irq.c.obj
                0x1000f570                irq_set_exclusive_handler
 .text.irq_add_shared_handler
                0x1000f5c4      0x1e0 CMakeFiles/testwolfcrypt.dir/Users/rocksonqwerty/dev/pico/pico-sdk/src/rp2_common/hardware_irq/irq.c.obj
                0x1000f5c4                irq_add_shared_handler
 .text.irq_remove_handler
                0x1000f7a4      0x1c4 CMakeFiles/testwolfcrypt.dir/Users/rocksonqwerty/dev/pico/pico-sdk/src/rp2_common/hardware_irq/irq.c.obj
                0x1000f7a4                irq_remove_handler
 .text.irq_set_priority
                0x1000f968       0x28 CMakeFiles/testwolfcrypt.dir/Users/rocksonqwerty/dev/pico/pico-sdk/src/rp2_common/hardware_irq/irq.c.obj
                0x1000f968                irq_set_priority
 .text.irq_add_tail_to_free_list
                0x1000f990       0xb4 CMakeFiles/testwolfcrypt.dir/Users/rocksonqwerty/dev/pico/pico-sdk/src/rp2_common/hardware_irq/irq.c.obj
                0x1000f990                irq_add_tail_to_free_list
 .text.irq_init_priorities
                0x1000fa44       0x24 CMakeFiles/testwolfcrypt.dir/Users/rocksonqwerty/dev/pico/pico-sdk/src/rp2_common/hardware_irq/irq.c.obj
                0x1000fa44                irq_init_priorities
 .text.user_irq_unclaim
                0x1000fa68       0x14 CMakeFiles/testwolfcrypt.dir/Users/rocksonqwerty/dev/pico/pico-sdk/src/rp2_common/hardware_irq/irq.c.obj
                0x1000fa68                user_irq_unclaim
 .text.user_irq_claim_unused
                0x1000fa7c       0x2c CMakeFiles/testwolfcrypt.dir/Users/rocksonqwerty/dev/pico/pico-sdk/src/rp2_common/hardware_irq/irq.c.obj
                0x1000fa7c                user_irq_claim_unused
 .text.sem_init
                0x1000faa8       0x20 CMakeFiles/testwolfcrypt.dir/Users/rocksonqwerty/dev/pico/pico-sdk/src/common/pico_sync/sem.c.obj
                0x1000faa8                sem_init
 .text.lock_init
                0x1000fac8       0x10 CMakeFiles/testwolfcrypt.dir/Users/rocksonqwerty/dev/pico/pico-sdk/src/common/pico_sync/lock_core.c.obj
                0x1000fac8                lock_init
 .text.mutex_init
                0x1000fad8       0x1c CMakeFiles/testwolfcrypt.dir/Users/rocksonqwerty/dev/pico/pico-sdk/src/common/pico_sync/mutex.c.obj
                0x1000fad8                mutex_init
 .text.recursive_mutex_init
                0x1000faf4       0x1c CMakeFiles/testwolfcrypt.dir/Users/rocksonqwerty/dev/pico/pico-sdk/src/common/pico_sync/mutex.c.obj
                0x1000faf4                recursive_mutex_init
 .text.critical_section_init
                0x1000fb10       0x1c CMakeFiles/testwolfcrypt.dir/Users/rocksonqwerty/dev/pico/pico-sdk/src/common/pico_sync/critical_section.c.obj
                0x1000fb10                critical_section_init
 .text.critical_section_init_with_lock_num
                0x1000fb2c       0x14 CMakeFiles/testwolfcrypt.dir/Users/rocksonqwerty/dev/pico/pico-sdk/src/common/pico_sync/critical_section.c.obj
                0x1000fb2c                critical_section_init_with_lock_num
 .text.timer_pool_entry_comparator
                0x1000fb40       0x34 CMakeFiles/testwolfcrypt.dir/Users/rocksonqwerty/dev/pico/pico-sdk/src/common/pico_time/time.c.obj
                0x1000fb40                timer_pool_entry_comparator
 .text.sleep_until_callback
                0x1000fb74       0x30 CMakeFiles/testwolfcrypt.dir/Users/rocksonqwerty/dev/pico/pico-sdk/src/common/pico_time/time.c.obj
 .text.add_alarm_under_lock.isra.0
                0x1000fba4       0xf8 CMakeFiles/testwolfcrypt.dir/Users/rocksonqwerty/dev/pico/pico-sdk/src/common/pico_time/time.c.obj
 .text.alarm_pool_alarm_callback
                0x1000fc9c      0x1c0 CMakeFiles/testwolfcrypt.dir/Users/rocksonqwerty/dev/pico/pico-sdk/src/common/pico_time/time.c.obj
 .text.alarm_pool_init_default
                0x1000fe5c       0x6c CMakeFiles/testwolfcrypt.dir/Users/rocksonqwerty/dev/pico/pico-sdk/src/common/pico_time/time.c.obj
                0x1000fe5c                alarm_pool_init_default
 .text.alarm_pool_get_default
                0x1000fec8        0x8 CMakeFiles/testwolfcrypt.dir/Users/rocksonqwerty/dev/pico/pico-sdk/src/common/pico_time/time.c.obj
                0x1000fec8                alarm_pool_get_default
 .text.alarm_pool_add_alarm_at
                0x1000fed0      0x17c CMakeFiles/testwolfcrypt.dir/Users/rocksonqwerty/dev/pico/pico-sdk/src/common/pico_time/time.c.obj
                0x1000fed0                alarm_pool_add_alarm_at
 .text.alarm_pool_cancel_alarm
                0x1001004c       0x70 CMakeFiles/testwolfcrypt.dir/Users/rocksonqwerty/dev/pico/pico-sdk/src/common/pico_time/time.c.obj
                0x1001004c                alarm_pool_cancel_alarm
 .text.alarm_pool_core_num
                0x100100bc        0x4 CMakeFiles/testwolfcrypt.dir/Users/rocksonqwerty/dev/pico/pico-sdk/src/common/pico_time/time.c.obj
                0x100100bc                alarm_pool_core_num
 .text.sleep_until
                0x100100c0       0xc4 CMakeFiles/testwolfcrypt.dir/Users/rocksonqwerty/dev/pico/pico-sdk/src/common/pico_time/time.c.obj
                0x100100c0                sleep_until
 .text.sleep_ms
                0x10010184       0x38 CMakeFiles/testwolfcrypt.dir/Users/rocksonqwerty/dev/pico/pico-sdk/src/common/pico_time/time.c.obj
                0x10010184                sleep_ms
 .text.best_effort_wfe_or_timeout
                0x100101bc       0xcc CMakeFiles/testwolfcrypt.dir/Users/rocksonqwerty/dev/pico/pico-sdk/src/common/pico_time/time.c.obj
                0x100101bc                best_effort_wfe_or_timeout
 .text.hardware_alarm_irq_handler
                0x10010288       0xbc CMakeFiles/testwolfcrypt.dir/Users/rocksonqwerty/dev/pico/pico-sdk/src/rp2_common/hardware_timer/timer.c.obj
 .text.hardware_alarm_claim
                0x10010344       0x18 CMakeFiles/testwolfcrypt.dir/Users/rocksonqwerty/dev/pico/pico-sdk/src/rp2_common/hardware_timer/timer.c.obj
                0x10010344                hardware_alarm_claim
 .text.time_us_64
                0x1001035c       0x14 CMakeFiles/testwolfcrypt.dir/Users/rocksonqwerty/dev/pico/pico-sdk/src/rp2_common/hardware_timer/timer.c.obj
                0x1001035c                time_us_64
 .text.busy_wait_us
                0x10010370       0x68 CMakeFiles/testwolfcrypt.dir/Users/rocksonqwerty/dev/pico/pico-sdk/src/rp2_common/hardware_timer/timer.c.obj
                0x10010370                busy_wait_us
 .text.busy_wait_until
                0x100103d8       0x20 CMakeFiles/testwolfcrypt.dir/Users/rocksonqwerty/dev/pico/pico-sdk/src/rp2_common/hardware_timer/timer.c.obj
                0x100103d8                busy_wait_until
 .text.hardware_alarm_set_callback
                0x100103f8       0x8c CMakeFiles/testwolfcrypt.dir/Users/rocksonqwerty/dev/pico/pico-sdk/src/rp2_common/hardware_timer/timer.c.obj
                0x100103f8                hardware_alarm_set_callback
 .text.hardware_alarm_set_target
                0x10010484       0xd0 CMakeFiles/testwolfcrypt.dir/Users/rocksonqwerty/dev/pico/pico-sdk/src/rp2_common/hardware_timer/timer.c.obj
                0x10010484                hardware_alarm_set_target
 .text.hardware_alarm_cancel
                0x10010554       0x3c CMakeFiles/testwolfcrypt.dir/Users/rocksonqwerty/dev/pico/pico-sdk/src/rp2_common/hardware_timer/timer.c.obj
                0x10010554                hardware_alarm_cancel
 .text.ph_merge_nodes
                0x10010590       0x58 CMakeFiles/testwolfcrypt.dir/Users/rocksonqwerty/dev/pico/pico-sdk/src/common/pico_util/pheap.c.obj
 .text.ph_post_alloc_init
                0x100105e8       0x3c CMakeFiles/testwolfcrypt.dir/Users/rocksonqwerty/dev/pico/pico-sdk/src/common/pico_util/pheap.c.obj
                0x100105e8                ph_post_alloc_init
 .text.ph_merge_two_pass
                0x10010624       0x8c CMakeFiles/testwolfcrypt.dir/Users/rocksonqwerty/dev/pico/pico-sdk/src/common/pico_util/pheap.c.obj
                0x10010624                ph_merge_two_pass
 .text.ph_remove_any_head
                0x100106b0      0x100 CMakeFiles/testwolfcrypt.dir/Users/rocksonqwerty/dev/pico/pico-sdk/src/common/pico_util/pheap.c.obj
 .text.ph_remove_head
                0x100107b0      0x104 CMakeFiles/testwolfcrypt.dir/Users/rocksonqwerty/dev/pico/pico-sdk/src/common/pico_util/pheap.c.obj
                0x100107b0                ph_remove_head
 .text.ph_remove_and_free_node
                0x100108b4       0x78 CMakeFiles/testwolfcrypt.dir/Users/rocksonqwerty/dev/pico/pico-sdk/src/common/pico_util/pheap.c.obj
                0x100108b4                ph_remove_and_free_node
 .text.clocks_init
                0x1001092c      0x2c8 CMakeFiles/testwolfcrypt.dir/Users/rocksonqwerty/dev/pico/pico-sdk/src/rp2_common/hardware_clocks/clocks.c.obj
                0x1001092c                clocks_init
 .text.clock_get_hz
                0x10010bf4        0xc CMakeFiles/testwolfcrypt.dir/Users/rocksonqwerty/dev/pico/pico-sdk/src/rp2_common/hardware_clocks/clocks.c.obj
                0x10010bf4                clock_get_hz
 .text.pll_init
                0x10010c00       0xa0 CMakeFiles/testwolfcrypt.dir/Users/rocksonqwerty/dev/pico/pico-sdk/src/rp2_common/hardware_pll/pll.c.obj
                0x10010c00                pll_init
 .text.watchdog_start_tick
                0x10010ca0       0x10 CMakeFiles/testwolfcrypt.dir/Users/rocksonqwerty/dev/pico/pico-sdk/src/rp2_common/hardware_watchdog/watchdog.c.obj
                0x10010ca0                watchdog_start_tick
 .text.watchdog_reboot
                0x10010cb0       0x9c CMakeFiles/testwolfcrypt.dir/Users/rocksonqwerty/dev/pico/pico-sdk/src/rp2_common/hardware_watchdog/watchdog.c.obj
                0x10010cb0                watchdog_reboot
 .text.xosc_init
                0x10010d4c       0x28 CMakeFiles/testwolfcrypt.dir/Users/rocksonqwerty/dev/pico/pico-sdk/src/rp2_common/hardware_xosc/xosc.c.obj
                0x10010d4c                xosc_init
 .text.runtime_init
                0x10010d74       0xec CMakeFiles/testwolfcrypt.dir/Users/rocksonqwerty/dev/pico/pico-sdk/src/rp2_common/pico_runtime/runtime.c.obj
                0x10010d74                runtime_init
 .text._exit    0x10010e60        0x4 CMakeFiles/testwolfcrypt.dir/Users/rocksonqwerty/dev/pico/pico-sdk/src/rp2_common/pico_runtime/runtime.c.obj
                0x10010e60                _exit
 .text._sbrk    0x10010e64       0x34 CMakeFiles/testwolfcrypt.dir/Users/rocksonqwerty/dev/pico/pico-sdk/src/rp2_common/pico_runtime/runtime.c.obj
                0x10010e64                _sbrk
 .text.exit     0x10010e98        0x8 CMakeFiles/testwolfcrypt.dir/Users/rocksonqwerty/dev/pico/pico-sdk/src/rp2_common/pico_runtime/runtime.c.obj
                0x10010e98                exit
 .text.panic    0x10010ea0       0x30 CMakeFiles/testwolfcrypt.dir/Users/rocksonqwerty/dev/pico/pico-sdk/src/rp2_common/pico_runtime/runtime.c.obj
                0x10010ea0                panic
 .text.hard_assertion_failure
                0x10010ed0        0xc CMakeFiles/testwolfcrypt.dir/Users/rocksonqwerty/dev/pico/pico-sdk/src/rp2_common/pico_runtime/runtime.c.obj
                0x10010ed0                hard_assertion_failure
 .text._out_null
                0x10010edc        0x4 CMakeFiles/testwolfcrypt.dir/Users/rocksonqwerty/dev/pico/pico-sdk/src/rp2_common/pico_printf/printf.c.obj
 .text._out_rev
                0x10010ee0       0x90 CMakeFiles/testwolfcrypt.dir/Users/rocksonqwerty/dev/pico/pico-sdk/src/rp2_common/pico_printf/printf.c.obj
 .text._ntoa_format
                0x10010f70      0x208 CMakeFiles/testwolfcrypt.dir/Users/rocksonqwerty/dev/pico/pico-sdk/src/rp2_common/pico_printf/printf.c.obj
 .text._out_char
                0x10011178       0x10 CMakeFiles/testwolfcrypt.dir/Users/rocksonqwerty/dev/pico/pico-sdk/src/rp2_common/pico_printf/printf.c.obj
 .text._out_fct
                0x10011188       0x10 CMakeFiles/testwolfcrypt.dir/Users/rocksonqwerty/dev/pico/pico-sdk/src/rp2_common/pico_printf/printf.c.obj
 .text._etoa    0x10011198      0x464 CMakeFiles/testwolfcrypt.dir/Users/rocksonqwerty/dev/pico/pico-sdk/src/rp2_common/pico_printf/printf.c.obj
 .text._ftoa    0x100115fc      0x3c4 CMakeFiles/testwolfcrypt.dir/Users/rocksonqwerty/dev/pico/pico-sdk/src/rp2_common/pico_printf/printf.c.obj
 .text._vsnprintf
                0x100119c0      0xc18 CMakeFiles/testwolfcrypt.dir/Users/rocksonqwerty/dev/pico/pico-sdk/src/rp2_common/pico_printf/printf.c.obj
 .text.vfctprintf
                0x100125d8       0x20 CMakeFiles/testwolfcrypt.dir/Users/rocksonqwerty/dev/pico/pico-sdk/src/rp2_common/pico_printf/printf.c.obj
                0x100125d8                vfctprintf
 .text.weak_raw_vprintf
                0x100125f8       0x30 CMakeFiles/testwolfcrypt.dir/Users/rocksonqwerty/dev/pico/pico-sdk/src/rp2_common/pico_printf/printf.c.obj
                0x100125f8                weak_raw_vprintf
 .text          0x10012628       0x10 CMakeFiles/testwolfcrypt.dir/Users/rocksonqwerty/dev/pico/pico-sdk/src/rp2_common/pico_bit_ops/bit_ops_aeabi.S.obj
 .text.ctzsi    0x10012638        0xc CMakeFiles/testwolfcrypt.dir/Users/rocksonqwerty/dev/pico/pico-sdk/src/rp2_common/pico_bit_ops/bit_ops_aeabi.S.obj
                0x10012638                __wrap___ctzsi2
 .text.rom_func_lookup
                0x10012644       0x10 CMakeFiles/testwolfcrypt.dir/Users/rocksonqwerty/dev/pico/pico-sdk/src/rp2_common/pico_bootrom/bootrom.c.obj
                0x10012644                rom_func_lookup
 .text.rom_data_lookup
                0x10012654       0x10 CMakeFiles/testwolfcrypt.dir/Users/rocksonqwerty/dev/pico/pico-sdk/src/rp2_common/pico_bootrom/bootrom.c.obj
                0x10012654                rom_data_lookup
 .text.rom_funcs_lookup
                0x10012664       0x44 CMakeFiles/testwolfcrypt.dir/Users/rocksonqwerty/dev/pico/pico-sdk/src/rp2_common/pico_bootrom/bootrom.c.obj
                0x10012664                rom_funcs_lookup
 .text.__wrap___aeabi_idiv
                0x100126a8       0x50 CMakeFiles/testwolfcrypt.dir/Users/rocksonqwerty/dev/pico/pico-sdk/src/rp2_common/pico_divider/divider.S.obj
                0x100126a8                __wrap___aeabi_idivmod
                0x100126a8                divmod_s32s32
                0x100126a8                div_s32s32
                0x100126a8                __wrap___aeabi_idiv
                0x100126b0                divmod_s32s32_unsafe
                0x100126dc                divmod_s32s32_savestate
 .text.__wrap___aeabi_uidiv
                0x100126f8       0x4c CMakeFiles/testwolfcrypt.dir/Users/rocksonqwerty/dev/pico/pico-sdk/src/rp2_common/pico_divider/divider.S.obj
                0x100126f8                __wrap___aeabi_uidiv
                0x100126f8                __wrap___aeabi_uidivmod
                0x100126f8                div_u32u32
                0x100126f8                divmod_u32u32
                0x10012700                divmod_u32u32_unsafe
                0x10012728                divmod_u32u32_savestate
 .text.__wrap___aeabi_ldiv
                0x10012744      0x424 CMakeFiles/testwolfcrypt.dir/Users/rocksonqwerty/dev/pico/pico-sdk/src/rp2_common/pico_divider/divider.S.obj
                0x10012744                __wrap___aeabi_ldivmod
                0x10012744                div_s64s64
                0x10012744                divmod_s64s64
                0x10012774                divmod_u64u64
                0x10012774                div_u64u64
                0x10012774                __wrap___aeabi_uldivmod
                0x10012784                divmod_u64u64_savestate
                0x100127a4                divmod_s64s64_unsafe
                0x1001282c                divmod_u64u64_unsafe
 .text.__wrap___aeabi_darithmetic
                0x10012b68       0x60 CMakeFiles/testwolfcrypt.dir/Users/rocksonqwerty/dev/pico/pico-sdk/src/rp2_common/pico_double/double_aeabi.S.obj
                0x10012b68                __wrap___aeabi_drsub
                0x10012b6e                __wrap___aeabi_dsub
                0x10012b78                __wrap___aeabi_dadd
                0x10012b82                __wrap___aeabi_ddiv
                0x10012bb6                __wrap___aeabi_dmul
 .text.__wrap___aeabi_cdcmple
                0x10012bc8       0x6c CMakeFiles/testwolfcrypt.dir/Users/rocksonqwerty/dev/pico/pico-sdk/src/rp2_common/pico_double/double_aeabi.S.obj
                0x10012bc8                __wrap___aeabi_cdrcmple
                0x10012bd8                __wrap___aeabi_cdcmple
                0x10012bd8                __wrap___aeabi_cdcmpeq
 .text.__wrap___aeabi_dcmplt
                0x10012c34        0xc CMakeFiles/testwolfcrypt.dir/Users/rocksonqwerty/dev/pico/pico-sdk/src/rp2_common/pico_double/double_aeabi.S.obj
                0x10012c34                __wrap___aeabi_dcmplt
 .text.__wrap___aeabi_dcmpge
                0x10012c40       0x10 CMakeFiles/testwolfcrypt.dir/Users/rocksonqwerty/dev/pico/pico-sdk/src/rp2_common/pico_double/double_aeabi.S.obj
                0x10012c40                __wrap___aeabi_dcmpge
 .text.__wrap___aeabi_dcmpgt
                0x10012c50        0xa CMakeFiles/testwolfcrypt.dir/Users/rocksonqwerty/dev/pico/pico-sdk/src/rp2_common/pico_double/double_aeabi.S.obj
                0x10012c50                __wrap___aeabi_dcmpgt
 .text.__wrap___aeabi_dcmpun
                0x10012c5a       0x1c CMakeFiles/testwolfcrypt.dir/Users/rocksonqwerty/dev/pico/pico-sdk/src/rp2_common/pico_double/double_aeabi.S.obj
                0x10012c5a                __wrap___aeabi_dcmpun
 *fill*         0x10012c76        0x2 
 .text.__wrap___aeabi_i2d
                0x10012c78       0x38 CMakeFiles/testwolfcrypt.dir/Users/rocksonqwerty/dev/pico/pico-sdk/src/rp2_common/pico_double/double_aeabi.S.obj
                0x10012c78                __wrap___aeabi_ui2d
                0x10012c80                __wrap___aeabi_i2d
 .text.__wrap___aeabi_d2iz
                0x10012cb0       0x48 CMakeFiles/testwolfcrypt.dir/Users/rocksonqwerty/dev/pico/pico-sdk/src/rp2_common/pico_double/double_aeabi.S.obj
                0x10012cb0                __wrap___aeabi_d2iz
                0x10012cb0                double2int_z
 .text.__wrap___aeabi_d2uiz
                0x10012cf8       0x10 CMakeFiles/testwolfcrypt.dir/Users/rocksonqwerty/dev/pico/pico-sdk/src/rp2_common/pico_double/double_aeabi.S.obj
                0x10012cf8                double2uint
                0x10012cf8                __wrap___aeabi_d2uiz
 .text.missing_double_func_shim
                0x10012d08        0xc CMakeFiles/testwolfcrypt.dir/Users/rocksonqwerty/dev/pico/pico-sdk/src/rp2_common/pico_double/double_init_rom.c.obj
 .text.__aeabi_double_init
                0x10012d14       0x94 CMakeFiles/testwolfcrypt.dir/Users/rocksonqwerty/dev/pico/pico-sdk/src/rp2_common/pico_double/double_init_rom.c.obj
                0x10012d14                __aeabi_double_init
 .text.double_table_shim_on_use_helper
                0x10012da8       0x2c CMakeFiles/testwolfcrypt.dir/Users/rocksonqwerty/dev/pico/pico-sdk/src/rp2_common/pico_double/double_v1_rom_shim.S.obj
                0x10012da8                double_table_shim_on_use_helper
 .text.__aeabi_lmul
                0x10012dd4       0x32 CMakeFiles/testwolfcrypt.dir/Users/rocksonqwerty/dev/pico/pico-sdk/src/rp2_common/pico_int64_ops/pico_int64_ops_aeabi.S.obj
                0x10012dd4                __wrap___aeabi_lmul
 *fill*         0x10012e06        0x2 
 .text.missing_float_func_shim
                0x10012e08        0xc CMakeFiles/testwolfcrypt.dir/Users/rocksonqwerty/dev/pico/pico-sdk/src/rp2_common/pico_float/float_init_rom.c.obj
 .text.__aeabi_float_init
                0x10012e14       0x5c CMakeFiles/testwolfcrypt.dir/Users/rocksonqwerty/dev/pico/pico-sdk/src/rp2_common/pico_float/float_init_rom.c.obj
                0x10012e14                __aeabi_float_init
 .text.__wrap_malloc
                0x10012e70       0x24 CMakeFiles/testwolfcrypt.dir/Users/rocksonqwerty/dev/pico/pico-sdk/src/rp2_common/pico_malloc/pico_malloc.c.obj
                0x10012e70                __wrap_malloc
 .text.__wrap_calloc
                0x10012e94       0x24 CMakeFiles/testwolfcrypt.dir/Users/rocksonqwerty/dev/pico/pico-sdk/src/rp2_common/pico_malloc/pico_malloc.c.obj
                0x10012e94                __wrap_calloc
 .text.__wrap_realloc
                0x10012eb8       0x24 CMakeFiles/testwolfcrypt.dir/Users/rocksonqwerty/dev/pico/pico-sdk/src/rp2_common/pico_malloc/pico_malloc.c.obj
                0x10012eb8                __wrap_realloc
 .text.__wrap_free
                0x10012edc        0x8 CMakeFiles/testwolfcrypt.dir/Users/rocksonqwerty/dev/pico/pico-sdk/src/rp2_common/pico_malloc/pico_malloc.c.obj
                0x10012edc                __wrap_free
 .text          0x10012ee4       0x10 CMakeFiles/testwolfcrypt.dir/Users/rocksonqwerty/dev/pico/pico-sdk/src/rp2_common/pico_mem_ops/mem_ops_aeabi.S.obj
                0x10012ee4                __aeabi_mem_init
 .text.memset   0x10012ef4        0xc CMakeFiles/testwolfcrypt.dir/Users/rocksonqwerty/dev/pico/pico-sdk/src/rp2_common/pico_mem_ops/mem_ops_aeabi.S.obj
                0x10012ef4                __wrap_memset
 .text.memcpy   0x10012f00        0xc CMakeFiles/testwolfcrypt.dir/Users/rocksonqwerty/dev/pico/pico-sdk/src/rp2_common/pico_mem_ops/mem_ops_aeabi.S.obj
                0x10012f00                __wrap___aeabi_memcpy
                0x10012f00                __wrap_memcpy
 .text.stdio_out_chars_crlf
                0x10012f0c       0x94 CMakeFiles/testwolfcrypt.dir/Users/rocksonqwerty/dev/pico/pico-sdk/src/rp2_common/pico_stdio/stdio.c.obj
 .text.stdio_buffered_printer
                0x10012fa0       0x64 CMakeFiles/testwolfcrypt.dir/Users/rocksonqwerty/dev/pico/pico-sdk/src/rp2_common/pico_stdio/stdio.c.obj
 .text.__wrap_putchar
                0x10013004       0x98 CMakeFiles/testwolfcrypt.dir/Users/rocksonqwerty/dev/pico/pico-sdk/src/rp2_common/pico_stdio/stdio.c.obj
                0x10013004                __wrap_putchar
 .text.__wrap_puts
                0x1001309c       0xe0 CMakeFiles/testwolfcrypt.dir/Users/rocksonqwerty/dev/pico/pico-sdk/src/rp2_common/pico_stdio/stdio.c.obj
                0x1001309c                __wrap_puts
 .text._read    0x1001317c       0x94 CMakeFiles/testwolfcrypt.dir/Users/rocksonqwerty/dev/pico/pico-sdk/src/rp2_common/pico_stdio/stdio.c.obj
                0x1001317c                _read
 .text._write   0x10013210       0xb4 CMakeFiles/testwolfcrypt.dir/Users/rocksonqwerty/dev/pico/pico-sdk/src/rp2_common/pico_stdio/stdio.c.obj
                0x10013210                _write
 .text._close   0x100132c4        0x8 CMakeFiles/testwolfcrypt.dir/Users/rocksonqwerty/dev/pico/pico-sdk/src/rp2_common/pico_stdio/stdio.c.obj
                0x100132c4                _close
 .text._lseek   0x100132cc        0x8 CMakeFiles/testwolfcrypt.dir/Users/rocksonqwerty/dev/pico/pico-sdk/src/rp2_common/pico_stdio/stdio.c.obj
                0x100132cc                _lseek
 .text.stdio_set_driver_enabled
                0x100132d4       0x30 CMakeFiles/testwolfcrypt.dir/Users/rocksonqwerty/dev/pico/pico-sdk/src/rp2_common/pico_stdio/stdio.c.obj
                0x100132d4                stdio_set_driver_enabled
 .text.__wrap_vprintf
                0x10013304       0xd4 CMakeFiles/testwolfcrypt.dir/Users/rocksonqwerty/dev/pico/pico-sdk/src/rp2_common/pico_stdio/stdio.c.obj
                0x10013304                __wrap_vprintf
 .text.__wrap_printf
                0x100133d8       0x18 CMakeFiles/testwolfcrypt.dir/Users/rocksonqwerty/dev/pico/pico-sdk/src/rp2_common/pico_stdio/stdio.c.obj
                0x100133d8                __wrap_printf
 .text.stdio_init_all
                0x100133f0        0x8 CMakeFiles/testwolfcrypt.dir/Users/rocksonqwerty/dev/pico/pico-sdk/src/rp2_common/pico_stdio/stdio.c.obj
                0x100133f0                stdio_init_all
 .text.resetd_init
                0x100133f8        0x4 CMakeFiles/testwolfcrypt.dir/Users/rocksonqwerty/dev/pico/pico-sdk/src/rp2_common/pico_stdio_usb/reset_interface.c.obj
 .text.resetd_reset
                0x100133fc        0xc CMakeFiles/testwolfcrypt.dir/Users/rocksonqwerty/dev/pico/pico-sdk/src/rp2_common/pico_stdio_usb/reset_interface.c.obj
 .text.resetd_open
                0x10013408       0x28 CMakeFiles/testwolfcrypt.dir/Users/rocksonqwerty/dev/pico/pico-sdk/src/rp2_common/pico_stdio_usb/reset_interface.c.obj
 .text.resetd_xfer_cb
                0x10013430        0x4 CMakeFiles/testwolfcrypt.dir/Users/rocksonqwerty/dev/pico/pico-sdk/src/rp2_common/pico_stdio_usb/reset_interface.c.obj
 .text.resetd_control_xfer_cb
                0x10013434       0x60 CMakeFiles/testwolfcrypt.dir/Users/rocksonqwerty/dev/pico/pico-sdk/src/rp2_common/pico_stdio_usb/reset_interface.c.obj
 .text.usbd_app_driver_get_cb
                0x10013494        0xc CMakeFiles/testwolfcrypt.dir/Users/rocksonqwerty/dev/pico/pico-sdk/src/rp2_common/pico_stdio_usb/reset_interface.c.obj
                0x10013494                usbd_app_driver_get_cb
 .text.tud_cdc_line_coding_cb
                0x100134a0       0x34 CMakeFiles/testwolfcrypt.dir/Users/rocksonqwerty/dev/pico/pico-sdk/src/rp2_common/pico_stdio_usb/reset_interface.c.obj
                0x100134a0                tud_cdc_line_coding_cb
 .text.stdio_usb_set_chars_available_callback
                0x100134d4       0x14 CMakeFiles/testwolfcrypt.dir/Users/rocksonqwerty/dev/pico/pico-sdk/src/rp2_common/pico_stdio_usb/stdio_usb.c.obj
                0x100134d4                stdio_usb_set_chars_available_callback
 .text.usb_irq  0x100134e8       0x10 CMakeFiles/testwolfcrypt.dir/Users/rocksonqwerty/dev/pico/pico-sdk/src/rp2_common/pico_stdio_usb/stdio_usb.c.obj
 .text.timer_task
                0x100134f8       0x54 CMakeFiles/testwolfcrypt.dir/Users/rocksonqwerty/dev/pico/pico-sdk/src/rp2_common/pico_stdio_usb/stdio_usb.c.obj
 .text.stdio_usb_in_chars
                0x1001354c       0x90 CMakeFiles/testwolfcrypt.dir/Users/rocksonqwerty/dev/pico/pico-sdk/src/rp2_common/pico_stdio_usb/stdio_usb.c.obj
                0x1001354c                stdio_usb_in_chars
 .text.stdio_usb_out_chars
                0x100135dc      0x104 CMakeFiles/testwolfcrypt.dir/Users/rocksonqwerty/dev/pico/pico-sdk/src/rp2_common/pico_stdio_usb/stdio_usb.c.obj
 .text.low_priority_worker_irq
                0x100136e0       0xa8 CMakeFiles/testwolfcrypt.dir/Users/rocksonqwerty/dev/pico/pico-sdk/src/rp2_common/pico_stdio_usb/stdio_usb.c.obj
 .text.tud_cdc_rx_cb
                0x10013788       0x20 CMakeFiles/testwolfcrypt.dir/Users/rocksonqwerty/dev/pico/pico-sdk/src/rp2_common/pico_stdio_usb/stdio_usb.c.obj
                0x10013788                tud_cdc_rx_cb
 .text.stdio_usb_init
                0x100137a8       0xe0 CMakeFiles/testwolfcrypt.dir/Users/rocksonqwerty/dev/pico/pico-sdk/src/rp2_common/pico_stdio_usb/stdio_usb.c.obj
                0x100137a8                stdio_usb_init
 .text.tud_descriptor_device_cb
                0x10013888        0x8 CMakeFiles/testwolfcrypt.dir/Users/rocksonqwerty/dev/pico/pico-sdk/src/rp2_common/pico_stdio_usb/stdio_usb_descriptors.c.obj
                0x10013888                tud_descriptor_device_cb
 .text.tud_descriptor_configuration_cb
                0x10013890        0x8 CMakeFiles/testwolfcrypt.dir/Users/rocksonqwerty/dev/pico/pico-sdk/src/rp2_common/pico_stdio_usb/stdio_usb_descriptors.c.obj
                0x10013890                tud_descriptor_configuration_cb
 .text.tud_descriptor_string_cb
                0x10013898       0x78 CMakeFiles/testwolfcrypt.dir/Users/rocksonqwerty/dev/pico/pico-sdk/src/rp2_common/pico_stdio_usb/stdio_usb_descriptors.c.obj
                0x10013898                tud_descriptor_string_cb
 .text.startup._retrieve_unique_id_on_boot
                0x10013910       0x10 CMakeFiles/testwolfcrypt.dir/Users/rocksonqwerty/dev/pico/pico-sdk/src/rp2_common/pico_unique_id/unique_id.c.obj
 .text.pico_get_unique_board_id
                0x10013920       0x10 CMakeFiles/testwolfcrypt.dir/Users/rocksonqwerty/dev/pico/pico-sdk/src/rp2_common/pico_unique_id/unique_id.c.obj
                0x10013920                pico_get_unique_board_id
 .text.pico_get_unique_board_id_string
                0x10013930      0x1a8 CMakeFiles/testwolfcrypt.dir/Users/rocksonqwerty/dev/pico/pico-sdk/src/rp2_common/pico_unique_id/unique_id.c.obj
                0x10013930                pico_get_unique_board_id_string
 .text.flash_get_unique_id
                0x10013ad8       0x40 CMakeFiles/testwolfcrypt.dir/Users/rocksonqwerty/dev/pico/pico-sdk/src/rp2_common/hardware_flash/flash.c.obj
                0x10013ad8                flash_get_unique_id
 .text.dcd_int_enable
                0x10013b18        0xc CMakeFiles/testwolfcrypt.dir/Users/rocksonqwerty/dev/pico/pico-sdk/lib/tinyusb/src/portable/raspberrypi/rp2040/dcd_rp2040.c.obj
                0x10013b18                dcd_int_enable
 .text.dcd_set_address
                0x10013b24       0x14 CMakeFiles/testwolfcrypt.dir/Users/rocksonqwerty/dev/pico/pico-sdk/lib/tinyusb/src/portable/raspberrypi/rp2040/dcd_rp2040.c.obj
                0x10013b24                dcd_set_address
 .text.dcd_connect
                0x10013b38       0x10 CMakeFiles/testwolfcrypt.dir/Users/rocksonqwerty/dev/pico/pico-sdk/lib/tinyusb/src/portable/raspberrypi/rp2040/dcd_rp2040.c.obj
                0x10013b38                dcd_connect
 .text.dcd_init
                0x10013b48       0x98 CMakeFiles/testwolfcrypt.dir/Users/rocksonqwerty/dev/pico/pico-sdk/lib/tinyusb/src/portable/raspberrypi/rp2040/dcd_rp2040.c.obj
                0x10013b48                dcd_init
 .text.dcd_edpt0_status_complete
                0x10013be0       0x1c CMakeFiles/testwolfcrypt.dir/Users/rocksonqwerty/dev/pico/pico-sdk/lib/tinyusb/src/portable/raspberrypi/rp2040/dcd_rp2040.c.obj
                0x10013be0                dcd_edpt0_status_complete
 .text.dcd_edpt_open
                0x10013bfc      0x108 CMakeFiles/testwolfcrypt.dir/Users/rocksonqwerty/dev/pico/pico-sdk/lib/tinyusb/src/portable/raspberrypi/rp2040/dcd_rp2040.c.obj
                0x10013bfc                dcd_edpt_open
 .text.dcd_edpt_close_all
                0x10013d04        0x8 CMakeFiles/testwolfcrypt.dir/Users/rocksonqwerty/dev/pico/pico-sdk/lib/tinyusb/src/portable/raspberrypi/rp2040/dcd_rp2040.c.obj
                0x10013d04                dcd_edpt_close_all
 .text.dcd_edpt_xfer
                0x10013d0c       0x24 CMakeFiles/testwolfcrypt.dir/Users/rocksonqwerty/dev/pico/pico-sdk/lib/tinyusb/src/portable/raspberrypi/rp2040/dcd_rp2040.c.obj
                0x10013d0c                dcd_edpt_xfer
 .text.dcd_edpt_stall
                0x10013d30       0x34 CMakeFiles/testwolfcrypt.dir/Users/rocksonqwerty/dev/pico/pico-sdk/lib/tinyusb/src/portable/raspberrypi/rp2040/dcd_rp2040.c.obj
                0x10013d30                dcd_edpt_stall
 .text.dcd_edpt_clear_stall
                0x10013d64       0x30 CMakeFiles/testwolfcrypt.dir/Users/rocksonqwerty/dev/pico/pico-sdk/lib/tinyusb/src/portable/raspberrypi/rp2040/dcd_rp2040.c.obj
                0x10013d64                dcd_edpt_clear_stall
 .text.rp2040_usb_init
                0x10013d94       0x4c CMakeFiles/testwolfcrypt.dir/Users/rocksonqwerty/dev/pico/pico-sdk/lib/tinyusb/src/portable/raspberrypi/rp2040/rp2040_usb.c.obj
                0x10013d94                rp2040_usb_init
 .text.hw_endpoint_xfer_start
                0x10013de0       0x40 CMakeFiles/testwolfcrypt.dir/Users/rocksonqwerty/dev/pico/pico-sdk/lib/tinyusb/src/portable/raspberrypi/rp2040/rp2040_usb.c.obj
                0x10013de0                hw_endpoint_xfer_start
 .text.tud_mounted
                0x10013e20       0x10 CMakeFiles/testwolfcrypt.dir/Users/rocksonqwerty/dev/pico/pico-sdk/lib/tinyusb/src/device/usbd.c.obj
                0x10013e20                tud_mounted
 .text.tud_suspended
                0x10013e30       0x10 CMakeFiles/testwolfcrypt.dir/Users/rocksonqwerty/dev/pico/pico-sdk/lib/tinyusb/src/device/usbd.c.obj
                0x10013e30                tud_suspended
 .text.tud_inited
                0x10013e40       0x14 CMakeFiles/testwolfcrypt.dir/Users/rocksonqwerty/dev/pico/pico-sdk/lib/tinyusb/src/device/usbd.c.obj
                0x10013e40                tud_inited
 .text.tud_init
                0x10013e54       0xd8 CMakeFiles/testwolfcrypt.dir/Users/rocksonqwerty/dev/pico/pico-sdk/lib/tinyusb/src/device/usbd.c.obj
                0x10013e54                tud_init
 .text.tud_task_ext
                0x10013f2c      0x8a4 CMakeFiles/testwolfcrypt.dir/Users/rocksonqwerty/dev/pico/pico-sdk/lib/tinyusb/src/device/usbd.c.obj
                0x10013f2c                tud_task_ext
 .text.usbd_open_edpt_pair
                0x100147d0       0x9c CMakeFiles/testwolfcrypt.dir/Users/rocksonqwerty/dev/pico/pico-sdk/lib/tinyusb/src/device/usbd.c.obj
                0x100147d0                usbd_open_edpt_pair
 .text.usbd_defer_func
                0x1001486c       0x48 CMakeFiles/testwolfcrypt.dir/Users/rocksonqwerty/dev/pico/pico-sdk/lib/tinyusb/src/device/usbd.c.obj
                0x1001486c                usbd_defer_func
 .text.usbd_edpt_open
                0x100148b4       0x34 CMakeFiles/testwolfcrypt.dir/Users/rocksonqwerty/dev/pico/pico-sdk/lib/tinyusb/src/device/usbd.c.obj
                0x100148b4                usbd_edpt_open
 .text.usbd_edpt_claim
                0x100148e8       0x28 CMakeFiles/testwolfcrypt.dir/Users/rocksonqwerty/dev/pico/pico-sdk/lib/tinyusb/src/device/usbd.c.obj
                0x100148e8                usbd_edpt_claim
 .text.usbd_edpt_release
                0x10014910       0x28 CMakeFiles/testwolfcrypt.dir/Users/rocksonqwerty/dev/pico/pico-sdk/lib/tinyusb/src/device/usbd.c.obj
                0x10014910                usbd_edpt_release
 .text.usbd_edpt_xfer
                0x10014938       0x4c CMakeFiles/testwolfcrypt.dir/Users/rocksonqwerty/dev/pico/pico-sdk/lib/tinyusb/src/device/usbd.c.obj
                0x10014938                usbd_edpt_xfer
 .text.tud_control_status
                0x10014984       0x2c CMakeFiles/testwolfcrypt.dir/Users/rocksonqwerty/dev/pico/pico-sdk/lib/tinyusb/src/device/usbd_control.c.obj
                0x10014984                tud_control_status
 .text.tud_control_xfer
                0x100149b0       0xac CMakeFiles/testwolfcrypt.dir/Users/rocksonqwerty/dev/pico/pico-sdk/lib/tinyusb/src/device/usbd_control.c.obj
                0x100149b0                tud_control_xfer
 .text.usbd_control_reset
                0x10014a5c       0x14 CMakeFiles/testwolfcrypt.dir/Users/rocksonqwerty/dev/pico/pico-sdk/lib/tinyusb/src/device/usbd_control.c.obj
                0x10014a5c                usbd_control_reset
 .text.usbd_control_set_complete_callback
                0x10014a70        0xc CMakeFiles/testwolfcrypt.dir/Users/rocksonqwerty/dev/pico/pico-sdk/lib/tinyusb/src/device/usbd_control.c.obj
                0x10014a70                usbd_control_set_complete_callback
 .text.usbd_control_set_request
                0x10014a7c       0x1c CMakeFiles/testwolfcrypt.dir/Users/rocksonqwerty/dev/pico/pico-sdk/lib/tinyusb/src/device/usbd_control.c.obj
                0x10014a7c                usbd_control_set_request
 .text.usbd_control_xfer_cb
                0x10014a98       0xf4 CMakeFiles/testwolfcrypt.dir/Users/rocksonqwerty/dev/pico/pico-sdk/lib/tinyusb/src/device/usbd_control.c.obj
                0x10014a98                usbd_control_xfer_cb
 .text.tud_cdc_n_connected
                0x10014b8c       0x30 CMakeFiles/testwolfcrypt.dir/Users/rocksonqwerty/dev/pico/pico-sdk/lib/tinyusb/src/class/cdc/cdc_device.c.obj
                0x10014b8c                tud_cdc_n_connected
 .text.tud_cdc_n_available
                0x10014bbc       0x18 CMakeFiles/testwolfcrypt.dir/Users/rocksonqwerty/dev/pico/pico-sdk/lib/tinyusb/src/class/cdc/cdc_device.c.obj
                0x10014bbc                tud_cdc_n_available
 .text.tud_cdc_n_read
                0x10014bd4       0x70 CMakeFiles/testwolfcrypt.dir/Users/rocksonqwerty/dev/pico/pico-sdk/lib/tinyusb/src/class/cdc/cdc_device.c.obj
                0x10014bd4                tud_cdc_n_read
 .text.tud_cdc_n_write_flush
                0x10014c44       0x78 CMakeFiles/testwolfcrypt.dir/Users/rocksonqwerty/dev/pico/pico-sdk/lib/tinyusb/src/class/cdc/cdc_device.c.obj
                0x10014c44                tud_cdc_n_write_flush
 .text.tud_cdc_n_write
                0x10014cbc       0x34 CMakeFiles/testwolfcrypt.dir/Users/rocksonqwerty/dev/pico/pico-sdk/lib/tinyusb/src/class/cdc/cdc_device.c.obj
                0x10014cbc                tud_cdc_n_write
 .text.tud_cdc_n_write_available
                0x10014cf0       0x18 CMakeFiles/testwolfcrypt.dir/Users/rocksonqwerty/dev/pico/pico-sdk/lib/tinyusb/src/class/cdc/cdc_device.c.obj
                0x10014cf0                tud_cdc_n_write_available
 .text.cdcd_init
                0x10014d08       0x7c CMakeFiles/testwolfcrypt.dir/Users/rocksonqwerty/dev/pico/pico-sdk/lib/tinyusb/src/class/cdc/cdc_device.c.obj
                0x10014d08                cdcd_init
 .text.cdcd_reset
                0x10014d84       0x2c CMakeFiles/testwolfcrypt.dir/Users/rocksonqwerty/dev/pico/pico-sdk/lib/tinyusb/src/class/cdc/cdc_device.c.obj
                0x10014d84                cdcd_reset
 .text.cdcd_open
                0x10014db0       0xe4 CMakeFiles/testwolfcrypt.dir/Users/rocksonqwerty/dev/pico/pico-sdk/lib/tinyusb/src/class/cdc/cdc_device.c.obj
                0x10014db0                cdcd_open
 .text.cdcd_control_xfer_cb
                0x10014e94       0xe4 CMakeFiles/testwolfcrypt.dir/Users/rocksonqwerty/dev/pico/pico-sdk/lib/tinyusb/src/class/cdc/cdc_device.c.obj
                0x10014e94                cdcd_control_xfer_cb
 .text.cdcd_xfer_cb
                0x10014f78      0x13c CMakeFiles/testwolfcrypt.dir/Users/rocksonqwerty/dev/pico/pico-sdk/lib/tinyusb/src/class/cdc/cdc_device.c.obj
                0x10014f78                cdcd_xfer_cb
 .text.tusb_init
                0x100150b4        0xc CMakeFiles/testwolfcrypt.dir/Users/rocksonqwerty/dev/pico/pico-sdk/lib/tinyusb/src/tusb.c.obj
                0x100150b4                tusb_init
 .text.tusb_inited
                0x100150c0        0x8 CMakeFiles/testwolfcrypt.dir/Users/rocksonqwerty/dev/pico/pico-sdk/lib/tinyusb/src/tusb.c.obj
                0x100150c0                tusb_inited
 .text.tu_edpt_claim
                0x100150c8       0x50 CMakeFiles/testwolfcrypt.dir/Users/rocksonqwerty/dev/pico/pico-sdk/lib/tinyusb/src/tusb.c.obj
                0x100150c8                tu_edpt_claim
 .text.tu_edpt_release
                0x10015118       0x38 CMakeFiles/testwolfcrypt.dir/Users/rocksonqwerty/dev/pico/pico-sdk/lib/tinyusb/src/tusb.c.obj
                0x10015118                tu_edpt_release
 .text.tu_edpt_validate
                0x10015150       0x7c CMakeFiles/testwolfcrypt.dir/Users/rocksonqwerty/dev/pico/pico-sdk/lib/tinyusb/src/tusb.c.obj
                0x10015150                tu_edpt_validate
 .text.tu_edpt_bind_driver
                0x100151cc       0x34 CMakeFiles/testwolfcrypt.dir/Users/rocksonqwerty/dev/pico/pico-sdk/lib/tinyusb/src/tusb.c.obj
                0x100151cc                tu_edpt_bind_driver
 .text.tu_fifo_config
                0x10015200       0x6c CMakeFiles/testwolfcrypt.dir/Users/rocksonqwerty/dev/pico/pico-sdk/lib/tinyusb/src/common/tusb_fifo.c.obj
                0x10015200                tu_fifo_config
 .text.tu_fifo_count
                0x1001526c       0x2c CMakeFiles/testwolfcrypt.dir/Users/rocksonqwerty/dev/pico/pico-sdk/lib/tinyusb/src/common/tusb_fifo.c.obj
                0x1001526c                tu_fifo_count
 .text.tu_fifo_empty
                0x10015298       0x10 CMakeFiles/testwolfcrypt.dir/Users/rocksonqwerty/dev/pico/pico-sdk/lib/tinyusb/src/common/tusb_fifo.c.obj
                0x10015298                tu_fifo_empty
 .text.tu_fifo_remaining
                0x100152a8       0x2c CMakeFiles/testwolfcrypt.dir/Users/rocksonqwerty/dev/pico/pico-sdk/lib/tinyusb/src/common/tusb_fifo.c.obj
                0x100152a8                tu_fifo_remaining
 .text.tu_fifo_read
                0x100152d4       0x9c CMakeFiles/testwolfcrypt.dir/Users/rocksonqwerty/dev/pico/pico-sdk/lib/tinyusb/src/common/tusb_fifo.c.obj
                0x100152d4                tu_fifo_read
 .text.tu_fifo_read_n
                0x10015370       0xe8 CMakeFiles/testwolfcrypt.dir/Users/rocksonqwerty/dev/pico/pico-sdk/lib/tinyusb/src/common/tusb_fifo.c.obj
                0x10015370                tu_fifo_read_n
 .text.tu_fifo_write
                0x10015458       0x88 CMakeFiles/testwolfcrypt.dir/Users/rocksonqwerty/dev/pico/pico-sdk/lib/tinyusb/src/common/tusb_fifo.c.obj
                0x10015458                tu_fifo_write
 .text.tu_fifo_write_n
                0x100154e0      0x178 CMakeFiles/testwolfcrypt.dir/Users/rocksonqwerty/dev/pico/pico-sdk/lib/tinyusb/src/common/tusb_fifo.c.obj
                0x100154e0                tu_fifo_write_n
 .text.tu_fifo_clear
                0x10015658       0x40 CMakeFiles/testwolfcrypt.dir/Users/rocksonqwerty/dev/pico/pico-sdk/lib/tinyusb/src/common/tusb_fifo.c.obj
                0x10015658                tu_fifo_clear
 .text.tu_fifo_set_overwritable
                0x10015698       0x48 CMakeFiles/testwolfcrypt.dir/Users/rocksonqwerty/dev/pico/pico-sdk/lib/tinyusb/src/common/tusb_fifo.c.obj
                0x10015698                tu_fifo_set_overwritable
 .text.cyw43_arch_set_async_context
                0x100156e0        0xc CMakeFiles/testwolfcrypt.dir/Users/rocksonqwerty/dev/pico/pico-sdk/src/rp2_common/pico_cyw43_arch/cyw43_arch.c.obj
                0x100156e0                cyw43_arch_set_async_context
 .text.cyw43_arch_init_with_country
                0x100156ec       0x10 CMakeFiles/testwolfcrypt.dir/Users/rocksonqwerty/dev/pico/pico-sdk/src/rp2_common/pico_cyw43_arch/cyw43_arch.c.obj
                0x100156ec                cyw43_arch_init_with_country
 .text.cyw43_arch_gpio_put
                0x100156fc       0x14 CMakeFiles/testwolfcrypt.dir/Users/rocksonqwerty/dev/pico/pico-sdk/src/rp2_common/pico_cyw43_arch/cyw43_arch.c.obj
                0x100156fc                cyw43_arch_gpio_put
 .text.cyw43_arch_async_context
                0x10015710        0xc CMakeFiles/testwolfcrypt.dir/Users/rocksonqwerty/dev/pico/pico-sdk/src/rp2_common/pico_cyw43_arch/cyw43_arch.c.obj
                0x10015710                cyw43_arch_async_context
 .text.cyw43_arch_init
                0x1001571c       0x64 CMakeFiles/testwolfcrypt.dir/Users/rocksonqwerty/dev/pico/pico-sdk/src/rp2_common/pico_cyw43_arch/cyw43_arch_threadsafe_background.c.obj
                0x1001571c                cyw43_arch_init
 .text.ns_delay.constprop.0
                0x10015780       0x20 CMakeFiles/testwolfcrypt.dir/Users/rocksonqwerty/dev/pico/pico-sdk/src/rp2_common/pico_cyw43_driver/cyw43_bus_pio_spi.c.obj
 .text.cyw43_spi_deinit
                0x100157a0       0x7c CMakeFiles/testwolfcrypt.dir/Users/rocksonqwerty/dev/pico/pico-sdk/src/rp2_common/pico_cyw43_driver/cyw43_bus_pio_spi.c.obj
                0x100157a0                cyw43_spi_deinit
 .text.cyw43_spi_init
                0x1001581c      0x14c CMakeFiles/testwolfcrypt.dir/Users/rocksonqwerty/dev/pico/pico-sdk/src/rp2_common/pico_cyw43_driver/cyw43_bus_pio_spi.c.obj
                0x1001581c                cyw43_spi_init
 .text.cyw43_spi_transfer
                0x10015968      0x3e0 CMakeFiles/testwolfcrypt.dir/Users/rocksonqwerty/dev/pico/pico-sdk/src/rp2_common/pico_cyw43_driver/cyw43_bus_pio_spi.c.obj
                0x10015968                cyw43_spi_transfer
 .text.cyw43_spi_gpio_setup
                0x10015d48       0x3c CMakeFiles/testwolfcrypt.dir/Users/rocksonqwerty/dev/pico/pico-sdk/src/rp2_common/pico_cyw43_driver/cyw43_bus_pio_spi.c.obj
                0x10015d48                cyw43_spi_gpio_setup
 .text.cyw43_spi_reset
                0x10015d84       0x28 CMakeFiles/testwolfcrypt.dir/Users/rocksonqwerty/dev/pico/pico-sdk/src/rp2_common/pico_cyw43_driver/cyw43_bus_pio_spi.c.obj
                0x10015d84                cyw43_spi_reset
 .text.read_reg_u32_swap
                0x10015dac       0x3c CMakeFiles/testwolfcrypt.dir/Users/rocksonqwerty/dev/pico/pico-sdk/src/rp2_common/pico_cyw43_driver/cyw43_bus_pio_spi.c.obj
                0x10015dac                read_reg_u32_swap
 .text.cyw43_read_reg_u32
                0x10015de8       0x54 CMakeFiles/testwolfcrypt.dir/Users/rocksonqwerty/dev/pico/pico-sdk/src/rp2_common/pico_cyw43_driver/cyw43_bus_pio_spi.c.obj
                0x10015de8                cyw43_read_reg_u32
 .text.cyw43_read_reg_u16
                0x10015e3c       0x54 CMakeFiles/testwolfcrypt.dir/Users/rocksonqwerty/dev/pico/pico-sdk/src/rp2_common/pico_cyw43_driver/cyw43_bus_pio_spi.c.obj
                0x10015e3c                cyw43_read_reg_u16
 .text.cyw43_read_reg_u8
                0x10015e90       0x54 CMakeFiles/testwolfcrypt.dir/Users/rocksonqwerty/dev/pico/pico-sdk/src/rp2_common/pico_cyw43_driver/cyw43_bus_pio_spi.c.obj
                0x10015e90                cyw43_read_reg_u8
 .text.write_reg_u32_swap
                0x10015ee4      0x1e8 CMakeFiles/testwolfcrypt.dir/Users/rocksonqwerty/dev/pico/pico-sdk/src/rp2_common/pico_cyw43_driver/cyw43_bus_pio_spi.c.obj
                0x10015ee4                write_reg_u32_swap
 .text.cyw43_write_reg_u32
                0x100160cc      0x208 CMakeFiles/testwolfcrypt.dir/Users/rocksonqwerty/dev/pico/pico-sdk/src/rp2_common/pico_cyw43_driver/cyw43_bus_pio_spi.c.obj
                0x100160cc                cyw43_write_reg_u32
 .text.cyw43_write_reg_u16
                0x100162d4      0x208 CMakeFiles/testwolfcrypt.dir/Users/rocksonqwerty/dev/pico/pico-sdk/src/rp2_common/pico_cyw43_driver/cyw43_bus_pio_spi.c.obj
                0x100162d4                cyw43_write_reg_u16
 .text.cyw43_write_reg_u8
                0x100164dc      0x208 CMakeFiles/testwolfcrypt.dir/Users/rocksonqwerty/dev/pico/pico-sdk/src/rp2_common/pico_cyw43_driver/cyw43_bus_pio_spi.c.obj
                0x100164dc                cyw43_write_reg_u8
 .text.cyw43_read_bytes
                0x100166e4       0x78 CMakeFiles/testwolfcrypt.dir/Users/rocksonqwerty/dev/pico/pico-sdk/src/rp2_common/pico_cyw43_driver/cyw43_bus_pio_spi.c.obj
                0x100166e4                cyw43_read_bytes
 .text.cyw43_write_bytes
                0x1001675c       0xc4 CMakeFiles/testwolfcrypt.dir/Users/rocksonqwerty/dev/pico/pico-sdk/src/rp2_common/pico_cyw43_driver/cyw43_bus_pio_spi.c.obj
                0x1001675c                cyw43_write_bytes
 .text.cyw43_set_backplane_window
                0x10016820       0x68 CMakeFiles/testwolfcrypt.dir/Users/rocksonqwerty/dev/pico/pico-sdk/lib/cyw43-driver/src/cyw43_ll.c.obj
 .text.cyw43_ll_parse_async_event
                0x10016888      0x134 CMakeFiles/testwolfcrypt.dir/Users/rocksonqwerty/dev/pico/pico-sdk/lib/cyw43-driver/src/cyw43_ll.c.obj
 .text.cyw43_kso_set
                0x100169bc       0x80 CMakeFiles/testwolfcrypt.dir/Users/rocksonqwerty/dev/pico/pico-sdk/lib/cyw43-driver/src/cyw43_ll.c.obj
 .text.cyw43_ll_sdpcm_poll_device
                0x10016a3c      0x238 CMakeFiles/testwolfcrypt.dir/Users/rocksonqwerty/dev/pico/pico-sdk/lib/cyw43-driver/src/cyw43_ll.c.obj
 .text.cyw43_sdpcm_send_common
                0x10016c74       0xf4 CMakeFiles/testwolfcrypt.dir/Users/rocksonqwerty/dev/pico/pico-sdk/lib/cyw43-driver/src/cyw43_ll.c.obj
 .text.cyw43_do_ioctl
                0x10016d68      0x110 CMakeFiles/testwolfcrypt.dir/Users/rocksonqwerty/dev/pico/pico-sdk/lib/cyw43-driver/src/cyw43_ll.c.obj
 .text.cyw43_do_ioctl.constprop.0
                0x10016e78      0x108 CMakeFiles/testwolfcrypt.dir/Users/rocksonqwerty/dev/pico/pico-sdk/lib/cyw43-driver/src/cyw43_ll.c.obj
 .text.cyw43_read_backplane.constprop.0
                0x10016f80       0xe4 CMakeFiles/testwolfcrypt.dir/Users/rocksonqwerty/dev/pico/pico-sdk/lib/cyw43-driver/src/cyw43_ll.c.obj
 .text.reset_device_core.constprop.0
                0x10017064      0x410 CMakeFiles/testwolfcrypt.dir/Users/rocksonqwerty/dev/pico/pico-sdk/lib/cyw43-driver/src/cyw43_ll.c.obj
 .text.cyw43_ll_init
                0x10017474       0x1c CMakeFiles/testwolfcrypt.dir/Users/rocksonqwerty/dev/pico/pico-sdk/lib/cyw43-driver/src/cyw43_ll.c.obj
                0x10017474                cyw43_ll_init
 .text.cyw43_ll_deinit
                0x10017490        0x8 CMakeFiles/testwolfcrypt.dir/Users/rocksonqwerty/dev/pico/pico-sdk/lib/cyw43-driver/src/cyw43_ll.c.obj
                0x10017490                cyw43_ll_deinit
 .text.cyw43_ll_process_packets
                0x10017498       0x54 CMakeFiles/testwolfcrypt.dir/Users/rocksonqwerty/dev/pico/pico-sdk/lib/cyw43-driver/src/cyw43_ll.c.obj
                0x10017498                cyw43_ll_process_packets
 .text.cyw43_ll_ioctl
                0x100174ec       0x20 CMakeFiles/testwolfcrypt.dir/Users/rocksonqwerty/dev/pico/pico-sdk/lib/cyw43-driver/src/cyw43_ll.c.obj
                0x100174ec                cyw43_ll_ioctl
 .text.cyw43_ll_bus_sleep
                0x1001750c       0x34 CMakeFiles/testwolfcrypt.dir/Users/rocksonqwerty/dev/pico/pico-sdk/lib/cyw43-driver/src/cyw43_ll.c.obj
                0x1001750c                cyw43_ll_bus_sleep
 .text.cyw43_ll_bus_init
                0x10017540      0xbd0 CMakeFiles/testwolfcrypt.dir/Users/rocksonqwerty/dev/pico/pico-sdk/lib/cyw43-driver/src/cyw43_ll.c.obj
                0x10017540                cyw43_ll_bus_init
 .text.cyw43_ll_wifi_get_mac
                0x10018110       0x40 CMakeFiles/testwolfcrypt.dir/Users/rocksonqwerty/dev/pico/pico-sdk/lib/cyw43-driver/src/cyw43_ll.c.obj
                0x10018110                cyw43_ll_wifi_get_mac
 .text.cyw43_ll_wifi_set_wpa_auth
                0x10018150       0x2c CMakeFiles/testwolfcrypt.dir/Users/rocksonqwerty/dev/pico/pico-sdk/lib/cyw43-driver/src/cyw43_ll.c.obj
                0x10018150                cyw43_ll_wifi_set_wpa_auth
 .text.cyw43_ll_wifi_rejoin
                0x1001817c       0x1c CMakeFiles/testwolfcrypt.dir/Users/rocksonqwerty/dev/pico/pico-sdk/lib/cyw43-driver/src/cyw43_ll.c.obj
                0x1001817c                cyw43_ll_wifi_rejoin
 .text.cyw43_ll_gpio_set
                0x10018198       0x68 CMakeFiles/testwolfcrypt.dir/Users/rocksonqwerty/dev/pico/pico-sdk/lib/cyw43-driver/src/cyw43_ll.c.obj
                0x10018198                cyw43_ll_gpio_set
 .text.cyw43_ll_has_work
                0x10018200       0x14 CMakeFiles/testwolfcrypt.dir/Users/rocksonqwerty/dev/pico/pico-sdk/lib/cyw43-driver/src/cyw43_ll.c.obj
                0x10018200                cyw43_ll_has_work
 .text.cyw43_poll_func
                0x10018214       0xc0 CMakeFiles/testwolfcrypt.dir/Users/rocksonqwerty/dev/pico/pico-sdk/lib/cyw43-driver/src/cyw43_ctrl.c.obj
 .text.cyw43_init
                0x100182d4       0x6c CMakeFiles/testwolfcrypt.dir/Users/rocksonqwerty/dev/pico/pico-sdk/lib/cyw43-driver/src/cyw43_ctrl.c.obj
                0x100182d4                cyw43_init
 .text.cyw43_deinit
                0x10018340       0x90 CMakeFiles/testwolfcrypt.dir/Users/rocksonqwerty/dev/pico/pico-sdk/lib/cyw43-driver/src/cyw43_ctrl.c.obj
                0x10018340                cyw43_deinit
 .text.cyw43_cb_read_host_interrupt_pin
                0x100183d0        0xc CMakeFiles/testwolfcrypt.dir/Users/rocksonqwerty/dev/pico/pico-sdk/lib/cyw43-driver/src/cyw43_ctrl.c.obj
                0x100183d0                cyw43_cb_read_host_interrupt_pin
 .text.cyw43_cb_ensure_awake
                0x100183dc        0xc CMakeFiles/testwolfcrypt.dir/Users/rocksonqwerty/dev/pico/pico-sdk/lib/cyw43-driver/src/cyw43_ctrl.c.obj
                0x100183dc                cyw43_cb_ensure_awake
 .text.cyw43_cb_process_async_event
                0x100183e8      0x214 CMakeFiles/testwolfcrypt.dir/Users/rocksonqwerty/dev/pico/pico-sdk/lib/cyw43-driver/src/cyw43_ctrl.c.obj
                0x100183e8                cyw43_cb_process_async_event
 .text.cyw43_gpio_set
                0x100185fc       0xa0 CMakeFiles/testwolfcrypt.dir/Users/rocksonqwerty/dev/pico/pico-sdk/lib/cyw43-driver/src/cyw43_ctrl.c.obj
                0x100185fc                cyw43_gpio_set
 .text.pio_sm_unclaim
                0x1001869c       0x20 CMakeFiles/testwolfcrypt.dir/Users/rocksonqwerty/dev/pico/pico-sdk/src/rp2_common/hardware_pio/pio.c.obj
                0x1001869c                pio_sm_unclaim
 .text.pio_claim_unused_sm
                0x100186bc       0x3c CMakeFiles/testwolfcrypt.dir/Users/rocksonqwerty/dev/pico/pico-sdk/src/rp2_common/hardware_pio/pio.c.obj
                0x100186bc                pio_claim_unused_sm
 .text.pio_can_add_program
                0x100186f8       0x68 CMakeFiles/testwolfcrypt.dir/Users/rocksonqwerty/dev/pico/pico-sdk/src/rp2_common/hardware_pio/pio.c.obj
                0x100186f8                pio_can_add_program
 .text.pio_add_program
                0x10018760       0xf0 CMakeFiles/testwolfcrypt.dir/Users/rocksonqwerty/dev/pico/pico-sdk/src/rp2_common/hardware_pio/pio.c.obj
                0x10018760                pio_add_program
 .text.pio_remove_program
                0x10018850       0x34 CMakeFiles/testwolfcrypt.dir/Users/rocksonqwerty/dev/pico/pico-sdk/src/rp2_common/hardware_pio/pio.c.obj
                0x10018850                pio_remove_program
 .text.pio_sm_set_pindirs_with_mask
                0x10018884       0xa8 CMakeFiles/testwolfcrypt.dir/Users/rocksonqwerty/dev/pico/pico-sdk/src/rp2_common/hardware_pio/pio.c.obj
                0x10018884                pio_sm_set_pindirs_with_mask
 .text.pio_sm_set_consecutive_pindirs
                0x1001892c       0xa8 CMakeFiles/testwolfcrypt.dir/Users/rocksonqwerty/dev/pico/pico-sdk/src/rp2_common/hardware_pio/pio.c.obj
                0x1001892c                pio_sm_set_consecutive_pindirs
 .text.dma_channel_unclaim
                0x100189d4       0x14 CMakeFiles/testwolfcrypt.dir/Users/rocksonqwerty/dev/pico/pico-sdk/src/rp2_common/hardware_dma/dma.c.obj
                0x100189d4                dma_channel_unclaim
 .text.dma_claim_unused_channel
                0x100189e8       0x24 CMakeFiles/testwolfcrypt.dir/Users/rocksonqwerty/dev/pico/pico-sdk/src/rp2_common/hardware_dma/dma.c.obj
                0x100189e8                dma_claim_unused_channel
 .text.dma_channel_cleanup
                0x10018a0c       0x60 CMakeFiles/testwolfcrypt.dir/Users/rocksonqwerty/dev/pico/pico-sdk/src/rp2_common/hardware_dma/dma.c.obj
                0x10018a0c                dma_channel_cleanup
 .text.cyw43_sleep_timeout_reached
                0x10018a6c       0x10 CMakeFiles/testwolfcrypt.dir/Users/rocksonqwerty/dev/pico/pico-sdk/src/rp2_common/pico_cyw43_driver/cyw43_driver.c.obj
 .text.cyw43_irq_init
                0x10018a7c       0x28 CMakeFiles/testwolfcrypt.dir/Users/rocksonqwerty/dev/pico/pico-sdk/src/rp2_common/pico_cyw43_driver/cyw43_driver.c.obj
                0x10018a7c                cyw43_irq_init
 .text.cyw43_irq_deinit
                0x10018aa4       0x20 CMakeFiles/testwolfcrypt.dir/Users/rocksonqwerty/dev/pico/pico-sdk/src/rp2_common/pico_cyw43_driver/cyw43_driver.c.obj
                0x10018aa4                cyw43_irq_deinit
 .text.cyw43_gpio_irq_handler
                0x10018ac4       0x44 CMakeFiles/testwolfcrypt.dir/Users/rocksonqwerty/dev/pico/pico-sdk/src/rp2_common/pico_cyw43_driver/cyw43_driver.c.obj
 .text.cyw43_do_poll
                0x10018b08       0x70 CMakeFiles/testwolfcrypt.dir/Users/rocksonqwerty/dev/pico/pico-sdk/src/rp2_common/pico_cyw43_driver/cyw43_driver.c.obj
 .text.cyw43_post_poll_hook
                0x10018b78       0x10 CMakeFiles/testwolfcrypt.dir/Users/rocksonqwerty/dev/pico/pico-sdk/src/rp2_common/pico_cyw43_driver/cyw43_driver.c.obj
                0x10018b78                cyw43_post_poll_hook
 .text.cyw43_schedule_internal_poll_dispatch
                0x10018b88       0x18 CMakeFiles/testwolfcrypt.dir/Users/rocksonqwerty/dev/pico/pico-sdk/src/rp2_common/pico_cyw43_driver/cyw43_driver.c.obj
                0x10018b88                cyw43_schedule_internal_poll_dispatch
 .text.cyw43_driver_init
                0x10018ba0       0x38 CMakeFiles/testwolfcrypt.dir/Users/rocksonqwerty/dev/pico/pico-sdk/src/rp2_common/pico_cyw43_driver/cyw43_driver.c.obj
                0x10018ba0                cyw43_driver_init
 .text.cyw43_driver_deinit
                0x10018bd8       0x44 CMakeFiles/testwolfcrypt.dir/Users/rocksonqwerty/dev/pico/pico-sdk/src/rp2_common/pico_cyw43_driver/cyw43_driver.c.obj
                0x10018bd8                cyw43_driver_deinit
 .text.cyw43_hal_generate_laa_mac
                0x10018c1c       0x28 CMakeFiles/testwolfcrypt.dir/Users/rocksonqwerty/dev/pico/pico-sdk/src/rp2_common/pico_cyw43_driver/cyw43_driver.c.obj
                0x10018c1c                cyw43_hal_generate_laa_mac
 .text.cyw43_thread_enter
                0x10018c44       0x14 CMakeFiles/testwolfcrypt.dir/Users/rocksonqwerty/dev/pico/pico-sdk/src/rp2_common/pico_cyw43_driver/cyw43_driver.c.obj
                0x10018c44                cyw43_thread_enter
 .text.cyw43_thread_exit
                0x10018c58       0x14 CMakeFiles/testwolfcrypt.dir/Users/rocksonqwerty/dev/pico/pico-sdk/src/rp2_common/pico_cyw43_driver/cyw43_driver.c.obj
                0x10018c58                cyw43_thread_exit
 .text.cyw43_await_background_or_timeout_us
                0x10018c6c       0x34 CMakeFiles/testwolfcrypt.dir/Users/rocksonqwerty/dev/pico/pico-sdk/src/rp2_common/pico_cyw43_driver/cyw43_driver.c.obj
                0x10018c6c                cyw43_await_background_or_timeout_us
 .text.cyw43_delay_ms
                0x10018ca0       0x48 CMakeFiles/testwolfcrypt.dir/Users/rocksonqwerty/dev/pico/pico-sdk/src/rp2_common/pico_cyw43_driver/cyw43_driver.c.obj
                0x10018ca0                cyw43_delay_ms
 .text.cyw43_cb_tcpip_deinit
                0x10018ce8        0x4 CMakeFiles/testwolfcrypt.dir/Users/rocksonqwerty/dev/pico/pico-sdk/src/rp2_common/pico_cyw43_driver/cyw43_driver.c.obj
                0x10018ce8                cyw43_cb_tcpip_deinit
 .text.cyw43_cb_tcpip_set_link_up
                0x10018cec        0xc CMakeFiles/testwolfcrypt.dir/Users/rocksonqwerty/dev/pico/pico-sdk/src/rp2_common/pico_cyw43_driver/cyw43_driver.c.obj
                0x10018cec                cyw43_cb_tcpip_set_link_up
 .text.cyw43_cb_tcpip_set_link_down
                0x10018cf8        0xc CMakeFiles/testwolfcrypt.dir/Users/rocksonqwerty/dev/pico/pico-sdk/src/rp2_common/pico_cyw43_driver/cyw43_driver.c.obj
                0x10018cf8                cyw43_cb_tcpip_set_link_down
 .text.cyw43_cb_process_ethernet
                0x10018d04        0xc CMakeFiles/testwolfcrypt.dir/Users/rocksonqwerty/dev/pico/pico-sdk/src/rp2_common/pico_cyw43_driver/cyw43_driver.c.obj
                0x10018d04                cyw43_cb_process_ethernet
 .text.async_context_threadsafe_background_acquire_lock_blocking
                0x10018d10        0xc CMakeFiles/testwolfcrypt.dir/Users/rocksonqwerty/dev/pico/pico-sdk/src/rp2_common/pico_async_context/async_context_threadsafe_background.c.obj
 .text.alarm_handler
                0x10018d1c       0x20 CMakeFiles/testwolfcrypt.dir/Users/rocksonqwerty/dev/pico/pico-sdk/src/rp2_common/pico_async_context/async_context_threadsafe_background.c.obj
 .text.async_context_threadsafe_background_set_work_pending
                0x10018d3c       0x1c CMakeFiles/testwolfcrypt.dir/Users/rocksonqwerty/dev/pico/pico-sdk/src/rp2_common/pico_async_context/async_context_threadsafe_background.c.obj
 .text.process_under_lock
                0x10018d58       0xcc CMakeFiles/testwolfcrypt.dir/Users/rocksonqwerty/dev/pico/pico-sdk/src/rp2_common/pico_async_context/async_context_threadsafe_background.c.obj
 .text.async_context_threadsafe_background_execute_sync
                0x10018e24       0x30 CMakeFiles/testwolfcrypt.dir/Users/rocksonqwerty/dev/pico/pico-sdk/src/rp2_common/pico_async_context/async_context_threadsafe_background.c.obj
                0x10018e24                async_context_threadsafe_background_execute_sync
 .text.async_context_threadsafe_background_deinit
                0x10018e54       0x54 CMakeFiles/testwolfcrypt.dir/Users/rocksonqwerty/dev/pico/pico-sdk/src/rp2_common/pico_async_context/async_context_threadsafe_background.c.obj
 .text.low_priority_irq_handler
                0x10018ea8       0x3c CMakeFiles/testwolfcrypt.dir/Users/rocksonqwerty/dev/pico/pico-sdk/src/rp2_common/pico_async_context/async_context_threadsafe_background.c.obj
 .text.async_context_threadsafe_background_wait_for_work_until
                0x10018ee4        0xc CMakeFiles/testwolfcrypt.dir/Users/rocksonqwerty/dev/pico/pico-sdk/src/rp2_common/pico_async_context/async_context_threadsafe_background.c.obj
 .text.async_context_threadsafe_background_wait_until
                0x10018ef0       0x1c CMakeFiles/testwolfcrypt.dir/Users/rocksonqwerty/dev/pico/pico-sdk/src/rp2_common/pico_async_context/async_context_threadsafe_background.c.obj
 .text.async_context_threadsafe_background_lock_check
                0x10018f0c       0x28 CMakeFiles/testwolfcrypt.dir/Users/rocksonqwerty/dev/pico/pico-sdk/src/rp2_common/pico_async_context/async_context_threadsafe_background.c.obj
 .text.async_context_threadsafe_background_release_lock
                0x10018f34       0x1c CMakeFiles/testwolfcrypt.dir/Users/rocksonqwerty/dev/pico/pico-sdk/src/rp2_common/pico_async_context/async_context_threadsafe_background.c.obj
 .text.async_context_threadsafe_background_add_at_time_worker
                0x10018f50       0x34 CMakeFiles/testwolfcrypt.dir/Users/rocksonqwerty/dev/pico/pico-sdk/src/rp2_common/pico_async_context/async_context_threadsafe_background.c.obj
 .text.async_context_threadsafe_background_remove_at_time_worker
                0x10018f84       0x34 CMakeFiles/testwolfcrypt.dir/Users/rocksonqwerty/dev/pico/pico-sdk/src/rp2_common/pico_async_context/async_context_threadsafe_background.c.obj
 .text.async_context_threadsafe_background_add_when_pending_worker
                0x10018fb8       0x34 CMakeFiles/testwolfcrypt.dir/Users/rocksonqwerty/dev/pico/pico-sdk/src/rp2_common/pico_async_context/async_context_threadsafe_background.c.obj
 .text.async_context_threadsafe_background_when_pending_worker
                0x10018fec       0x34 CMakeFiles/testwolfcrypt.dir/Users/rocksonqwerty/dev/pico/pico-sdk/src/rp2_common/pico_async_context/async_context_threadsafe_background.c.obj
 .text.async_context_threadsafe_background_default_config
                0x10019020        0xc CMakeFiles/testwolfcrypt.dir/Users/rocksonqwerty/dev/pico/pico-sdk/src/rp2_common/pico_async_context/async_context_threadsafe_background.c.obj
                0x10019020                async_context_threadsafe_background_default_config
 .text.async_context_threadsafe_background_init
                0x1001902c       0x8c CMakeFiles/testwolfcrypt.dir/Users/rocksonqwerty/dev/pico/pico-sdk/src/rp2_common/pico_async_context/async_context_threadsafe_background.c.obj
                0x1001902c                async_context_threadsafe_background_init
 .text.async_context_base_add_at_time_worker
                0x100190b8       0x24 CMakeFiles/testwolfcrypt.dir/Users/rocksonqwerty/dev/pico/pico-sdk/src/rp2_common/pico_async_context/async_context_base.c.obj
                0x100190b8                async_context_base_add_at_time_worker
 .text.async_context_base_remove_at_time_worker
                0x100190dc       0x28 CMakeFiles/testwolfcrypt.dir/Users/rocksonqwerty/dev/pico/pico-sdk/src/rp2_common/pico_async_context/async_context_base.c.obj
                0x100190dc                async_context_base_remove_at_time_worker
 .text.async_context_base_add_when_pending_worker
                0x10019104       0x24 CMakeFiles/testwolfcrypt.dir/Users/rocksonqwerty/dev/pico/pico-sdk/src/rp2_common/pico_async_context/async_context_base.c.obj
                0x10019104                async_context_base_add_when_pending_worker
 .text.async_context_base_remove_when_pending_worker
                0x10019128       0x28 CMakeFiles/testwolfcrypt.dir/Users/rocksonqwerty/dev/pico/pico-sdk/src/rp2_common/pico_async_context/async_context_base.c.obj
                0x10019128                async_context_base_remove_when_pending_worker
 .text.async_context_base_execute_once
                0x10019150      0x108 CMakeFiles/testwolfcrypt.dir/Users/rocksonqwerty/dev/pico/pico-sdk/src/rp2_common/pico_async_context/async_context_base.c.obj
                0x10019150                async_context_base_execute_once
 .text.splitmix64
                0x10019258       0x58 CMakeFiles/testwolfcrypt.dir/Users/rocksonqwerty/dev/pico/pico-sdk/src/rp2_common/pico_rand/rand.c.obj
 .text.xoroshiro128ss
                0x100192b0       0x90 CMakeFiles/testwolfcrypt.dir/Users/rocksonqwerty/dev/pico/pico-sdk/src/rp2_common/pico_rand/rand.c.obj
 .text.get_rand_64
                0x10019340      0x4a4 CMakeFiles/testwolfcrypt.dir/Users/rocksonqwerty/dev/pico/pico-sdk/src/rp2_common/pico_rand/rand.c.obj
                0x10019340                get_rand_64
 .text.get_rand_32
                0x100197e4        0x8 CMakeFiles/testwolfcrypt.dir/Users/rocksonqwerty/dev/pico/pico-sdk/src/rp2_common/pico_rand/rand.c.obj
                0x100197e4                get_rand_32
 .text          0x100197ec     0x433c libwolfssl.a(ssl.c.obj)
                0x10019db4                wolfSSL_CertManagerNew_ex
                0x10019e10                wolfSSL_CertManagerNew
                0x10019e6c                wolfSSL_CertManagerFree
                0x10019e98                wolfSSL_CertManager_up_ref
                0x10019eac                wolfSSL_CertManagerUnloadCAs
                0x10019ee0                wolfSSL_CertManagerSetVerify
                0x10019ee8                CM_VerifyBuffer_ex
                0x1001a010                wolfSSL_CertManagerVerifyBuffer
                0x1001a040                wolfSSL_CertManagerEnableCRL
                0x1001a048                wolfSSL_CertManagerDisableCRL
                0x1001a060                wolfSSL_CertManagerEnableOCSP
                0x1001a068                wolfSSL_CertManagerDisableOCSP
                0x1001a080                wolfSSL_CertManagerEnableOCSPStapling
                0x1001a088                wolfSSL_CertManagerDisableOCSPStapling
                0x1001a090                wolfSSL_CertManagerEnableOCSPMustStaple
                0x1001a098                wolfSSL_CertManagerDisableOCSPMustStaple
                0x1001a0a0                wolfssl_get_global_rng
                0x1001a0a4                wolfssl_make_global_rng
                0x1001a0a8                wolfssl_make_rng
                0x1001a0d4                wolfSSL_CTX_up_ref
                0x1001a0e0                wolfSSL_CTX_free
                0x1001a0ec                wolfSSL_CTX_new_rng
                0x1001a128                wolfSSL_new
                0x1001a158                wolfSSL_free
                0x1001a168                wolfSSL_is_server
                0x1001a184                wolfSSL_use_old_poly
                0x1001a1a0                wolfSSL_set_fd
                0x1001a1cc                wolfSSL_set_read_fd
                0x1001a1e8                wolfSSL_set_write_fd
                0x1001a204                wolfSSL_get_cipher_list
                0x1001a228                wolfSSL_get_cipher_list_ex
                0x1001a260                wolfSSL_get_ciphers
                0x1001a308                wolfSSL_get_ciphers_iana
                0x1001a3a8                wolfSSL_get_shared_ciphers
                0x1001a3d8                wolfSSL_get_fd
                0x1001a3ec                wolfSSL_dtls
                0x1001a404                wolfSSL_CTX_mutual_auth
                0x1001a438                wolfSSL_mutual_auth
                0x1001a474                wolfSSL_dtls_set_peer
                0x1001a47c                wolfSSL_dtls_get_peer
                0x1001a484                wolfSSL_GetRNG
                0x1001a490                wolfSSL_GetObjectSize
                0x1001a498                wolfSSL_CTX_GetObjectSize
                0x1001a49c                wolfSSL_METHOD_GetObjectSize
                0x1001a4a0                wolfSSL_GetMaxOutputSize
                0x1001a4c4                wolfSSL_GetOutputSize
                0x1001a520                wolfSSL_CTX_SetMinEccKey_Sz
                0x1001a544                wolfSSL_SetMinEccKey_Sz
                0x1001a564                wolfSSL_CTX_SetMinRsaKey_Sz
                0x1001a588                wolfSSL_SetMinRsaKey_Sz
                0x1001a5a8                wolfSSL_SetTmpDH
                0x1001a74c                wolfSSL_CTX_SetTmpDH
                0x1001a7f8                wolfSSL_CTX_SetMinDhKey_Sz
                0x1001a818                wolfSSL_SetMinDhKey_Sz
                0x1001a83c                wolfSSL_CTX_SetMaxDhKey_Sz
                0x1001a85c                wolfSSL_SetMaxDhKey_Sz
                0x1001a880                wolfSSL_GetDhKey_Sz
                0x1001a898                wolfSSL_write
                0x1001a8bc                wolfSSL_peek
                0x1001a8e0                wolfSSL_read
                0x1001a904                wolfSSL_SetDevId
                0x1001a918                wolfSSL_CTX_SetDevId
                0x1001a92c                wolfSSL_CTX_GetDevId
                0x1001a954                wolfSSL_CTX_GetHeap
                0x1001a96c                wolfSSL_UseSupportedCurve
                0x1001a9b0                wolfSSL_CTX_UseSupportedCurve
                0x1001a9e4                wolfSSL_send
                0x1001aa18                wolfSSL_recv
                0x1001aa4c                wolfSSL_shutdown
                0x1001aafc                wolfSSL_state
                0x1001ab10                wolfSSL_get_error
                0x1001ab60                wolfSSL_get_alert_history
                0x1001ab7c                wolfSSL_want_read
                0x1001ab8c                wolfSSL_want_write
                0x1001ab9c                wolfSSL_ERR_error_string
                0x1001abb4                wolfSSL_ERR_error_string_n
                0x1001abf8                wolfSSL_KeepArrays
                0x1001ac10                wolfSSL_FreeArrays
                0x1001ac3c                wolfSSL_KeepHandshakeResources
                0x1001ac5c                wolfSSL_FreeHandshakeResources
                0x1001ac70                wolfSSL_CTX_UseClientSuites
                0x1001ac88                wolfSSL_UseClientSuites
                0x1001aca8                wolfSSL_GetMacSecret
                0x1001acdc                wolfSSL_GetSide
                0x1001acf4                wolfSSL_CTX_GetCertManager
                0x1001ad00                wolfSSL_pending
                0x1001ad10                wolfSSL_has_pending
                0x1001ad24                wolfSSL_CTX_set_group_messages
                0x1001ad3c                wolfSSL_connect_cert
                0x1001ad84                wolfSSL_set_group_messages
                0x1001ada4                wolfSSL_CTX_SetMinVersion
                0x1001adc4                wolfSSL_SetMinVersion
                0x1001ade4                wolfSSL_GetVersion
                0x1001ae0c                wolfSSL_SetVersion
                0x1001aeb8                AlreadySigner
                0x1001af2c                GetCA
                0x1001af94                GetCAByName
                0x1001afec                AddCA
                0x1001b2b4                wolfSSL_Init
                0x1001b324                wolfSSL_CTX_new_ex
                0x1001b378                wolfSSL_CTX_new
                0x1001b3c8                ProcessBuffer
                0x1001c240                wolfSSL_CTX_set_verify_depth
                0x1001c250                wolfSSL_get_verify_depth
                0x1001c260                wolfSSL_CTX_get_verify_depth
                0x1001c270                wolfSSL_CTX_check_private_key
                0x1001c2f8                wolfSSL_use_certificate_ASN1
                0x1001c330                wolfSSL_CTX_SetTmpEC_DHE_Sz
                0x1001c364                wolfSSL_SetTmpEC_DHE_Sz
                0x1001c380                wolfSSL_CTX_set_verify
                0x1001c3f4                wolfSSL_set_verify
                0x1001c46c                wolfSSL_set_verify_result
                0x1001c470                wolfSSL_SetCertCbCtx
                0x1001c478                wolfSSL_CTX_SetCertCbCtx
                0x1001c480                wolfSSL_CTX_SetCACb
                0x1001c490                wolfSSL_load_error_strings
                0x1001c494                wolfSSL_library_init
                0x1001c4fc                wolfSSL_CTX_set_cipher_list
                0x1001c524                wolfSSL_set_cipher_list
                0x1001c550                wolfSSL_dtls_get_using_nonblock
                0x1001c554                wolfSSL_dtls_set_using_nonblock
                0x1001c558                wolfSSLv23_client_method
                0x1001c580                wolfSSLv23_client_method_ex
                0x1001c5a8                wolfSSL_connect
                0x1001c5dc                wolfSSLv23_server_method
                0x1001c608                wolfSSLv23_server_method_ex
                0x1001c634                wolfSSL_accept
                0x1001c9ac                wolfSSL_negotiate
                0x1001ca34                wolfSSL_SetHsDoneCb
                0x1001ca4c                wolfSSL_Cleanup
                0x1001cb08                SetupSession
                0x1001cbb8                ClientSessionToSession
                0x1001cbbc                wolfSSL_GetSession
                0x1001cbc0                wolfSSL_check_domain_name
                0x1001cc1c                wolfSSL_set_compression
                0x1001cc24                wolfSSL_CTX_load_verify_buffer_ex
                0x1001ce6c                wolfSSL_CertManagerLoadCABuffer_ex