Archive member included to satisfy reference by file (symbol)

/Applications/ArmGNUToolchain/12.3.rel1/arm-none-eabi/bin/../lib/gcc/arm-none-eabi/12.3.1/thumb/v6-m/nofp/libgcc.a(_dvmd_tls.o)
                              CMakeFiles/Wifi.dir/Users/rocksonqwerty/dev/pico/pico-sdk/src/rp2_common/pico_divider/divider.S.obj (__aeabi_idiv0)
/Applications/ArmGNUToolchain/12.3.rel1/arm-none-eabi/bin/../lib/gcc/arm-none-eabi/12.3.1/../../../../arm-none-eabi/lib/thumb/v6-m/nofp/libc.a(libc_a-abort.o)
                              CMakeFiles/Wifi.dir/src/Wifi_main.c.obj (abort)
/Applications/ArmGNUToolchain/12.3.rel1/arm-none-eabi/bin/../lib/gcc/arm-none-eabi/12.3.1/../../../../arm-none-eabi/lib/thumb/v6-m/nofp/libc.a(libc_a-atoi.o)
                              CMakeFiles/Wifi.dir/Users/rocksonqwerty/dev/pico/pico-sdk/lib/lwip/src/core/netif.c.obj (atoi)
/Applications/ArmGNUToolchain/12.3.rel1/arm-none-eabi/bin/../lib/gcc/arm-none-eabi/12.3.1/../../../../arm-none-eabi/lib/thumb/v6-m/nofp/libc.a(libc_a-calloc.o)
                              CMakeFiles/Wifi.dir/Users/rocksonqwerty/dev/pico/pico-sdk/src/rp2_common/pico_malloc/pico_malloc.c.obj (calloc)
/Applications/ArmGNUToolchain/12.3.rel1/arm-none-eabi/bin/../lib/gcc/arm-none-eabi/12.3.1/../../../../arm-none-eabi/lib/thumb/v6-m/nofp/libc.a(libc_a-callocr.o)
                              /Applications/ArmGNUToolchain/12.3.rel1/arm-none-eabi/bin/../lib/gcc/arm-none-eabi/12.3.1/../../../../arm-none-eabi/lib/thumb/v6-m/nofp/libc.a(libc_a-calloc.o) (_calloc_r)
/Applications/ArmGNUToolchain/12.3.rel1/arm-none-eabi/bin/../lib/gcc/arm-none-eabi/12.3.1/../../../../arm-none-eabi/lib/thumb/v6-m/nofp/libc.a(libc_a-malloc.o)
                              CMakeFiles/Wifi.dir/Users/rocksonqwerty/dev/pico/pico-sdk/src/rp2_common/pico_malloc/pico_malloc.c.obj (malloc)
/Applications/ArmGNUToolchain/12.3.rel1/arm-none-eabi/bin/../lib/gcc/arm-none-eabi/12.3.1/../../../../arm-none-eabi/lib/thumb/v6-m/nofp/libc.a(libc_a-mallocr.o)
                              /Applications/ArmGNUToolchain/12.3.rel1/arm-none-eabi/bin/../lib/gcc/arm-none-eabi/12.3.1/../../../../arm-none-eabi/lib/thumb/v6-m/nofp/libc.a(libc_a-callocr.o) (_malloc_r)
/Applications/ArmGNUToolchain/12.3.rel1/arm-none-eabi/bin/../lib/gcc/arm-none-eabi/12.3.1/../../../../arm-none-eabi/lib/thumb/v6-m/nofp/libc.a(libc_a-mlock.o)
                              /Applications/ArmGNUToolchain/12.3.rel1/arm-none-eabi/bin/../lib/gcc/arm-none-eabi/12.3.1/../../../../arm-none-eabi/lib/thumb/v6-m/nofp/libc.a(libc_a-mallocr.o) (__malloc_lock)
/Applications/ArmGNUToolchain/12.3.rel1/arm-none-eabi/bin/../lib/gcc/arm-none-eabi/12.3.1/../../../../arm-none-eabi/lib/thumb/v6-m/nofp/libc.a(libc_a-realloc.o)
                              CMakeFiles/Wifi.dir/Users/rocksonqwerty/dev/pico/pico-sdk/src/rp2_common/pico_malloc/pico_malloc.c.obj (realloc)
/Applications/ArmGNUToolchain/12.3.rel1/arm-none-eabi/bin/../lib/gcc/arm-none-eabi/12.3.1/../../../../arm-none-eabi/lib/thumb/v6-m/nofp/libc.a(libc_a-reallocr.o)
                              /Applications/ArmGNUToolchain/12.3.rel1/arm-none-eabi/bin/../lib/gcc/arm-none-eabi/12.3.1/../../../../arm-none-eabi/lib/thumb/v6-m/nofp/libc.a(libc_a-realloc.o) (_realloc_r)
/Applications/ArmGNUToolchain/12.3.rel1/arm-none-eabi/bin/../lib/gcc/arm-none-eabi/12.3.1/../../../../arm-none-eabi/lib/thumb/v6-m/nofp/libc.a(libc_a-strtol.o)
                              /Applications/ArmGNUToolchain/12.3.rel1/arm-none-eabi/bin/../lib/gcc/arm-none-eabi/12.3.1/../../../../arm-none-eabi/lib/thumb/v6-m/nofp/libc.a(libc_a-atoi.o) (_strtol_r)
/Applications/ArmGNUToolchain/12.3.rel1/arm-none-eabi/bin/../lib/gcc/arm-none-eabi/12.3.1/../../../../arm-none-eabi/lib/thumb/v6-m/nofp/libc.a(libc_a-fflush.o)
                              CMakeFiles/Wifi.dir/src/Wifi_main.c.obj (fflush)
/Applications/ArmGNUToolchain/12.3.rel1/arm-none-eabi/bin/../lib/gcc/arm-none-eabi/12.3.1/../../../../arm-none-eabi/lib/thumb/v6-m/nofp/libc.a(libc_a-findfp.o)
                              /Applications/ArmGNUToolchain/12.3.rel1/arm-none-eabi/bin/../lib/gcc/arm-none-eabi/12.3.1/../../../../arm-none-eabi/lib/thumb/v6-m/nofp/libc.a(libc_a-fflush.o) (__sglue)
/Applications/ArmGNUToolchain/12.3.rel1/arm-none-eabi/bin/../lib/gcc/arm-none-eabi/12.3.1/../../../../arm-none-eabi/lib/thumb/v6-m/nofp/libc.a(libc_a-fwalk.o)
                              /Applications/ArmGNUToolchain/12.3.rel1/arm-none-eabi/bin/../lib/gcc/arm-none-eabi/12.3.1/../../../../arm-none-eabi/lib/thumb/v6-m/nofp/libc.a(libc_a-fflush.o) (_fwalk_sglue)
/Applications/ArmGNUToolchain/12.3.rel1/arm-none-eabi/bin/../lib/gcc/arm-none-eabi/12.3.1/../../../../arm-none-eabi/lib/thumb/v6-m/nofp/libc.a(libc_a-fwrite.o)
                              CMakeFiles/Wifi.dir/src/wifi.c.obj (fwrite)
/Applications/ArmGNUToolchain/12.3.rel1/arm-none-eabi/bin/../lib/gcc/arm-none-eabi/12.3.1/../../../../arm-none-eabi/lib/thumb/v6-m/nofp/libc.a(libc_a-memcmp.o)
[...]
Memory Configuration

Name             Origin             Length             Attributes
FLASH            0x10000000         0x00200000         xr
RAM              0x20000000         0x00040000         xrw
SCRATCH_X        0x20040000         0x00001000         xrw
SCRATCH_Y        0x20041000         0x00001000         xrw
*default*        0x00000000         0xffffffff

Linker script and memory map

LOAD /Applications/ArmGNUToolchain/12.3.rel1/arm-none-eabi/bin/../lib/gcc/arm-none-eabi/12.3.1/thumb/v6-m/nofp/crti.o
LOAD /Applications/ArmGNUToolchain/12.3.rel1/arm-none-eabi/bin/../lib/gcc/arm-none-eabi/12.3.1/thumb/v6-m/nofp/crtbegin.o
LOAD /Applications/ArmGNUToolchain/12.3.rel1/arm-none-eabi/bin/../lib/gcc/arm-none-eabi/12.3.1/../../../../arm-none-eabi/lib/thumb/v6-m/nofp/crt0.o

.flash_begin    0x10000000        0x0
                0x10000000                        __flash_binary_start = .

.boot2          0x10000000      0x100
                0x10000000                        __boot2_start__ = .
 *(.boot2)
 .boot2         0x10000000      0x100 /var/folders/px/x60m0wd10yx806883b65gp3w0000gn/T//ccIQ4A23.o
                0x10000100                        __boot2_end__ = .
                0x00000001                        ASSERT (((__boot2_end__ - __boot2_start__) == 0x100), ERROR: Pico second stage bootloader must be 256 bytes in size)

.text           0x10000100    0x16880
                0x10000100                        __logical_binary_start = .
 *(.vectors)
 .vectors       0x10000100       0xd4 CMakeFiles/Wifi.dir/Users/rocksonqwerty/dev/pico/pico-sdk/src/rp2_common/pico_standard_link/crt0.S.obj
                0x10000100                __VECTOR_TABLE
                0x10000100                __vectors
                0x100001c0                __default_isrs_start
                0x100001c0                isr_invalid
                0x100001c2                isr_nmi
                0x100001c4                isr_hardfault
                0x100001c6                isr_svcall
                0x100001c8                isr_pendsv
                0x100001ca                isr_systick
                0x100001cc                isr_irq28
                0x100001cc                isr_irq19
                0x100001cc                isr_irq0
                0x100001cc                isr_irq6
                0x100001cc                isr_irq22
                0x100001cc                isr_irq17
                0x100001cc                isr_irq14
                0x100001cc                isr_irq2
                0x100001cc                isr_irq10
                0x100001cc                isr_irq8
                0x100001cc                isr_irq24
                0x100001cc                isr_irq1
                0x100001cc                isr_irq7
                0x100001cc                isr_irq21
                0x100001cc                isr_irq20
                0x100001cc                isr_irq15
                0x100001cc                isr_irq25
                0x100001cc                isr_irq4
                0x100001cc                isr_irq16
                0x100001cc                isr_irq29
                0x100001cc                isr_irq26
                0x100001cc                __default_isrs_end
                0x100001cc                isr_irq3
                0x100001cc                isr_irq9
                0x100001cc                __unhandled_user_irq
                0x100001cc                isr_irq13
                0x100001cc                isr_irq27
                0x100001cc                isr_irq31
                0x100001cc                isr_irq5
                0x100001cc                isr_irq11
                0x100001cc                isr_irq23
                0x100001cc                isr_irq18
                0x100001cc                isr_irq30
                0x100001cc                isr_irq12
                0x100001d2                unhandled_user_irq_num_in_r0
 *(.binary_info_header)
 .binary_info_header
                0x100001d4       0x14 CMakeFiles/Wifi.dir/Users/rocksonqwerty/dev/pico/pico-sdk/src/rp2_common/pico_standard_link/crt0.S.obj
                0x100001e8                        __binary_info_header_end = .
 *(.reset)
 .reset         0x100001e8       0xa0 CMakeFiles/Wifi.dir/Users/rocksonqwerty/dev/pico/pico-sdk/src/rp2_common/pico_standard_link/crt0.S.obj
                0x100001e8                _entry_point
 .reset         0x10000288       0x30 CMakeFiles/Wifi.dir/Users/rocksonqwerty/dev/pico/pico-sdk/src/rp2_common/pico_standard_link/binary_info.c.obj
 *(.init)
 .init          0x100002b8        0x4 /Applications/ArmGNUToolchain/12.3.rel1/arm-none-eabi/bin/../lib/gcc/arm-none-eabi/12.3.1/thumb/v6-m/nofp/crti.o
                0x100002b8                _init
 *(EXCLUDE_FILE(*libm.a: *libc.a:*lib_a-mem*.o *libgcc.a:) .text*)
 .text.register_tm_clones
                0x100002bc       0x28 /Applications/ArmGNUToolchain/12.3.rel1/arm-none-eabi/bin/../lib/gcc/arm-none-eabi/12.3.1/thumb/v6-m/nofp/crtbegin.o
 .text.frame_dummy
                0x100002e4       0x24 /Applications/ArmGNUToolchain/12.3.rel1/arm-none-eabi/bin/../lib/gcc/arm-none-eabi/12.3.1/thumb/v6-m/nofp/crtbegin.o
 .text.blink    0x10000308       0x64 CMakeFiles/Wifi.dir/src/blink.c.obj
                0x10000308                blink
 .text.wolf_wifiConnect
                0x1000036c       0x70 CMakeFiles/Wifi.dir/src/wifi.c.obj
                0x1000036c                wolf_wifiConnect
 .text.wolf_wifiDisconnect
                0x100003dc       0x14 CMakeFiles/Wifi.dir/src/wifi.c.obj
                0x100003dc                wolf_wifiDisconnect
 .text.startup.main
                0x100003f0       0x3c CMakeFiles/Wifi.dir/src/Wifi_main.c.obj
                0x100003f0                main
 .text.gpio_set_function
                0x1000042c       0x30 CMakeFiles/Wifi.dir/Users/rocksonqwerty/dev/pico/pico-sdk/src/rp2_common/hardware_gpio/gpio.c.obj
                0x1000042c                gpio_set_function
 .text.gpio_set_pulls
                0x1000045c       0x24 CMakeFiles/Wifi.dir/Users/rocksonqwerty/dev/pico/pico-sdk/src/rp2_common/hardware_gpio/gpio.c.obj
                0x1000045c                gpio_set_pulls
 .text.gpio_set_input_hysteresis_enabled
                0x10000480       0x28 CMakeFiles/Wifi.dir/Users/rocksonqwerty/dev/pico/pico-sdk/src/rp2_common/hardware_gpio/gpio.c.obj
                0x10000480                gpio_set_input_hysteresis_enabled
 .text.gpio_set_irq_enabled
                0x100004a8       0x54 CMakeFiles/Wifi.dir/Users/rocksonqwerty/dev/pico/pico-sdk/src/rp2_common/hardware_gpio/gpio.c.obj
                0x100004a8                gpio_set_irq_enabled
 .text.gpio_add_raw_irq_handler_with_order_priority_masked
                0x100004fc       0x44 CMakeFiles/Wifi.dir/Users/rocksonqwerty/dev/pico/pico-sdk/src/rp2_common/hardware_gpio/gpio.c.obj
                0x100004fc                gpio_add_raw_irq_handler_with_order_priority_masked
 .text.gpio_remove_raw_irq_handler_masked
                0x10000540       0x20 CMakeFiles/Wifi.dir/Users/rocksonqwerty/dev/pico/pico-sdk/src/rp2_common/hardware_gpio/gpio.c.obj
                0x10000540                gpio_remove_raw_irq_handler_masked
 .text.gpio_init
                0x10000560       0x3c CMakeFiles/Wifi.dir/Users/rocksonqwerty/dev/pico/pico-sdk/src/rp2_common/hardware_gpio/gpio.c.obj
                0x10000560                gpio_init
 .text.running_on_fpga
                0x1000059c       0x10 CMakeFiles/Wifi.dir/Users/rocksonqwerty/dev/pico/pico-sdk/src/rp2_common/pico_platform/platform.c.obj
                0x1000059c                running_on_fpga
 .text.hw_claim_lock
                0x100005ac       0x18 CMakeFiles/Wifi.dir/Users/rocksonqwerty/dev/pico/pico-sdk/src/rp2_common/hardware_claim/claim.c.obj
                0x100005ac                hw_claim_lock
 .text.hw_claim_unlock
                0x100005c4       0x14 CMakeFiles/Wifi.dir/Users/rocksonqwerty/dev/pico/pico-sdk/src/rp2_common/hardware_claim/claim.c.obj
                0x100005c4                hw_claim_unlock
 .text.hw_claim_or_assert
                0x100005d8       0x44 CMakeFiles/Wifi.dir/Users/rocksonqwerty/dev/pico/pico-sdk/src/rp2_common/hardware_claim/claim.c.obj
                0x100005d8                hw_claim_or_assert
 .text.hw_claim_unused_from_range
                0x1000061c       0x9c CMakeFiles/Wifi.dir/Users/rocksonqwerty/dev/pico/pico-sdk/src/rp2_common/hardware_claim/claim.c.obj
                0x1000061c                hw_claim_unused_from_range
 .text.hw_claim_clear
                0x100006b8       0x38 CMakeFiles/Wifi.dir/Users/rocksonqwerty/dev/pico/pico-sdk/src/rp2_common/hardware_claim/claim.c.obj
                0x100006b8                hw_claim_clear
 .text.spin_locks_reset
                0x100006f0       0x1c CMakeFiles/Wifi.dir/Users/rocksonqwerty/dev/pico/pico-sdk/src/rp2_common/hardware_sync/sync.c.obj
                0x100006f0                spin_locks_reset
 .text.next_striped_spin_lock_num
                0x1000070c       0x18 CMakeFiles/Wifi.dir/Users/rocksonqwerty/dev/pico/pico-sdk/src/rp2_common/hardware_sync/sync.c.obj
                0x1000070c                next_striped_spin_lock_num
 .text.spin_lock_claim_unused
                0x10000724       0x24 CMakeFiles/Wifi.dir/Users/rocksonqwerty/dev/pico/pico-sdk/src/rp2_common/hardware_sync/sync.c.obj
                0x10000724                spin_lock_claim_unused
 .text.irq_set_enabled
                0x10000748       0x24 CMakeFiles/Wifi.dir/Users/rocksonqwerty/dev/pico/pico-sdk/src/rp2_common/hardware_irq/irq.c.obj
                0x10000748                irq_set_enabled
 .text.irq_set_pending
                0x1000076c       0x10 CMakeFiles/Wifi.dir/Users/rocksonqwerty/dev/pico/pico-sdk/src/rp2_common/hardware_irq/irq.c.obj
                0x1000076c                irq_set_pending
 .text.irq_has_shared_handler
                0x1000077c       0x2c CMakeFiles/Wifi.dir/Users/rocksonqwerty/dev/pico/pico-sdk/src/rp2_common/hardware_irq/irq.c.obj
                0x1000077c                irq_has_shared_handler
 .text.irq_get_vtable_handler
                0x100007a8       0x10 CMakeFiles/Wifi.dir/Users/rocksonqwerty/dev/pico/pico-sdk/src/rp2_common/hardware_irq/irq.c.obj
                0x100007a8                irq_get_vtable_handler
 .text.irq_set_exclusive_handler
                0x100007b8       0x54 CMakeFiles/Wifi.dir/Users/rocksonqwerty/dev/pico/pico-sdk/src/rp2_common/hardware_irq/irq.c.obj
                0x100007b8                irq_set_exclusive_handler
 .text.irq_add_shared_handler
                0x1000080c      0x1e0 CMakeFiles/Wifi.dir/Users/rocksonqwerty/dev/pico/pico-sdk/src/rp2_common/hardware_irq/irq.c.obj
                0x1000080c                irq_add_shared_handler
 .text.irq_remove_handler
                0x100009ec      0x1c4 CMakeFiles/Wifi.dir/Users/rocksonqwerty/dev/pico/pico-sdk/src/rp2_common/hardware_irq/irq.c.obj
                0x100009ec                irq_remove_handler
 .text.irq_add_tail_to_free_list
                0x10000bb0       0xb4 CMakeFiles/Wifi.dir/Users/rocksonqwerty/dev/pico/pico-sdk/src/rp2_common/hardware_irq/irq.c.obj
                0x10000bb0                irq_add_tail_to_free_list
 .text.irq_init_priorities
                0x10000c64       0x24 CMakeFiles/Wifi.dir/Users/rocksonqwerty/dev/pico/pico-sdk/src/rp2_common/hardware_irq/irq.c.obj
                0x10000c64                irq_init_priorities
 .text.user_irq_claim_unused
                0x10000c88       0x2c CMakeFiles/Wifi.dir/Users/rocksonqwerty/dev/pico/pico-sdk/src/rp2_common/hardware_irq/irq.c.obj
                0x10000c88                user_irq_claim_unused
 .text.sem_init
                0x10000cb4       0x20 CMakeFiles/Wifi.dir/Users/rocksonqwerty/dev/pico/pico-sdk/src/common/pico_sync/sem.c.obj
                0x10000cb4                sem_init
 .text.lock_init
                0x10000cd4       0x10 CMakeFiles/Wifi.dir/Users/rocksonqwerty/dev/pico/pico-sdk/src/common/pico_sync/lock_core.c.obj
                0x10000cd4                lock_init
 .text.mutex_init
                0x10000ce4       0x1c CMakeFiles/Wifi.dir/Users/rocksonqwerty/dev/pico/pico-sdk/src/common/pico_sync/mutex.c.obj
                0x10000ce4                mutex_init
 .text.recursive_mutex_init
                0x10000d00       0x1c CMakeFiles/Wifi.dir/Users/rocksonqwerty/dev/pico/pico-sdk/src/common/pico_sync/mutex.c.obj
                0x10000d00                recursive_mutex_init
 .text.critical_section_init
                0x10000d1c       0x1c CMakeFiles/Wifi.dir/Users/rocksonqwerty/dev/pico/pico-sdk/src/common/pico_sync/critical_section.c.obj
                0x10000d1c                critical_section_init
 .text.critical_section_init_with_lock_num
                0x10000d38       0x14 CMakeFiles/Wifi.dir/Users/rocksonqwerty/dev/pico/pico-sdk/src/common/pico_sync/critical_section.c.obj
                0x10000d38                critical_section_init_with_lock_num
 .text.timer_pool_entry_comparator
                0x10000d4c       0x34 CMakeFiles/Wifi.dir/Users/rocksonqwerty/dev/pico/pico-sdk/src/common/pico_time/time.c.obj
                0x10000d4c                timer_pool_entry_comparator
 .text.sleep_until_callback
                0x10000d80       0x30 CMakeFiles/Wifi.dir/Users/rocksonqwerty/dev/pico/pico-sdk/src/common/pico_time/time.c.obj
 .text.add_alarm_under_lock.isra.0
                0x10000db0       0xf8 CMakeFiles/Wifi.dir/Users/rocksonqwerty/dev/pico/pico-sdk/src/common/pico_time/time.c.obj
 .text.alarm_pool_alarm_callback
                0x10000ea8      0x1c0 CMakeFiles/Wifi.dir/Users/rocksonqwerty/dev/pico/pico-sdk/src/common/pico_time/time.c.obj
 .text.alarm_pool_init_default
                0x10001068       0x6c CMakeFiles/Wifi.dir/Users/rocksonqwerty/dev/pico/pico-sdk/src/common/pico_time/time.c.obj
                0x10001068                alarm_pool_init_default
 .text.alarm_pool_get_default
                0x100010d4        0x8 CMakeFiles/Wifi.dir/Users/rocksonqwerty/dev/pico/pico-sdk/src/common/pico_time/time.c.obj
                0x100010d4                alarm_pool_get_default
 .text.alarm_pool_add_alarm_at
                0x100010dc      0x17c CMakeFiles/Wifi.dir/Users/rocksonqwerty/dev/pico/pico-sdk/src/common/pico_time/time.c.obj
                0x100010dc                alarm_pool_add_alarm_at
 .text.alarm_pool_core_num
                0x10001258        0x4 CMakeFiles/Wifi.dir/Users/rocksonqwerty/dev/pico/pico-sdk/src/common/pico_time/time.c.obj
                0x10001258                alarm_pool_core_num
 .text.sleep_until
                0x1000125c       0xc4 CMakeFiles/Wifi.dir/Users/rocksonqwerty/dev/pico/pico-sdk/src/common/pico_time/time.c.obj
                0x1000125c                sleep_until
 .text.sleep_ms
                0x10001320       0x38 CMakeFiles/Wifi.dir/Users/rocksonqwerty/dev/pico/pico-sdk/src/common/pico_time/time.c.obj
                0x10001320                sleep_ms
 .text.best_effort_wfe_or_timeout
                0x10001358       0xcc CMakeFiles/Wifi.dir/Users/rocksonqwerty/dev/pico/pico-sdk/src/common/pico_time/time.c.obj
                0x10001358                best_effort_wfe_or_timeout
 .text.hardware_alarm_irq_handler
                0x10001424       0xbc CMakeFiles/Wifi.dir/Users/rocksonqwerty/dev/pico/pico-sdk/src/rp2_common/hardware_timer/timer.c.obj
 .text.hardware_alarm_claim
                0x100014e0       0x18 CMakeFiles/Wifi.dir/Users/rocksonqwerty/dev/pico/pico-sdk/src/rp2_common/hardware_timer/timer.c.obj
                0x100014e0                hardware_alarm_claim
 .text.time_us_64
                0x100014f8       0x14 CMakeFiles/Wifi.dir/Users/rocksonqwerty/dev/pico/pico-sdk/src/rp2_common/hardware_timer/timer.c.obj
                0x100014f8                time_us_64
 .text.busy_wait_us
                0x1000150c       0x68 CMakeFiles/Wifi.dir/Users/rocksonqwerty/dev/pico/pico-sdk/src/rp2_common/hardware_timer/timer.c.obj
                0x1000150c                busy_wait_us
 .text.busy_wait_until
                0x10001574       0x20 CMakeFiles/Wifi.dir/Users/rocksonqwerty/dev/pico/pico-sdk/src/rp2_common/hardware_timer/timer.c.obj
                0x10001574                busy_wait_until
 .text.hardware_alarm_set_callback
                0x10001594       0x8c CMakeFiles/Wifi.dir/Users/rocksonqwerty/dev/pico/pico-sdk/src/rp2_common/hardware_timer/timer.c.obj
                0x10001594                hardware_alarm_set_callback
 .text.hardware_alarm_set_target
                0x10001620       0xd0 CMakeFiles/Wifi.dir/Users/rocksonqwerty/dev/pico/pico-sdk/src/rp2_common/hardware_timer/timer.c.obj
                0x10001620                hardware_alarm_set_target
 .text.hardware_alarm_cancel
                0x100016f0       0x3c CMakeFiles/Wifi.dir/Users/rocksonqwerty/dev/pico/pico-sdk/src/rp2_common/hardware_timer/timer.c.obj
                0x100016f0                hardware_alarm_cancel
 .text.ph_merge_nodes
                0x1000172c       0x58 CMakeFiles/Wifi.dir/Users/rocksonqwerty/dev/pico/pico-sdk/src/common/pico_util/pheap.c.obj
 .text.ph_post_alloc_init
                0x10001784       0x3c CMakeFiles/Wifi.dir/Users/rocksonqwerty/dev/pico/pico-sdk/src/common/pico_util/pheap.c.obj
                0x10001784                ph_post_alloc_init
 .text.ph_merge_two_pass
                0x100017c0       0x8c CMakeFiles/Wifi.dir/Users/rocksonqwerty/dev/pico/pico-sdk/src/common/pico_util/pheap.c.obj
                0x100017c0                ph_merge_two_pass
 .text.ph_remove_any_head
                0x1000184c      0x100 CMakeFiles/Wifi.dir/Users/rocksonqwerty/dev/pico/pico-sdk/src/common/pico_util/pheap.c.obj
 .text.ph_remove_head
                0x1000194c      0x104 CMakeFiles/Wifi.dir/Users/rocksonqwerty/dev/pico/pico-sdk/src/common/pico_util/pheap.c.obj
                0x1000194c                ph_remove_head
 .text.ph_remove_and_free_node
                0x10001a50       0x78 CMakeFiles/Wifi.dir/Users/rocksonqwerty/dev/pico/pico-sdk/src/common/pico_util/pheap.c.obj
                0x10001a50                ph_remove_and_free_node
 .text.clocks_init
                0x10001ac8      0x2c8 CMakeFiles/Wifi.dir/Users/rocksonqwerty/dev/pico/pico-sdk/src/rp2_common/hardware_clocks/clocks.c.obj
                0x10001ac8                clocks_init
 .text.clock_get_hz
                0x10001d90        0xc CMakeFiles/Wifi.dir/Users/rocksonqwerty/dev/pico/pico-sdk/src/rp2_common/hardware_clocks/clocks.c.obj
                0x10001d90                clock_get_hz
 .text.pll_init
                0x10001d9c       0xa0 CMakeFiles/Wifi.dir/Users/rocksonqwerty/dev/pico/pico-sdk/src/rp2_common/hardware_pll/pll.c.obj
                0x10001d9c                pll_init
 .text.watchdog_start_tick
                0x10001e3c       0x10 CMakeFiles/Wifi.dir/Users/rocksonqwerty/dev/pico/pico-sdk/src/rp2_common/hardware_watchdog/watchdog.c.obj
                0x10001e3c                watchdog_start_tick
 .text.watchdog_reboot
                0x10001e4c       0x9c CMakeFiles/Wifi.dir/Users/rocksonqwerty/dev/pico/pico-sdk/src/rp2_common/hardware_watchdog/watchdog.c.obj
                0x10001e4c                watchdog_reboot
 .text.xosc_init
                0x10001ee8       0x28 CMakeFiles/Wifi.dir/Users/rocksonqwerty/dev/pico/pico-sdk/src/rp2_common/hardware_xosc/xosc.c.obj
                0x10001ee8                xosc_init
 .text.runtime_init
                0x10001f10       0xec CMakeFiles/Wifi.dir/Users/rocksonqwerty/dev/pico/pico-sdk/src/rp2_common/pico_runtime/runtime.c.obj
                0x10001f10                runtime_init
 .text._exit    0x10001ffc        0x4 CMakeFiles/Wifi.dir/Users/rocksonqwerty/dev/pico/pico-sdk/src/rp2_common/pico_runtime/runtime.c.obj
                0x10001ffc                _exit
 .text._sbrk    0x10002000       0x34 CMakeFiles/Wifi.dir/Users/rocksonqwerty/dev/pico/pico-sdk/src/rp2_common/pico_runtime/runtime.c.obj
                0x10002000                _sbrk
 .text.exit     0x10002034        0x8 CMakeFiles/Wifi.dir/Users/rocksonqwerty/dev/pico/pico-sdk/src/rp2_common/pico_runtime/runtime.c.obj
                0x10002034                exit
 .text.panic    0x1000203c       0x30 CMakeFiles/Wifi.dir/Users/rocksonqwerty/dev/pico/pico-sdk/src/rp2_common/pico_runtime/runtime.c.obj
                0x1000203c                panic
 .text.hard_assertion_failure
                0x1000206c        0xc CMakeFiles/Wifi.dir/Users/rocksonqwerty/dev/pico/pico-sdk/src/rp2_common/pico_runtime/runtime.c.obj
                0x1000206c                hard_assertion_failure
 .text._out_null
                0x10002078        0x4 CMakeFiles/Wifi.dir/Users/rocksonqwerty/dev/pico/pico-sdk/src/rp2_common/pico_printf/printf.c.obj
 .text._out_rev
                0x1000207c       0x90 CMakeFiles/Wifi.dir/Users/rocksonqwerty/dev/pico/pico-sdk/src/rp2_common/pico_printf/printf.c.obj
 .text._ntoa_format
                0x1000210c      0x208 CMakeFiles/Wifi.dir/Users/rocksonqwerty/dev/pico/pico-sdk/src/rp2_common/pico_printf/printf.c.obj
 .text._out_char
                0x10002314       0x10 CMakeFiles/Wifi.dir/Users/rocksonqwerty/dev/pico/pico-sdk/src/rp2_common/pico_printf/printf.c.obj
 .text._out_fct
                0x10002324       0x10 CMakeFiles/Wifi.dir/Users/rocksonqwerty/dev/pico/pico-sdk/src/rp2_common/pico_printf/printf.c.obj
 .text._etoa    0x10002334      0x464 CMakeFiles/Wifi.dir/Users/rocksonqwerty/dev/pico/pico-sdk/src/rp2_common/pico_printf/printf.c.obj
 .text._ftoa    0x10002798      0x3c4 CMakeFiles/Wifi.dir/Users/rocksonqwerty/dev/pico/pico-sdk/src/rp2_common/pico_printf/printf.c.obj
 .text._vsnprintf
                0x10002b5c      0xc18 CMakeFiles/Wifi.dir/Users/rocksonqwerty/dev/pico/pico-sdk/src/rp2_common/pico_printf/printf.c.obj
 .text.vfctprintf
                0x10003774       0x20 CMakeFiles/Wifi.dir/Users/rocksonqwerty/dev/pico/pico-sdk/src/rp2_common/pico_printf/printf.c.obj
                0x10003774                vfctprintf
 .text.weak_raw_vprintf
                0x10003794       0x30 CMakeFiles/Wifi.dir/Users/rocksonqwerty/dev/pico/pico-sdk/src/rp2_common/pico_printf/printf.c.obj
                0x10003794                weak_raw_vprintf
 .text          0x100037c4       0x10 CMakeFiles/Wifi.dir/Users/rocksonqwerty/dev/pico/pico-sdk/src/rp2_common/pico_bit_ops/bit_ops_aeabi.S.obj
 .text.ctzsi    0x100037d4        0xc CMakeFiles/Wifi.dir/Users/rocksonqwerty/dev/pico/pico-sdk/src/rp2_common/pico_bit_ops/bit_ops_aeabi.S.obj
                0x100037d4                __wrap___ctzsi2
 .text.rom_func_lookup
                0x100037e0       0x10 CMakeFiles/Wifi.dir/Users/rocksonqwerty/dev/pico/pico-sdk/src/rp2_common/pico_bootrom/bootrom.c.obj
                0x100037e0                rom_func_lookup
 .text.rom_data_lookup
                0x100037f0       0x10 CMakeFiles/Wifi.dir/Users/rocksonqwerty/dev/pico/pico-sdk/src/rp2_common/pico_bootrom/bootrom.c.obj
                0x100037f0                rom_data_lookup
 .text.rom_funcs_lookup
                0x10003800       0x44 CMakeFiles/Wifi.dir/Users/rocksonqwerty/dev/pico/pico-sdk/src/rp2_common/pico_bootrom/bootrom.c.obj
                0x10003800                rom_funcs_lookup
 .text.__wrap___aeabi_idiv
                0x10003844       0x50 CMakeFiles/Wifi.dir/Users/rocksonqwerty/dev/pico/pico-sdk/src/rp2_common/pico_divider/divider.S.obj
                0x10003844                __wrap___aeabi_idivmod
                0x10003844                divmod_s32s32
                0x10003844                div_s32s32
                0x10003844                __wrap___aeabi_idiv
                0x1000384c                divmod_s32s32_unsafe
                0x10003878                divmod_s32s32_savestate
 .text.__wrap___aeabi_uidiv
                0x10003894       0x4c CMakeFiles/Wifi.dir/Users/rocksonqwerty/dev/pico/pico-sdk/src/rp2_common/pico_divider/divider.S.obj
                0x10003894                __wrap___aeabi_uidiv
                0x10003894                __wrap___aeabi_uidivmod
                0x10003894                div_u32u32
                0x10003894                divmod_u32u32
                0x1000389c                divmod_u32u32_unsafe
                0x100038c4                divmod_u32u32_savestate
 .text.__wrap___aeabi_ldiv
                0x100038e0      0x424 CMakeFiles/Wifi.dir/Users/rocksonqwerty/dev/pico/pico-sdk/src/rp2_common/pico_divider/divider.S.obj
                0x100038e0                __wrap___aeabi_ldivmod
                0x100038e0                div_s64s64
                0x100038e0                divmod_s64s64
                0x10003910                divmod_u64u64
                0x10003910                div_u64u64
                0x10003910                __wrap___aeabi_uldivmod
                0x10003920                divmod_u64u64_savestate
                0x10003940                divmod_s64s64_unsafe
                0x100039c8                divmod_u64u64_unsafe
 .text.__wrap___aeabi_darithmetic
                0x10003d04       0x60 CMakeFiles/Wifi.dir/Users/rocksonqwerty/dev/pico/pico-sdk/src/rp2_common/pico_double/double_aeabi.S.obj
                0x10003d04                __wrap___aeabi_drsub
                0x10003d0a                __wrap___aeabi_dsub
                0x10003d14                __wrap___aeabi_dadd
                0x10003d1e                __wrap___aeabi_ddiv
                0x10003d52                __wrap___aeabi_dmul
 .text.__wrap___aeabi_cdcmple
                0x10003d64       0x6c CMakeFiles/Wifi.dir/Users/rocksonqwerty/dev/pico/pico-sdk/src/rp2_common/pico_double/double_aeabi.S.obj
                0x10003d64                __wrap___aeabi_cdrcmple
                0x10003d74                __wrap___aeabi_cdcmple
                0x10003d74                __wrap___aeabi_cdcmpeq
 .text.__wrap___aeabi_dcmplt
                0x10003dd0        0xc CMakeFiles/Wifi.dir/Users/rocksonqwerty/dev/pico/pico-sdk/src/rp2_common/pico_double/double_aeabi.S.obj
                0x10003dd0                __wrap___aeabi_dcmplt
 .text.__wrap___aeabi_dcmpge
                0x10003ddc       0x10 CMakeFiles/Wifi.dir/Users/rocksonqwerty/dev/pico/pico-sdk/src/rp2_common/pico_double/double_aeabi.S.obj
                0x10003ddc                __wrap___aeabi_dcmpge
 .text.__wrap___aeabi_dcmpgt
                0x10003dec        0xa CMakeFiles/Wifi.dir/Users/rocksonqwerty/dev/pico/pico-sdk/src/rp2_common/pico_double/double_aeabi.S.obj
                0x10003dec                __wrap___aeabi_dcmpgt
 .text.__wrap___aeabi_dcmpun
                0x10003df6       0x1c CMakeFiles/Wifi.dir/Users/rocksonqwerty/dev/pico/pico-sdk/src/rp2_common/pico_double/double_aeabi.S.obj
                0x10003df6                __wrap___aeabi_dcmpun
 *fill*         0x10003e12        0x2 
 .text.__wrap___aeabi_i2d
                0x10003e14       0x38 CMakeFiles/Wifi.dir/Users/rocksonqwerty/dev/pico/pico-sdk/src/rp2_common/pico_double/double_aeabi.S.obj
                0x10003e14                __wrap___aeabi_ui2d
                0x10003e1c                __wrap___aeabi_i2d
 .text.__wrap___aeabi_d2iz
                0x10003e4c       0x48 CMakeFiles/Wifi.dir/Users/rocksonqwerty/dev/pico/pico-sdk/src/rp2_common/pico_double/double_aeabi.S.obj
                0x10003e4c                __wrap___aeabi_d2iz
                0x10003e4c                double2int_z
 .text.__wrap___aeabi_d2uiz
                0x10003e94       0x10 CMakeFiles/Wifi.dir/Users/rocksonqwerty/dev/pico/pico-sdk/src/rp2_common/pico_double/double_aeabi.S.obj
                0x10003e94                double2uint
                0x10003e94                __wrap___aeabi_d2uiz
 .text.missing_double_func_shim
                0x10003ea4        0xc CMakeFiles/Wifi.dir/Users/rocksonqwerty/dev/pico/pico-sdk/src/rp2_common/pico_double/double_init_rom.c.obj
 .text.__aeabi_double_init
                0x10003eb0       0x94 CMakeFiles/Wifi.dir/Users/rocksonqwerty/dev/pico/pico-sdk/src/rp2_common/pico_double/double_init_rom.c.obj
                0x10003eb0                __aeabi_double_init
 .text.double_table_shim_on_use_helper
                0x10003f44       0x2c CMakeFiles/Wifi.dir/Users/rocksonqwerty/dev/pico/pico-sdk/src/rp2_common/pico_double/double_v1_rom_shim.S.obj
                0x10003f44                double_table_shim_on_use_helper
 .text.__aeabi_lmul
                0x10003f70       0x32 CMakeFiles/Wifi.dir/Users/rocksonqwerty/dev/pico/pico-sdk/src/rp2_common/pico_int64_ops/pico_int64_ops_aeabi.S.obj
                0x10003f70                __wrap___aeabi_lmul
 *fill*         0x10003fa2        0x2 
 .text.missing_float_func_shim
                0x10003fa4        0xc CMakeFiles/Wifi.dir/Users/rocksonqwerty/dev/pico/pico-sdk/src/rp2_common/pico_float/float_init_rom.c.obj
 .text.__aeabi_float_init
                0x10003fb0       0x5c CMakeFiles/Wifi.dir/Users/rocksonqwerty/dev/pico/pico-sdk/src/rp2_common/pico_float/float_init_rom.c.obj
                0x10003fb0                __aeabi_float_init
 .text.__wrap_malloc
                0x1000400c       0x24 CMakeFiles/Wifi.dir/Users/rocksonqwerty/dev/pico/pico-sdk/src/rp2_common/pico_malloc/pico_malloc.c.obj
                0x1000400c                __wrap_malloc
 .text.__wrap_free
                0x10004030        0x8 CMakeFiles/Wifi.dir/Users/rocksonqwerty/dev/pico/pico-sdk/src/rp2_common/pico_malloc/pico_malloc.c.obj
                0x10004030                __wrap_free
 .text          0x10004038       0x10 CMakeFiles/Wifi.dir/Users/rocksonqwerty/dev/pico/pico-sdk/src/rp2_common/pico_mem_ops/mem_ops_aeabi.S.obj
                0x10004038                __aeabi_mem_init
 .text.memset   0x10004048        0xc CMakeFiles/Wifi.dir/Users/rocksonqwerty/dev/pico/pico-sdk/src/rp2_common/pico_mem_ops/mem_ops_aeabi.S.obj
                0x10004048                __wrap_memset
 .text.memcpy   0x10004054        0xc CMakeFiles/Wifi.dir/Users/rocksonqwerty/dev/pico/pico-sdk/src/rp2_common/pico_mem_ops/mem_ops_aeabi.S.obj
                0x10004054                __wrap___aeabi_memcpy
                0x10004054                __wrap_memcpy
 .text.stdio_out_chars_crlf
                0x10004060       0x94 CMakeFiles/Wifi.dir/Users/rocksonqwerty/dev/pico/pico-sdk/src/rp2_common/pico_stdio/stdio.c.obj
 .text.stdio_buffered_printer
                0x100040f4       0x64 CMakeFiles/Wifi.dir/Users/rocksonqwerty/dev/pico/pico-sdk/src/rp2_common/pico_stdio/stdio.c.obj
 .text.__wrap_putchar
                0x10004158       0x98 CMakeFiles/Wifi.dir/Users/rocksonqwerty/dev/pico/pico-sdk/src/rp2_common/pico_stdio/stdio.c.obj
                0x10004158                __wrap_putchar
 .text.__wrap_puts
                0x100041f0       0xe0 CMakeFiles/Wifi.dir/Users/rocksonqwerty/dev/pico/pico-sdk/src/rp2_common/pico_stdio/stdio.c.obj
                0x100041f0                __wrap_puts
 .text._read    0x100042d0       0x94 CMakeFiles/Wifi.dir/Users/rocksonqwerty/dev/pico/pico-sdk/src/rp2_common/pico_stdio/stdio.c.obj
                0x100042d0                _read
 .text._write   0x10004364       0xb4 CMakeFiles/Wifi.dir/Users/rocksonqwerty/dev/pico/pico-sdk/src/rp2_common/pico_stdio/stdio.c.obj
                0x10004364                _write
 .text._close   0x10004418        0x8 CMakeFiles/Wifi.dir/Users/rocksonqwerty/dev/pico/pico-sdk/src/rp2_common/pico_stdio/stdio.c.obj
                0x10004418                _close
 .text._lseek   0x10004420        0x8 CMakeFiles/Wifi.dir/Users/rocksonqwerty/dev/pico/pico-sdk/src/rp2_common/pico_stdio/stdio.c.obj
                0x10004420                _lseek
 .text._fstat   0x10004428        0x8 CMakeFiles/Wifi.dir/Users/rocksonqwerty/dev/pico/pico-sdk/src/rp2_common/pico_stdio/stdio.c.obj
                0x10004428                _fstat
 .text._isatty  0x10004430        0xc CMakeFiles/Wifi.dir/Users/rocksonqwerty/dev/pico/pico-sdk/src/rp2_common/pico_stdio/stdio.c.obj
                0x10004430                _isatty
 .text.stdio_set_driver_enabled
                0x1000443c       0x30 CMakeFiles/Wifi.dir/Users/rocksonqwerty/dev/pico/pico-sdk/src/rp2_common/pico_stdio/stdio.c.obj
                0x1000443c                stdio_set_driver_enabled
 .text.__wrap_vprintf
                0x1000446c       0xd4 CMakeFiles/Wifi.dir/Users/rocksonqwerty/dev/pico/pico-sdk/src/rp2_common/pico_stdio/stdio.c.obj
                0x1000446c                __wrap_vprintf
 .text.__wrap_printf
                0x10004540       0x18 CMakeFiles/Wifi.dir/Users/rocksonqwerty/dev/pico/pico-sdk/src/rp2_common/pico_stdio/stdio.c.obj
                0x10004540                __wrap_printf
 .text.stdio_init_all
                0x10004558        0x8 CMakeFiles/Wifi.dir/Users/rocksonqwerty/dev/pico/pico-sdk/src/rp2_common/pico_stdio/stdio.c.obj
                0x10004558                stdio_init_all
 .text.resetd_init
                0x10004560        0x4 CMakeFiles/Wifi.dir/Users/rocksonqwerty/dev/pico/pico-sdk/src/rp2_common/pico_stdio_usb/reset_interface.c.obj
 .text.resetd_reset
                0x10004564        0xc CMakeFiles/Wifi.dir/Users/rocksonqwerty/dev/pico/pico-sdk/src/rp2_common/pico_stdio_usb/reset_interface.c.obj
 .text.resetd_open
                0x10004570       0x28 CMakeFiles/Wifi.dir/Users/rocksonqwerty/dev/pico/pico-sdk/src/rp2_common/pico_stdio_usb/reset_interface.c.obj
 .text.resetd_xfer_cb
                0x10004598        0x4 CMakeFiles/Wifi.dir/Users/rocksonqwerty/dev/pico/pico-sdk/src/rp2_common/pico_stdio_usb/reset_interface.c.obj
 .text.resetd_control_xfer_cb
                0x1000459c       0x60 CMakeFiles/Wifi.dir/Users/rocksonqwerty/dev/pico/pico-sdk/src/rp2_common/pico_stdio_usb/reset_interface.c.obj
 .text.usbd_app_driver_get_cb
                0x100045fc        0xc CMakeFiles/Wifi.dir/Users/rocksonqwerty/dev/pico/pico-sdk/src/rp2_common/pico_stdio_usb/reset_interface.c.obj
                0x100045fc                usbd_app_driver_get_cb
 .text.tud_cdc_line_coding_cb
                0x10004608       0x34 CMakeFiles/Wifi.dir/Users/rocksonqwerty/dev/pico/pico-sdk/src/rp2_common/pico_stdio_usb/reset_interface.c.obj
                0x10004608                tud_cdc_line_coding_cb
 .text.stdio_usb_set_chars_available_callback
                0x1000463c       0x14 CMakeFiles/Wifi.dir/Users/rocksonqwerty/dev/pico/pico-sdk/src/rp2_common/pico_stdio_usb/stdio_usb.c.obj
                0x1000463c                stdio_usb_set_chars_available_callback
 .text.usb_irq  0x10004650       0x10 CMakeFiles/Wifi.dir/Users/rocksonqwerty/dev/pico/pico-sdk/src/rp2_common/pico_stdio_usb/stdio_usb.c.obj
 .text.timer_task
                0x10004660       0x54 CMakeFiles/Wifi.dir/Users/rocksonqwerty/dev/pico/pico-sdk/src/rp2_common/pico_stdio_usb/stdio_usb.c.obj
 .text.stdio_usb_in_chars
                0x100046b4       0x90 CMakeFiles/Wifi.dir/Users/rocksonqwerty/dev/pico/pico-sdk/src/rp2_common/pico_stdio_usb/stdio_usb.c.obj
                0x100046b4                stdio_usb_in_chars
 .text.stdio_usb_out_chars
                0x10004744      0x104 CMakeFiles/Wifi.dir/Users/rocksonqwerty/dev/pico/pico-sdk/src/rp2_common/pico_stdio_usb/stdio_usb.c.obj
 .text.low_priority_worker_irq
                0x10004848       0xa8 CMakeFiles/Wifi.dir/Users/rocksonqwerty/dev/pico/pico-sdk/src/rp2_common/pico_stdio_usb/stdio_usb.c.obj
 .text.tud_cdc_rx_cb
                0x100048f0       0x20 CMakeFiles/Wifi.dir/Users/rocksonqwerty/dev/pico/pico-sdk/src/rp2_common/pico_stdio_usb/stdio_usb.c.obj
                0x100048f0                tud_cdc_rx_cb
 .text.stdio_usb_init
                0x10004910       0xe0 CMakeFiles/Wifi.dir/Users/rocksonqwerty/dev/pico/pico-sdk/src/rp2_common/pico_stdio_usb/stdio_usb.c.obj
                0x10004910                stdio_usb_init
 .text.tud_descriptor_device_cb
                0x100049f0        0x8 CMakeFiles/Wifi.dir/Users/rocksonqwerty/dev/pico/pico-sdk/src/rp2_common/pico_stdio_usb/stdio_usb_descriptors.c.obj
                0x100049f0                tud_descriptor_device_cb
 .text.tud_descriptor_configuration_cb
                0x100049f8        0x8 CMakeFiles/Wifi.dir/Users/rocksonqwerty/dev/pico/pico-sdk/src/rp2_common/pico_stdio_usb/stdio_usb_descriptors.c.obj
                0x100049f8                tud_descriptor_configuration_cb
 .text.tud_descriptor_string_cb
                0x10004a00       0x78 CMakeFiles/Wifi.dir/Users/rocksonqwerty/dev/pico/pico-sdk/src/rp2_common/pico_stdio_usb/stdio_usb_descriptors.c.obj
                0x10004a00                tud_descriptor_string_cb
 .text.startup._retrieve_unique_id_on_boot
                0x10004a78       0x10 CMakeFiles/Wifi.dir/Users/rocksonqwerty/dev/pico/pico-sdk/src/rp2_common/pico_unique_id/unique_id.c.obj
 .text.pico_get_unique_board_id
                0x10004a88       0x10 CMakeFiles/Wifi.dir/Users/rocksonqwerty/dev/pico/pico-sdk/src/rp2_common/pico_unique_id/unique_id.c.obj
                0x10004a88                pico_get_unique_board_id
 .text.pico_get_unique_board_id_string
                0x10004a98      0x1a8 CMakeFiles/Wifi.dir/Users/rocksonqwerty/dev/pico/pico-sdk/src/rp2_common/pico_unique_id/unique_id.c.obj
                0x10004a98                pico_get_unique_board_id_string
 .text.flash_get_unique_id
                0x10004c40       0x40 CMakeFiles/Wifi.dir/Users/rocksonqwerty/dev/pico/pico-sdk/src/rp2_common/hardware_flash/flash.c.obj
                0x10004c40                flash_get_unique_id
 .text.dcd_int_enable
                0x10004c80        0xc CMakeFiles/Wifi.dir/Users/rocksonqwerty/dev/pico/pico-sdk/lib/tinyusb/src/portable/raspberrypi/rp2040/dcd_rp2040.c.obj
                0x10004c80                dcd_int_enable
 .text.dcd_set_address
                0x10004c8c       0x14 CMakeFiles/Wifi.dir/Users/rocksonqwerty/dev/pico/pico-sdk/lib/tinyusb/src/portable/raspberrypi/rp2040/dcd_rp2040.c.obj
                0x10004c8c                dcd_set_address
 .text.dcd_connect
                0x10004ca0       0x10 CMakeFiles/Wifi.dir/Users/rocksonqwerty/dev/pico/pico-sdk/lib/tinyusb/src/portable/raspberrypi/rp2040/dcd_rp2040.c.obj
                0x10004ca0                dcd_connect
 .text.dcd_init
                0x10004cb0       0x98 CMakeFiles/Wifi.dir/Users/rocksonqwerty/dev/pico/pico-sdk/lib/tinyusb/src/portable/raspberrypi/rp2040/dcd_rp2040.c.obj
                0x10004cb0                dcd_init
 .text.dcd_edpt0_status_complete
                0x10004d48       0x1c CMakeFiles/Wifi.dir/Users/rocksonqwerty/dev/pico/pico-sdk/lib/tinyusb/src/portable/raspberrypi/rp2040/dcd_rp2040.c.obj
                0x10004d48                dcd_edpt0_status_complete
 .text.dcd_edpt_open
                0x10004d64      0x108 CMakeFiles/Wifi.dir/Users/rocksonqwerty/dev/pico/pico-sdk/lib/tinyusb/src/portable/raspberrypi/rp2040/dcd_rp2040.c.obj
                0x10004d64                dcd_edpt_open
 .text.dcd_edpt_close_all
                0x10004e6c        0x8 CMakeFiles/Wifi.dir/Users/rocksonqwerty/dev/pico/pico-sdk/lib/tinyusb/src/portable/raspberrypi/rp2040/dcd_rp2040.c.obj
                0x10004e6c                dcd_edpt_close_all
 .text.dcd_edpt_xfer
                0x10004e74       0x24 CMakeFiles/Wifi.dir/Users/rocksonqwerty/dev/pico/pico-sdk/lib/tinyusb/src/portable/raspberrypi/rp2040/dcd_rp2040.c.obj
                0x10004e74                dcd_edpt_xfer
 .text.dcd_edpt_stall
                0x10004e98       0x34 CMakeFiles/Wifi.dir/Users/rocksonqwerty/dev/pico/pico-sdk/lib/tinyusb/src/portable/raspberrypi/rp2040/dcd_rp2040.c.obj
                0x10004e98                dcd_edpt_stall
 .text.dcd_edpt_clear_stall
                0x10004ecc       0x30 CMakeFiles/Wifi.dir/Users/rocksonqwerty/dev/pico/pico-sdk/lib/tinyusb/src/portable/raspberrypi/rp2040/dcd_rp2040.c.obj
                0x10004ecc                dcd_edpt_clear_stall
 .text.rp2040_usb_init
                0x10004efc       0x4c CMakeFiles/Wifi.dir/Users/rocksonqwerty/dev/pico/pico-sdk/lib/tinyusb/src/portable/raspberrypi/rp2040/rp2040_usb.c.obj
                0x10004efc                rp2040_usb_init
 .text.hw_endpoint_xfer_start
                0x10004f48       0x40 CMakeFiles/Wifi.dir/Users/rocksonqwerty/dev/pico/pico-sdk/lib/tinyusb/src/portable/raspberrypi/rp2040/rp2040_usb.c.obj
                0x10004f48                hw_endpoint_xfer_start
 .text.tud_mounted
                0x10004f88       0x10 CMakeFiles/Wifi.dir/Users/rocksonqwerty/dev/pico/pico-sdk/lib/tinyusb/src/device/usbd.c.obj
                0x10004f88                tud_mounted
 .text.tud_suspended
                0x10004f98       0x10 CMakeFiles/Wifi.dir/Users/rocksonqwerty/dev/pico/pico-sdk/lib/tinyusb/src/device/usbd.c.obj
                0x10004f98                tud_suspended
 .text.tud_inited
                0x10004fa8       0x14 CMakeFiles/Wifi.dir/Users/rocksonqwerty/dev/pico/pico-sdk/lib/tinyusb/src/device/usbd.c.obj
                0x10004fa8                tud_inited
 .text.tud_init
                0x10004fbc       0xd8 CMakeFiles/Wifi.dir/Users/rocksonqwerty/dev/pico/pico-sdk/lib/tinyusb/src/device/usbd.c.obj
                0x10004fbc                tud_init
 .text.tud_task_ext
                0x10005094      0x8a4 CMakeFiles/Wifi.dir/Users/rocksonqwerty/dev/pico/pico-sdk/lib/tinyusb/src/device/usbd.c.obj
                0x10005094                tud_task_ext
 .text.usbd_open_edpt_pair
                0x10005938       0x9c CMakeFiles/Wifi.dir/Users/rocksonqwerty/dev/pico/pico-sdk/lib/tinyusb/src/device/usbd.c.obj
                0x10005938                usbd_open_edpt_pair
 .text.usbd_defer_func
                0x100059d4       0x48 CMakeFiles/Wifi.dir/Users/rocksonqwerty/dev/pico/pico-sdk/lib/tinyusb/src/device/usbd.c.obj
                0x100059d4                usbd_defer_func
 .text.usbd_edpt_open
                0x10005a1c       0x34 CMakeFiles/Wifi.dir/Users/rocksonqwerty/dev/pico/pico-sdk/lib/tinyusb/src/device/usbd.c.obj
                0x10005a1c                usbd_edpt_open
 .text.usbd_edpt_claim
                0x10005a50       0x28 CMakeFiles/Wifi.dir/Users/rocksonqwerty/dev/pico/pico-sdk/lib/tinyusb/src/device/usbd.c.obj
                0x10005a50                usbd_edpt_claim
 .text.usbd_edpt_release
                0x10005a78       0x28 CMakeFiles/Wifi.dir/Users/rocksonqwerty/dev/pico/pico-sdk/lib/tinyusb/src/device/usbd.c.obj
                0x10005a78                usbd_edpt_release
 .text.usbd_edpt_xfer
                0x10005aa0       0x4c CMakeFiles/Wifi.dir/Users/rocksonqwerty/dev/pico/pico-sdk/lib/tinyusb/src/device/usbd.c.obj
                0x10005aa0                usbd_edpt_xfer
 .text.tud_control_status
                0x10005aec       0x2c CMakeFiles/Wifi.dir/Users/rocksonqwerty/dev/pico/pico-sdk/lib/tinyusb/src/device/usbd_control.c.obj
                0x10005aec                tud_control_status
 .text.tud_control_xfer
                0x10005b18       0xac CMakeFiles/Wifi.dir/Users/rocksonqwerty/dev/pico/pico-sdk/lib/tinyusb/src/device/usbd_control.c.obj
                0x10005b18                tud_control_xfer
 .text.usbd_control_reset
                0x10005bc4       0x14 CMakeFiles/Wifi.dir/Users/rocksonqwerty/dev/pico/pico-sdk/lib/tinyusb/src/device/usbd_control.c.obj
                0x10005bc4                usbd_control_reset
 .text.usbd_control_set_complete_callback
                0x10005bd8        0xc CMakeFiles/Wifi.dir/Users/rocksonqwerty/dev/pico/pico-sdk/lib/tinyusb/src/device/usbd_control.c.obj
                0x10005bd8                usbd_control_set_complete_callback
 .text.usbd_control_set_request
                0x10005be4       0x1c CMakeFiles/Wifi.dir/Users/rocksonqwerty/dev/pico/pico-sdk/lib/tinyusb/src/device/usbd_control.c.obj
                0x10005be4                usbd_control_set_request
 .text.usbd_control_xfer_cb
                0x10005c00       0xf4 CMakeFiles/Wifi.dir/Users/rocksonqwerty/dev/pico/pico-sdk/lib/tinyusb/src/device/usbd_control.c.obj
                0x10005c00                usbd_control_xfer_cb
 .text.tud_cdc_n_connected
                0x10005cf4       0x30 CMakeFiles/Wifi.dir/Users/rocksonqwerty/dev/pico/pico-sdk/lib/tinyusb/src/class/cdc/cdc_device.c.obj
                0x10005cf4                tud_cdc_n_connected
 .text.tud_cdc_n_available
                0x10005d24       0x18 CMakeFiles/Wifi.dir/Users/rocksonqwerty/dev/pico/pico-sdk/lib/tinyusb/src/class/cdc/cdc_device.c.obj
                0x10005d24                tud_cdc_n_available
 .text.tud_cdc_n_read
                0x10005d3c       0x70 CMakeFiles/Wifi.dir/Users/rocksonqwerty/dev/pico/pico-sdk/lib/tinyusb/src/class/cdc/cdc_device.c.obj
                0x10005d3c                tud_cdc_n_read
 .text.tud_cdc_n_write_flush
                0x10005dac       0x78 CMakeFiles/Wifi.dir/Users/rocksonqwerty/dev/pico/pico-sdk/lib/tinyusb/src/class/cdc/cdc_device.c.obj
                0x10005dac                tud_cdc_n_write_flush
 .text.tud_cdc_n_write
                0x10005e24       0x34 CMakeFiles/Wifi.dir/Users/rocksonqwerty/dev/pico/pico-sdk/lib/tinyusb/src/class/cdc/cdc_device.c.obj
                0x10005e24                tud_cdc_n_write
 .text.tud_cdc_n_write_available
                0x10005e58       0x18 CMakeFiles/Wifi.dir/Users/rocksonqwerty/dev/pico/pico-sdk/lib/tinyusb/src/class/cdc/cdc_device.c.obj
                0x10005e58                tud_cdc_n_write_available
 .text.cdcd_init
                0x10005e70       0x7c CMakeFiles/Wifi.dir/Users/rocksonqwerty/dev/pico/pico-sdk/lib/tinyusb/src/class/cdc/cdc_device.c.obj
                0x10005e70                cdcd_init
 .text.cdcd_reset
                0x10005eec       0x2c CMakeFiles/Wifi.dir/Users/rocksonqwerty/dev/pico/pico-sdk/lib/tinyusb/src/class/cdc/cdc_device.c.obj
                0x10005eec                cdcd_reset
 .text.cdcd_open
                0x10005f18       0xe4 CMakeFiles/Wifi.dir/Users/rocksonqwerty/dev/pico/pico-sdk/lib/tinyusb/src/class/cdc/cdc_device.c.obj
                0x10005f18                cdcd_open
 .text.cdcd_control_xfer_cb
                0x10005ffc       0xe4 CMakeFiles/Wifi.dir/Users/rocksonqwerty/dev/pico/pico-sdk/lib/tinyusb/src/class/cdc/cdc_device.c.obj
                0x10005ffc                cdcd_control_xfer_cb
 .text.cdcd_xfer_cb
                0x100060e0      0x13c CMakeFiles/Wifi.dir/Users/rocksonqwerty/dev/pico/pico-sdk/lib/tinyusb/src/class/cdc/cdc_device.c.obj
                0x100060e0                cdcd_xfer_cb
 .text.tusb_init
                0x1000621c        0xc CMakeFiles/Wifi.dir/Users/rocksonqwerty/dev/pico/pico-sdk/lib/tinyusb/src/tusb.c.obj
                0x1000621c                tusb_init
 .text.tusb_inited
                0x10006228        0x8 CMakeFiles/Wifi.dir/Users/rocksonqwerty/dev/pico/pico-sdk/lib/tinyusb/src/tusb.c.obj
                0x10006228                tusb_inited
 .text.tu_edpt_claim
                0x10006230       0x50 CMakeFiles/Wifi.dir/Users/rocksonqwerty/dev/pico/pico-sdk/lib/tinyusb/src/tusb.c.obj
                0x10006230                tu_edpt_claim
 .text.tu_edpt_release
                0x10006280       0x38 CMakeFiles/Wifi.dir/Users/rocksonqwerty/dev/pico/pico-sdk/lib/tinyusb/src/tusb.c.obj
                0x10006280                tu_edpt_release
 .text.tu_edpt_validate
                0x100062b8       0x7c CMakeFiles/Wifi.dir/Users/rocksonqwerty/dev/pico/pico-sdk/lib/tinyusb/src/tusb.c.obj
                0x100062b8                tu_edpt_validate
 .text.tu_edpt_bind_driver
                0x10006334       0x34 CMakeFiles/Wifi.dir/Users/rocksonqwerty/dev/pico/pico-sdk/lib/tinyusb/src/tusb.c.obj
                0x10006334                tu_edpt_bind_driver
 .text.tu_fifo_config
                0x10006368       0x6c CMakeFiles/Wifi.dir/Users/rocksonqwerty/dev/pico/pico-sdk/lib/tinyusb/src/common/tusb_fifo.c.obj
                0x10006368                tu_fifo_config
 .text.tu_fifo_count
                0x100063d4       0x2c CMakeFiles/Wifi.dir/Users/rocksonqwerty/dev/pico/pico-sdk/lib/tinyusb/src/common/tusb_fifo.c.obj
                0x100063d4                tu_fifo_count
 .text.tu_fifo_empty
                0x10006400       0x10 CMakeFiles/Wifi.dir/Users/rocksonqwerty/dev/pico/pico-sdk/lib/tinyusb/src/common/tusb_fifo.c.obj
                0x10006400                tu_fifo_empty
 .text.tu_fifo_remaining
                0x10006410       0x2c CMakeFiles/Wifi.dir/Users/rocksonqwerty/dev/pico/pico-sdk/lib/tinyusb/src/common/tusb_fifo.c.obj
                0x10006410                tu_fifo_remaining
 .text.tu_fifo_read
                0x1000643c       0x9c CMakeFiles/Wifi.dir/Users/rocksonqwerty/dev/pico/pico-sdk/lib/tinyusb/src/common/tusb_fifo.c.obj
                0x1000643c                tu_fifo_read
 .text.tu_fifo_read_n
                0x100064d8       0xe8 CMakeFiles/Wifi.dir/Users/rocksonqwerty/dev/pico/pico-sdk/lib/tinyusb/src/common/tusb_fifo.c.obj
                0x100064d8                tu_fifo_read_n
 .text.tu_fifo_write
                0x100065c0       0x88 CMakeFiles/Wifi.dir/Users/rocksonqwerty/dev/pico/pico-sdk/lib/tinyusb/src/common/tusb_fifo.c.obj
                0x100065c0                tu_fifo_write
 .text.tu_fifo_write_n
                0x10006648      0x178 CMakeFiles/Wifi.dir/Users/rocksonqwerty/dev/pico/pico-sdk/lib/tinyusb/src/common/tusb_fifo.c.obj
                0x10006648                tu_fifo_write_n
 .text.tu_fifo_clear
                0x100067c0       0x40 CMakeFiles/Wifi.dir/Users/rocksonqwerty/dev/pico/pico-sdk/lib/tinyusb/src/common/tusb_fifo.c.obj
                0x100067c0                tu_fifo_clear
 .text.tu_fifo_set_overwritable
                0x10006800       0x48 CMakeFiles/Wifi.dir/Users/rocksonqwerty/dev/pico/pico-sdk/lib/tinyusb/src/common/tusb_fifo.c.obj
                0x10006800                tu_fifo_set_overwritable
 .text.splitmix64
                0x10006848       0x58 CMakeFiles/Wifi.dir/Users/rocksonqwerty/dev/pico/pico-sdk/src/rp2_common/pico_rand/rand.c.obj
 .text.xoroshiro128ss
                0x100068a0       0x90 CMakeFiles/Wifi.dir/Users/rocksonqwerty/dev/pico/pico-sdk/src/rp2_common/pico_rand/rand.c.obj
 .text.get_rand_64
                0x10006930      0x4a4 CMakeFiles/Wifi.dir/Users/rocksonqwerty/dev/pico/pico-sdk/src/rp2_common/pico_rand/rand.c.obj
                0x10006930                get_rand_64
 .text.get_rand_32
                0x10006dd4        0x8 CMakeFiles/Wifi.dir/Users/rocksonqwerty/dev/pico/pico-sdk/src/rp2_common/pico_rand/rand.c.obj
                0x10006dd4                get_rand_32
 .text.lwip_init
                0x10006ddc       0x24 CMakeFiles/Wifi.dir/Users/rocksonqwerty/dev/pico/pico-sdk/lib/lwip/src/core/init.c.obj
                0x10006ddc                lwip_init
 .text.lwip_htons
                0x10006e00        0x8 CMakeFiles/Wifi.dir/Users/rocksonqwerty/dev/pico/pico-sdk/lib/lwip/src/core/def.c.obj
                0x10006e00                lwip_htons
 .text.lwip_htonl
                0x10006e08        0x4 CMakeFiles/Wifi.dir/Users/rocksonqwerty/dev/pico/pico-sdk/lib/lwip/src/core/def.c.obj
                0x10006e08                lwip_htonl
 .text.dns_call_found
                0x10006e0c      0x184 CMakeFiles/Wifi.dir/Users/rocksonqwerty/dev/pico/pico-sdk/lib/lwip/src/core/dns.c.obj
 .text.dns_send.isra.0
                0x10006f90      0x174 CMakeFiles/Wifi.dir/Users/rocksonqwerty/dev/pico/pico-sdk/lib/lwip/src/core/dns.c.obj
 .text.dns_init
                0x10007104        0x4 CMakeFiles/Wifi.dir/Users/rocksonqwerty/dev/pico/pico-sdk/lib/lwip/src/core/dns.c.obj
                0x10007104                dns_init
 .text.dns_setserver
                0x10007108       0x24 CMakeFiles/Wifi.dir/Users/rocksonqwerty/dev/pico/pico-sdk/lib/lwip/src/core/dns.c.obj
                0x10007108                dns_setserver
 .text.dns_tmr  0x1000712c      0x140 CMakeFiles/Wifi.dir/Users/rocksonqwerty/dev/pico/pico-sdk/lib/lwip/src/core/dns.c.obj
                0x1000712c                dns_tmr
 .text.lwip_standard_chksum
                0x1000726c       0xdc CMakeFiles/Wifi.dir/Users/rocksonqwerty/dev/pico/pico-sdk/lib/lwip/src/core/inet_chksum.c.obj
                0x1000726c                lwip_standard_chksum
 .text.inet_chksum_pseudo
                0x10007348       0xbc CMakeFiles/Wifi.dir/Users/rocksonqwerty/dev/pico/pico-sdk/lib/lwip/src/core/inet_chksum.c.obj
                0x10007348                inet_chksum_pseudo
 .text.ip_chksum_pseudo
                0x10007404       0x10 CMakeFiles/Wifi.dir/Users/rocksonqwerty/dev/pico/pico-sdk/lib/lwip/src/core/inet_chksum.c.obj
                0x10007404                ip_chksum_pseudo
 .text.inet_chksum
                0x10007414        0xc CMakeFiles/Wifi.dir/Users/rocksonqwerty/dev/pico/pico-sdk/lib/lwip/src/core/inet_chksum.c.obj
                0x10007414                inet_chksum
 .text.inet_chksum_pbuf
                0x10007420       0x78 CMakeFiles/Wifi.dir/Users/rocksonqwerty/dev/pico/pico-sdk/lib/lwip/src/core/inet_chksum.c.obj
                0x10007420                inet_chksum_pbuf
 .text.mem_init
                0x10007498        0x4 CMakeFiles/Wifi.dir/Users/rocksonqwerty/dev/pico/pico-sdk/lib/lwip/src/core/mem.c.obj
                0x10007498                mem_init
 .text.mem_trim
                0x1000749c        0x4 CMakeFiles/Wifi.dir/Users/rocksonqwerty/dev/pico/pico-sdk/lib/lwip/src/core/mem.c.obj
                0x1000749c                mem_trim
 .text.mem_malloc
                0x100074a0       0x2c CMakeFiles/Wifi.dir/Users/rocksonqwerty/dev/pico/pico-sdk/lib/lwip/src/core/mem.c.obj
                0x100074a0                mem_malloc
 .text.mem_free
                0x100074cc       0x2c CMakeFiles/Wifi.dir/Users/rocksonqwerty/dev/pico/pico-sdk/lib/lwip/src/core/mem.c.obj
                0x100074cc                mem_free
 .text.memp_init
                0x100074f8       0x6c CMakeFiles/Wifi.dir/Users/rocksonqwerty/dev/pico/pico-sdk/lib/lwip/src/core/memp.c.obj
                0x100074f8                memp_init
 .text.memp_malloc
                0x10007564       0x40 CMakeFiles/Wifi.dir/Users/rocksonqwerty/dev/pico/pico-sdk/lib/lwip/src/core/memp.c.obj
                0x10007564                memp_malloc
 .text.memp_free
                0x100075a4       0x38 CMakeFiles/Wifi.dir/Users/rocksonqwerty/dev/pico/pico-sdk/lib/lwip/src/core/memp.c.obj
                0x100075a4                memp_free
 .text.netif_null_output_ip4
                0x100075dc        0x8 CMakeFiles/Wifi.dir/Users/rocksonqwerty/dev/pico/pico-sdk/lib/lwip/src/core/netif.c.obj
 .text.netif_do_set_ipaddr.isra.0
                0x100075e4       0x60 CMakeFiles/Wifi.dir/Users/rocksonqwerty/dev/pico/pico-sdk/lib/lwip/src/core/netif.c.obj
 .text.netif_init
                0x10007644        0x4 CMakeFiles/Wifi.dir/Users/rocksonqwerty/dev/pico/pico-sdk/lib/lwip/src/core/netif.c.obj
                0x10007644                netif_init
 .text.netif_add
                0x10007648      0x16c CMakeFiles/Wifi.dir/Users/rocksonqwerty/dev/pico/pico-sdk/lib/lwip/src/core/netif.c.obj
                0x10007648                netif_add
 .text.netif_set_addr
                0x100077b4       0xb4 CMakeFiles/Wifi.dir/Users/rocksonqwerty/dev/pico/pico-sdk/lib/lwip/src/core/netif.c.obj
                0x100077b4                netif_set_addr
 .text.netif_remove
                0x10007868       0x94 CMakeFiles/Wifi.dir/Users/rocksonqwerty/dev/pico/pico-sdk/lib/lwip/src/core/netif.c.obj
                0x10007868                netif_remove
 .text.netif_set_default
                0x100078fc        0xc CMakeFiles/Wifi.dir/Users/rocksonqwerty/dev/pico/pico-sdk/lib/lwip/src/core/netif.c.obj
                0x100078fc                netif_set_default
 .text.netif_set_up
                0x10007908       0x40 CMakeFiles/Wifi.dir/Users/rocksonqwerty/dev/pico/pico-sdk/lib/lwip/src/core/netif.c.obj
                0x10007908                netif_set_up
 .text.netif_set_link_up
                0x10007948       0x44 CMakeFiles/Wifi.dir/Users/rocksonqwerty/dev/pico/pico-sdk/lib/lwip/src/core/netif.c.obj
                0x10007948                netif_set_link_up
 .text.netif_set_link_down
                0x1000798c       0x20 CMakeFiles/Wifi.dir/Users/rocksonqwerty/dev/pico/pico-sdk/lib/lwip/src/core/netif.c.obj
                0x1000798c                netif_set_link_down
 .text.netif_get_by_index
                0x100079ac       0x2c CMakeFiles/Wifi.dir/Users/rocksonqwerty/dev/pico/pico-sdk/lib/lwip/src/core/netif.c.obj
                0x100079ac                netif_get_by_index
 .text.pbuf_free.part.0
                0x100079d8       0x7c CMakeFiles/Wifi.dir/Users/rocksonqwerty/dev/pico/pico-sdk/lib/lwip/src/core/pbuf.c.obj
 .text.pbuf_free_ooseq
                0x10007a54       0x34 CMakeFiles/Wifi.dir/Users/rocksonqwerty/dev/pico/pico-sdk/lib/lwip/src/core/pbuf.c.obj
                0x10007a54                pbuf_free_ooseq
 .text.pbuf_alloc
                0x10007a88      0x128 CMakeFiles/Wifi.dir/Users/rocksonqwerty/dev/pico/pico-sdk/lib/lwip/src/core/pbuf.c.obj
                0x10007a88                pbuf_alloc
 .text.pbuf_realloc
                0x10007bb0       0x84 CMakeFiles/Wifi.dir/Users/rocksonqwerty/dev/pico/pico-sdk/lib/lwip/src/core/pbuf.c.obj
                0x10007bb0                pbuf_realloc
 .text.pbuf_add_header
                0x10007c34       0x50 CMakeFiles/Wifi.dir/Users/rocksonqwerty/dev/pico/pico-sdk/lib/lwip/src/core/pbuf.c.obj
                0x10007c34                pbuf_add_header
 .text.pbuf_remove_header
                0x10007c84       0x3c CMakeFiles/Wifi.dir/Users/rocksonqwerty/dev/pico/pico-sdk/lib/lwip/src/core/pbuf.c.obj
                0x10007c84                pbuf_remove_header
 .text.pbuf_header_force
                0x10007cc0       0x68 CMakeFiles/Wifi.dir/Users/rocksonqwerty/dev/pico/pico-sdk/lib/lwip/src/core/pbuf.c.obj
                0x10007cc0                pbuf_header_force
 .text.pbuf_free
                0x10007d28       0x18 CMakeFiles/Wifi.dir/Users/rocksonqwerty/dev/pico/pico-sdk/lib/lwip/src/core/pbuf.c.obj
                0x10007d28                pbuf_free
 .text.pbuf_clen
                0x10007d40       0x14 CMakeFiles/Wifi.dir/Users/rocksonqwerty/dev/pico/pico-sdk/lib/lwip/src/core/pbuf.c.obj
                0x10007d40                pbuf_clen
 .text.pbuf_ref
                0x10007d54       0x28 CMakeFiles/Wifi.dir/Users/rocksonqwerty/dev/pico/pico-sdk/lib/lwip/src/core/pbuf.c.obj
                0x10007d54                pbuf_ref
 .text.pbuf_cat
                0x10007d7c       0x44 CMakeFiles/Wifi.dir/Users/rocksonqwerty/dev/pico/pico-sdk/lib/lwip/src/core/pbuf.c.obj
                0x10007d7c                pbuf_cat
 .text.pbuf_chain
                0x10007dc0       0x64 CMakeFiles/Wifi.dir/Users/rocksonqwerty/dev/pico/pico-sdk/lib/lwip/src/core/pbuf.c.obj
                0x10007dc0                pbuf_chain
 .text.pbuf_copy_partial_pbuf
                0x10007e24      0x130 CMakeFiles/Wifi.dir/Users/rocksonqwerty/dev/pico/pico-sdk/lib/lwip/src/core/pbuf.c.obj
                0x10007e24                pbuf_copy_partial_pbuf
 .text.pbuf_copy
                0x10007f54       0x18 CMakeFiles/Wifi.dir/Users/rocksonqwerty/dev/pico/pico-sdk/lib/lwip/src/core/pbuf.c.obj
                0x10007f54                pbuf_copy
 .text.pbuf_copy_partial
                0x10007f6c       0x68 CMakeFiles/Wifi.dir/Users/rocksonqwerty/dev/pico/pico-sdk/lib/lwip/src/core/pbuf.c.obj
                0x10007f6c                pbuf_copy_partial
 .text.pbuf_take
                0x10007fd4       0x78 CMakeFiles/Wifi.dir/Users/rocksonqwerty/dev/pico/pico-sdk/lib/lwip/src/core/pbuf.c.obj
                0x10007fd4                pbuf_take
 .text.pbuf_take_at
                0x1000804c       0xcc CMakeFiles/Wifi.dir/Users/rocksonqwerty/dev/pico/pico-sdk/lib/lwip/src/core/pbuf.c.obj
                0x1000804c                pbuf_take_at
 .text.pbuf_clone
                0x10008118       0x30 CMakeFiles/Wifi.dir/Users/rocksonqwerty/dev/pico/pico-sdk/lib/lwip/src/core/pbuf.c.obj
                0x10008118                pbuf_clone
 .text.pbuf_put_at
                0x10008148       0x1c CMakeFiles/Wifi.dir/Users/rocksonqwerty/dev/pico/pico-sdk/lib/lwip/src/core/pbuf.c.obj
                0x10008148                pbuf_put_at
 .text.raw_input
                0x10008164      0x164 CMakeFiles/Wifi.dir/Users/rocksonqwerty/dev/pico/pico-sdk/lib/lwip/src/core/raw.c.obj
                0x10008164                raw_input
 .text.raw_netif_ip_addr_changed
                0x100082c8       0x40 CMakeFiles/Wifi.dir/Users/rocksonqwerty/dev/pico/pico-sdk/lib/lwip/src/core/raw.c.obj
                0x100082c8                raw_netif_ip_addr_changed
 .text.stats_init
                0x10008308        0x4 CMakeFiles/Wifi.dir/Users/rocksonqwerty/dev/pico/pico-sdk/lib/lwip/src/core/stats.c.obj
                0x10008308                stats_init
 .text.tcp_close_shutdown_fin
                0x1000830c       0x58 CMakeFiles/Wifi.dir/Users/rocksonqwerty/dev/pico/pico-sdk/lib/lwip/src/core/tcp.c.obj
 .text.tcp_pcb_purge.part.0
                0x10008364       0xc4 CMakeFiles/Wifi.dir/Users/rocksonqwerty/dev/pico/pico-sdk/lib/lwip/src/core/tcp.c.obj
 .text.tcp_init
                0x10008428       0x20 CMakeFiles/Wifi.dir/Users/rocksonqwerty/dev/pico/pico-sdk/lib/lwip/src/core/tcp.c.obj
                0x10008428                tcp_init
 .text.tcp_free
                0x10008448       0x1c CMakeFiles/Wifi.dir/Users/rocksonqwerty/dev/pico/pico-sdk/lib/lwip/src/core/tcp.c.obj
                0x10008448                tcp_free
 .text.tcp_update_rcv_ann_wnd
                0x10008464       0x58 CMakeFiles/Wifi.dir/Users/rocksonqwerty/dev/pico/pico-sdk/lib/lwip/src/core/tcp.c.obj
                0x10008464                tcp_update_rcv_ann_wnd
 .text.tcp_recved
                0x100084bc       0x98 CMakeFiles/Wifi.dir/Users/rocksonqwerty/dev/pico/pico-sdk/lib/lwip/src/core/tcp.c.obj
                0x100084bc                tcp_recved
 .text.tcp_slowtmr
                0x10008554      0x518 CMakeFiles/Wifi.dir/Users/rocksonqwerty/dev/pico/pico-sdk/lib/lwip/src/core/tcp.c.obj
                0x10008554                tcp_slowtmr
 .text.tcp_segs_free
                0x10008a6c       0x38 CMakeFiles/Wifi.dir/Users/rocksonqwerty/dev/pico/pico-sdk/lib/lwip/src/core/tcp.c.obj
                0x10008a6c                tcp_segs_free
 .text.tcp_seg_free
                0x10008aa4       0x1c CMakeFiles/Wifi.dir/Users/rocksonqwerty/dev/pico/pico-sdk/lib/lwip/src/core/tcp.c.obj
                0x10008aa4                tcp_seg_free
 .text.tcp_seg_copy
                0x10008ac0       0x2c CMakeFiles/Wifi.dir/Users/rocksonqwerty/dev/pico/pico-sdk/lib/lwip/src/core/tcp.c.obj
                0x10008ac0                tcp_seg_copy
 .text.tcp_pcb_purge
                0x10008aec       0x18 CMakeFiles/Wifi.dir/Users/rocksonqwerty/dev/pico/pico-sdk/lib/lwip/src/core/tcp.c.obj
                0x10008aec                tcp_pcb_purge
 .text.tcp_pcb_remove
                0x10008b04       0xc8 CMakeFiles/Wifi.dir/Users/rocksonqwerty/dev/pico/pico-sdk/lib/lwip/src/core/tcp.c.obj
                0x10008b04                tcp_pcb_remove
 .text.tcp_abandon
                0x10008bcc      0x1a0 CMakeFiles/Wifi.dir/Users/rocksonqwerty/dev/pico/pico-sdk/lib/lwip/src/core/tcp.c.obj
                0x10008bcc                tcp_abandon
 .text.tcp_abort
                0x10008d6c        0xc CMakeFiles/Wifi.dir/Users/rocksonqwerty/dev/pico/pico-sdk/lib/lwip/src/core/tcp.c.obj
                0x10008d6c                tcp_abort
 .text.tcp_alloc
                0x10008d78      0x1d4 CMakeFiles/Wifi.dir/Users/rocksonqwerty/dev/pico/pico-sdk/lib/lwip/src/core/tcp.c.obj
                0x10008d78                tcp_alloc
 .text.tcp_close_shutdown
                0x10008f4c      0x18c CMakeFiles/Wifi.dir/Users/rocksonqwerty/dev/pico/pico-sdk/lib/lwip/src/core/tcp.c.obj
 .text.tcp_recv_null
                0x100090d8       0xcc CMakeFiles/Wifi.dir/Users/rocksonqwerty/dev/pico/pico-sdk/lib/lwip/src/core/tcp.c.obj
                0x100090d8                tcp_recv_null
 .text.tcp_process_refused_data
                0x100091a4       0x78 CMakeFiles/Wifi.dir/Users/rocksonqwerty/dev/pico/pico-sdk/lib/lwip/src/core/tcp.c.obj
                0x100091a4                tcp_process_refused_data
 .text.tcp_fasttmr
                0x1000921c       0x98 CMakeFiles/Wifi.dir/Users/rocksonqwerty/dev/pico/pico-sdk/lib/lwip/src/core/tcp.c.obj
                0x1000921c                tcp_fasttmr
 .text.tcp_tmr  0x100092b4       0x20 CMakeFiles/Wifi.dir/Users/rocksonqwerty/dev/pico/pico-sdk/lib/lwip/src/core/tcp.c.obj
                0x100092b4                tcp_tmr
 .text.tcp_next_iss
                0x100092d4       0x28 CMakeFiles/Wifi.dir/Users/rocksonqwerty/dev/pico/pico-sdk/lib/lwip/src/core/tcp.c.obj
                0x100092d4                tcp_next_iss
 .text.tcp_eff_send_mss_netif
                0x100092fc       0x34 CMakeFiles/Wifi.dir/Users/rocksonqwerty/dev/pico/pico-sdk/lib/lwip/src/core/tcp.c.obj
                0x100092fc                tcp_eff_send_mss_netif
 .text.tcp_netif_ip_addr_changed
                0x10009330       0x94 CMakeFiles/Wifi.dir/Users/rocksonqwerty/dev/pico/pico-sdk/lib/lwip/src/core/tcp.c.obj
                0x10009330                tcp_netif_ip_addr_changed
 .text.tcp_free_ooseq
                0x100093c4       0x40 CMakeFiles/Wifi.dir/Users/rocksonqwerty/dev/pico/pico-sdk/lib/lwip/src/core/tcp.c.obj
                0x100093c4                tcp_free_ooseq
 .text.tcp_parseopt
                0x10009404      0x1c0 CMakeFiles/Wifi.dir/Users/rocksonqwerty/dev/pico/pico-sdk/lib/lwip/src/core/tcp_in.c.obj
 .text.tcp_oos_insert_segment
                0x100095c4       0xdc CMakeFiles/Wifi.dir/Users/rocksonqwerty/dev/pico/pico-sdk/lib/lwip/src/core/tcp_in.c.obj
 .text.tcp_free_acked_segments.constprop.0
                0x100096a0       0xdc CMakeFiles/Wifi.dir/Users/rocksonqwerty/dev/pico/pico-sdk/lib/lwip/src/core/tcp_in.c.obj
 .text.tcp_receive
                0x1000977c      0xa18 CMakeFiles/Wifi.dir/Users/rocksonqwerty/dev/pico/pico-sdk/lib/lwip/src/core/tcp_in.c.obj
 .text.tcp_input
                0x1000a194      0xe64 CMakeFiles/Wifi.dir/Users/rocksonqwerty/dev/pico/pico-sdk/lib/lwip/src/core/tcp_in.c.obj
                0x1000a194                tcp_input
 .text.tcp_trigger_input_pcb_close
                0x1000aff8       0x10 CMakeFiles/Wifi.dir/Users/rocksonqwerty/dev/pico/pico-sdk/lib/lwip/src/core/tcp_in.c.obj
                0x1000aff8                tcp_trigger_input_pcb_close
 .text.tcp_create_segment
                0x1000b008       0xf8 CMakeFiles/Wifi.dir/Users/rocksonqwerty/dev/pico/pico-sdk/lib/lwip/src/core/tcp_out.c.obj
 .text.tcp_output_control_segment
                0x1000b100       0xc0 CMakeFiles/Wifi.dir/Users/rocksonqwerty/dev/pico/pico-sdk/lib/lwip/src/core/tcp_out.c.obj
 .text.tcp_output_alloc_header.constprop.0
                0x1000b1c0       0xc8 CMakeFiles/Wifi.dir/Users/rocksonqwerty/dev/pico/pico-sdk/lib/lwip/src/core/tcp_out.c.obj
 .text.tcp_split_unsent_seg
                0x1000b288      0x1b4 CMakeFiles/Wifi.dir/Users/rocksonqwerty/dev/pico/pico-sdk/lib/lwip/src/core/tcp_out.c.obj
                0x1000b288                tcp_split_unsent_seg
 .text.tcp_send_fin
                0x1000b43c      0x118 CMakeFiles/Wifi.dir/Users/rocksonqwerty/dev/pico/pico-sdk/lib/lwip/src/core/tcp_out.c.obj
                0x1000b43c                tcp_send_fin
 .text.tcp_enqueue_flags
                0x1000b554      0x108 CMakeFiles/Wifi.dir/Users/rocksonqwerty/dev/pico/pico-sdk/lib/lwip/src/core/tcp_out.c.obj
                0x1000b554                tcp_enqueue_flags
 .text.tcp_rexmit_rto_prepare
                0x1000b65c       0x9c CMakeFiles/Wifi.dir/Users/rocksonqwerty/dev/pico/pico-sdk/lib/lwip/src/core/tcp_out.c.obj
                0x1000b65c                tcp_rexmit_rto_prepare
 .text.tcp_rexmit
                0x1000b6f8       0x9c CMakeFiles/Wifi.dir/Users/rocksonqwerty/dev/pico/pico-sdk/lib/lwip/src/core/tcp_out.c.obj
                0x1000b6f8                tcp_rexmit
 .text.tcp_rexmit_fast
                0x1000b794       0x64 CMakeFiles/Wifi.dir/Users/rocksonqwerty/dev/pico/pico-sdk/lib/lwip/src/core/tcp_out.c.obj
                0x1000b794                tcp_rexmit_fast
 .text.tcp_rst  0x1000b7f8       0xe8 CMakeFiles/Wifi.dir/Users/rocksonqwerty/dev/pico/pico-sdk/lib/lwip/src/core/tcp_out.c.obj
                0x1000b7f8                tcp_rst
 .text.tcp_rst_netif
                0x1000b8e0      0x130 CMakeFiles/Wifi.dir/Users/rocksonqwerty/dev/pico/pico-sdk/lib/lwip/src/core/tcp_out.c.obj
                0x1000b8e0                tcp_rst_netif
 .text.tcp_send_empty_ack
                0x1000ba10       0x4c CMakeFiles/Wifi.dir/Users/rocksonqwerty/dev/pico/pico-sdk/lib/lwip/src/core/tcp_out.c.obj
                0x1000ba10                tcp_send_empty_ack
 .text.tcp_output
                0x1000ba5c      0x454 CMakeFiles/Wifi.dir/Users/rocksonqwerty/dev/pico/pico-sdk/lib/lwip/src/core/tcp_out.c.obj
                0x1000ba5c                tcp_output
 .text.tcp_rexmit_rto_commit
                0x1000beb0       0x24 CMakeFiles/Wifi.dir/Users/rocksonqwerty/dev/pico/pico-sdk/lib/lwip/src/core/tcp_out.c.obj
                0x1000beb0                tcp_rexmit_rto_commit
 .text.tcp_rexmit_rto
                0x1000bed4       0xa4 CMakeFiles/Wifi.dir/Users/rocksonqwerty/dev/pico/pico-sdk/lib/lwip/src/core/tcp_out.c.obj
                0x1000bed4                tcp_rexmit_rto
 .text.tcp_keepalive
                0x1000bf78       0xdc CMakeFiles/Wifi.dir/Users/rocksonqwerty/dev/pico/pico-sdk/lib/lwip/src/core/tcp_out.c.obj
                0x1000bf78                tcp_keepalive
 .text.tcp_zero_window_probe
                0x1000c054      0x110 CMakeFiles/Wifi.dir/Users/rocksonqwerty/dev/pico/pico-sdk/lib/lwip/src/core/tcp_out.c.obj
                0x1000c054                tcp_zero_window_probe
 .text.tcpip_tcp_timer
                0x1000c164       0x78 CMakeFiles/Wifi.dir/Users/rocksonqwerty/dev/pico/pico-sdk/lib/lwip/src/core/timeouts.c.obj
 .text.lwip_cyclic_timer
                0x1000c1dc       0x98 CMakeFiles/Wifi.dir/Users/rocksonqwerty/dev/pico/pico-sdk/lib/lwip/src/core/timeouts.c.obj
 .text.tcp_timer_needed
                0x1000c274       0x7c CMakeFiles/Wifi.dir/Users/rocksonqwerty/dev/pico/pico-sdk/lib/lwip/src/core/timeouts.c.obj
                0x1000c274                tcp_timer_needed
 .text.sys_timeouts_init
                0x1000c2f0       0x8c CMakeFiles/Wifi.dir/Users/rocksonqwerty/dev/pico/pico-sdk/lib/lwip/src/core/timeouts.c.obj
                0x1000c2f0                sys_timeouts_init
 .text.sys_check_timeouts
                0x1000c37c       0x68 CMakeFiles/Wifi.dir/Users/rocksonqwerty/dev/pico/pico-sdk/lib/lwip/src/core/timeouts.c.obj
                0x1000c37c                sys_check_timeouts
 .text.sys_timeouts_sleeptime
                0x1000c3e4       0x28 CMakeFiles/Wifi.dir/Users/rocksonqwerty/dev/pico/pico-sdk/lib/lwip/src/core/timeouts.c.obj
                0x1000c3e4                sys_timeouts_sleeptime
 .text.udp_init
                0x1000c40c       0x20 CMakeFiles/Wifi.dir/Users/rocksonqwerty/dev/pico/pico-sdk/lib/lwip/src/core/udp.c.obj
                0x1000c40c                udp_init
 .text.udp_input
                0x1000c42c      0x270 CMakeFiles/Wifi.dir/Users/rocksonqwerty/dev/pico/pico-sdk/lib/lwip/src/core/udp.c.obj
                0x1000c42c                udp_input
 .text.udp_bind
                0x1000c69c      0x108 CMakeFiles/Wifi.dir/Users/rocksonqwerty/dev/pico/pico-sdk/lib/lwip/src/core/udp.c.obj
                0x1000c69c                udp_bind
 .text.udp_sendto_if_src
                0x1000c7a4      0x130 CMakeFiles/Wifi.dir/Users/rocksonqwerty/dev/pico/pico-sdk/lib/lwip/src/core/udp.c.obj
                0x1000c7a4                udp_sendto_if_src
 .text.udp_sendto_if
                0x1000c8d4       0x48 CMakeFiles/Wifi.dir/Users/rocksonqwerty/dev/pico/pico-sdk/lib/lwip/src/core/udp.c.obj
                0x1000c8d4                udp_sendto_if
 .text.udp_sendto
                0x1000c91c       0x78 CMakeFiles/Wifi.dir/Users/rocksonqwerty/dev/pico/pico-sdk/lib/lwip/src/core/udp.c.obj
                0x1000c91c                udp_sendto
 .text.udp_connect
                0x1000c994       0x60 CMakeFiles/Wifi.dir/Users/rocksonqwerty/dev/pico/pico-sdk/lib/lwip/src/core/udp.c.obj
                0x1000c994                udp_connect
 .text.udp_recv
                0x1000c9f4        0xc CMakeFiles/Wifi.dir/Users/rocksonqwerty/dev/pico/pico-sdk/lib/lwip/src/core/udp.c.obj
                0x1000c9f4                udp_recv
 .text.udp_remove
                0x1000ca00       0x3c CMakeFiles/Wifi.dir/Users/rocksonqwerty/dev/pico/pico-sdk/lib/lwip/src/core/udp.c.obj
                0x1000ca00                udp_remove
 .text.udp_new  0x1000ca3c       0x1c CMakeFiles/Wifi.dir/Users/rocksonqwerty/dev/pico/pico-sdk/lib/lwip/src/core/udp.c.obj
                0x1000ca3c                udp_new
 .text.udp_netif_ip_addr_changed
                0x1000ca58       0x40 CMakeFiles/Wifi.dir/Users/rocksonqwerty/dev/pico/pico-sdk/lib/lwip/src/core/udp.c.obj
                0x1000ca58                udp_netif_ip_addr_changed
 .text.dhcp_create_msg
                0x1000ca98      0x164 CMakeFiles/Wifi.dir/Users/rocksonqwerty/dev/pico/pico-sdk/lib/lwip/src/core/ipv4/dhcp.c.obj
 .text.dhcp_inc_pcb_refcount
                0x1000cbfc       0x6c CMakeFiles/Wifi.dir/Users/rocksonqwerty/dev/pico/pico-sdk/lib/lwip/src/core/ipv4/dhcp.c.obj
 .text.dhcp_bind
                0x1000cc68      0x154 CMakeFiles/Wifi.dir/Users/rocksonqwerty/dev/pico/pico-sdk/lib/lwip/src/core/ipv4/dhcp.c.obj
 .text.dhcp_option_hostname.isra.0
                0x1000cdbc       0x88 CMakeFiles/Wifi.dir/Users/rocksonqwerty/dev/pico/pico-sdk/lib/lwip/src/core/ipv4/dhcp.c.obj
 .text.dhcp_handle_ack.isra.0
                0x1000ce44       0xcc CMakeFiles/Wifi.dir/Users/rocksonqwerty/dev/pico/pico-sdk/lib/lwip/src/core/ipv4/dhcp.c.obj
 .text.dhcp_reboot.isra.0
                0x1000cf10      0x178 CMakeFiles/Wifi.dir/Users/rocksonqwerty/dev/pico/pico-sdk/lib/lwip/src/core/ipv4/dhcp.c.obj
 .text.dhcp_discover
                0x1000d088      0x140 CMakeFiles/Wifi.dir/Users/rocksonqwerty/dev/pico/pico-sdk/lib/lwip/src/core/ipv4/dhcp.c.obj
 .text.dhcp_select.isra.0
                0x1000d1c8      0x1e0 CMakeFiles/Wifi.dir/Users/rocksonqwerty/dev/pico/pico-sdk/lib/lwip/src/core/ipv4/dhcp.c.obj
 .text.dhcp_recv
                0x1000d3a8      0x480 CMakeFiles/Wifi.dir/Users/rocksonqwerty/dev/pico/pico-sdk/lib/lwip/src/core/ipv4/dhcp.c.obj
 .text.dhcp_set_struct
                0x1000d828       0x44 CMakeFiles/Wifi.dir/Users/rocksonqwerty/dev/pico/pico-sdk/lib/lwip/src/core/ipv4/dhcp.c.obj
                0x1000d828                dhcp_set_struct
 .text.dhcp_network_changed_link_up
                0x1000d86c       0x40 CMakeFiles/Wifi.dir/Users/rocksonqwerty/dev/pico/pico-sdk/lib/lwip/src/core/ipv4/dhcp.c.obj
                0x1000d86c                dhcp_network_changed_link_up
 .text.dhcp_renew
                0x1000d8ac      0x138 CMakeFiles/Wifi.dir/Users/rocksonqwerty/dev/pico/pico-sdk/lib/lwip/src/core/ipv4/dhcp.c.obj
                0x1000d8ac                dhcp_renew
 .text.dhcp_release_and_stop
                0x1000d9e4      0x158 CMakeFiles/Wifi.dir/Users/rocksonqwerty/dev/pico/pico-sdk/lib/lwip/src/core/ipv4/dhcp.c.obj
                0x1000d9e4                dhcp_release_and_stop
 .text.dhcp_start
                0x1000db3c       0xb0 CMakeFiles/Wifi.dir/Users/rocksonqwerty/dev/pico/pico-sdk/lib/lwip/src/core/ipv4/dhcp.c.obj
                0x1000db3c                dhcp_start
 .text.dhcp_coarse_tmr
                0x1000dbec      0x1d4 CMakeFiles/Wifi.dir/Users/rocksonqwerty/dev/pico/pico-sdk/lib/lwip/src/core/ipv4/dhcp.c.obj
                0x1000dbec                dhcp_coarse_tmr
 .text.dhcp_fine_tmr
                0x1000ddc0       0x78 CMakeFiles/Wifi.dir/Users/rocksonqwerty/dev/pico/pico-sdk/lib/lwip/src/core/ipv4/dhcp.c.obj
                0x1000ddc0                dhcp_fine_tmr
 .text.dhcp_stop
                0x1000de38      0x158 CMakeFiles/Wifi.dir/Users/rocksonqwerty/dev/pico/pico-sdk/lib/lwip/src/core/ipv4/dhcp.c.obj
                0x1000de38                dhcp_stop
 .text.etharp_find_entry
                0x1000df90      0x3d4 CMakeFiles/Wifi.dir/Users/rocksonqwerty/dev/pico/pico-sdk/lib/lwip/src/core/ipv4/etharp.c.obj
 .text.etharp_raw
                0x1000e364       0xec CMakeFiles/Wifi.dir/Users/rocksonqwerty/dev/pico/pico-sdk/lib/lwip/src/core/ipv4/etharp.c.obj
 .text.etharp_output_to_arp_index
                0x1000e450       0xc0 CMakeFiles/Wifi.dir/Users/rocksonqwerty/dev/pico/pico-sdk/lib/lwip/src/core/ipv4/etharp.c.obj
 .text.etharp_tmr
                0x1000e510       0x94 CMakeFiles/Wifi.dir/Users/rocksonqwerty/dev/pico/pico-sdk/lib/lwip/src/core/ipv4/etharp.c.obj
                0x1000e510                etharp_tmr
 .text.etharp_cleanup_netif
                0x1000e5a4      0x188 CMakeFiles/Wifi.dir/Users/rocksonqwerty/dev/pico/pico-sdk/lib/lwip/src/core/ipv4/etharp.c.obj
                0x1000e5a4                etharp_cleanup_netif
 .text.etharp_input
                0x1000e72c      0x1ac CMakeFiles/Wifi.dir/Users/rocksonqwerty/dev/pico/pico-sdk/lib/lwip/src/core/ipv4/etharp.c.obj
                0x1000e72c                etharp_input
 .text.etharp_query
                0x1000e8d8      0x1b8 CMakeFiles/Wifi.dir/Users/rocksonqwerty/dev/pico/pico-sdk/lib/lwip/src/core/ipv4/etharp.c.obj
                0x1000e8d8                etharp_query
 .text.etharp_output
                0x1000ea90      0x24c CMakeFiles/Wifi.dir/Users/rocksonqwerty/dev/pico/pico-sdk/lib/lwip/src/core/ipv4/etharp.c.obj
                0x1000ea90                etharp_output
 .text.etharp_request
                0x1000ecdc       0x2c CMakeFiles/Wifi.dir/Users/rocksonqwerty/dev/pico/pico-sdk/lib/lwip/src/core/ipv4/etharp.c.obj
                0x1000ecdc                etharp_request
 .text.icmp_input
                0x1000ed08      0x1ec CMakeFiles/Wifi.dir/Users/rocksonqwerty/dev/pico/pico-sdk/lib/lwip/src/core/ipv4/icmp.c.obj
                0x1000ed08                icmp_input
 .text.icmp_dest_unreach
                0x1000eef4       0xcc CMakeFiles/Wifi.dir/Users/rocksonqwerty/dev/pico/pico-sdk/lib/lwip/src/core/ipv4/icmp.c.obj
                0x1000eef4                icmp_dest_unreach
 .text.icmp_time_exceeded
                0x1000efc0       0xcc CMakeFiles/Wifi.dir/Users/rocksonqwerty/dev/pico/pico-sdk/lib/lwip/src/core/ipv4/icmp.c.obj
                0x1000efc0                icmp_time_exceeded
 .text.ip_reass_free_complete_datagram
                0x1000f08c      0x11c CMakeFiles/Wifi.dir/Users/rocksonqwerty/dev/pico/pico-sdk/lib/lwip/src/core/ipv4/ip4_frag.c.obj
 .text.ip_reass_remove_oldest_datagram
                0x1000f1a8       0xd8 CMakeFiles/Wifi.dir/Users/rocksonqwerty/dev/pico/pico-sdk/lib/lwip/src/core/ipv4/ip4_frag.c.obj
 .text.ip_reass_tmr
                0x1000f280       0x30 CMakeFiles/Wifi.dir/Users/rocksonqwerty/dev/pico/pico-sdk/lib/lwip/src/core/ipv4/ip4_frag.c.obj
                0x1000f280                ip_reass_tmr
 .text.ip4_reass
                0x1000f2b0      0x55c CMakeFiles/Wifi.dir/Users/rocksonqwerty/dev/pico/pico-sdk/lib/lwip/src/core/ipv4/ip4_frag.c.obj
                0x1000f2b0                ip4_reass
 .text.ip4_frag
                0x1000f80c      0x184 CMakeFiles/Wifi.dir/Users/rocksonqwerty/dev/pico/pico-sdk/lib/lwip/src/core/ipv4/ip4_frag.c.obj
                0x1000f80c                ip4_frag
 .text.ip4_route
                0x1000f990       0x7c CMakeFiles/Wifi.dir/Users/rocksonqwerty/dev/pico/pico-sdk/lib/lwip/src/core/ipv4/ip4.c.obj
                0x1000f990                ip4_route
 .text.ip4_input
                0x1000fa0c      0x300 CMakeFiles/Wifi.dir/Users/rocksonqwerty/dev/pico/pico-sdk/lib/lwip/src/core/ipv4/ip4.c.obj
                0x1000fa0c                ip4_input
 .text.ip4_output_if
                0x1000fd0c      0x188 CMakeFiles/Wifi.dir/Users/rocksonqwerty/dev/pico/pico-sdk/lib/lwip/src/core/ipv4/ip4.c.obj
                0x1000fd0c                ip4_output_if
 .text.ip4_output_if_src
                0x1000fe94      0x180 CMakeFiles/Wifi.dir/Users/rocksonqwerty/dev/pico/pico-sdk/lib/lwip/src/core/ipv4/ip4.c.obj
                0x1000fe94                ip4_output_if_src
 .text.ip4_addr_isbroadcast_u32
                0x10010014       0x3c CMakeFiles/Wifi.dir/Users/rocksonqwerty/dev/pico/pico-sdk/lib/lwip/src/core/ipv4/ip4_addr.c.obj
                0x10010014                ip4_addr_isbroadcast_u32
 .text.ethernet_input
                0x10010050       0xd0 CMakeFiles/Wifi.dir/Users/rocksonqwerty/dev/pico/pico-sdk/lib/lwip/src/netif/ethernet.c.obj
                0x10010050                ethernet_input
 .text.ethernet_output
                0x10010120       0x6c CMakeFiles/Wifi.dir/Users/rocksonqwerty/dev/pico/pico-sdk/lib/lwip/src/netif/ethernet.c.obj
                0x10010120                ethernet_output
 .text.cyw43_arch_wifi_connect_bssid_until.part.0
                0x1001018c       0xd0 CMakeFiles/Wifi.dir/Users/rocksonqwerty/dev/pico/pico-sdk/src/rp2_common/pico_cyw43_arch/cyw43_arch.c.obj
 .text.cyw43_arch_set_async_context
                0x1001025c        0xc CMakeFiles/Wifi.dir/Users/rocksonqwerty/dev/pico/pico-sdk/src/rp2_common/pico_cyw43_arch/cyw43_arch.c.obj
                0x1001025c                cyw43_arch_set_async_context
 .text.cyw43_arch_enable_sta_mode
                0x10010268       0x1c CMakeFiles/Wifi.dir/Users/rocksonqwerty/dev/pico/pico-sdk/src/rp2_common/pico_cyw43_arch/cyw43_arch.c.obj
                0x10010268                cyw43_arch_enable_sta_mode
 .text.cyw43_arch_wifi_connect_timeout_ms
                0x10010284       0xa0 CMakeFiles/Wifi.dir/Users/rocksonqwerty/dev/pico/pico-sdk/src/rp2_common/pico_cyw43_arch/cyw43_arch.c.obj
                0x10010284                cyw43_arch_wifi_connect_timeout_ms
 .text.cyw43_arch_init_with_country
                0x10010324       0x10 CMakeFiles/Wifi.dir/Users/rocksonqwerty/dev/pico/pico-sdk/src/rp2_common/pico_cyw43_arch/cyw43_arch.c.obj
                0x10010324                cyw43_arch_init_with_country
 .text.cyw43_arch_gpio_put
                0x10010334       0x14 CMakeFiles/Wifi.dir/Users/rocksonqwerty/dev/pico/pico-sdk/src/rp2_common/pico_cyw43_arch/cyw43_arch.c.obj
                0x10010334                cyw43_arch_gpio_put
 .text.cyw43_arch_async_context
                0x10010348        0xc CMakeFiles/Wifi.dir/Users/rocksonqwerty/dev/pico/pico-sdk/src/rp2_common/pico_cyw43_arch/cyw43_arch.c.obj
                0x10010348                cyw43_arch_async_context
 .text.cyw43_arch_init
                0x10010354       0x68 CMakeFiles/Wifi.dir/Users/rocksonqwerty/dev/pico/pico-sdk/src/rp2_common/pico_cyw43_arch/cyw43_arch_poll.c.obj
                0x10010354                cyw43_arch_init
 .text.cyw43_arch_deinit
                0x100103bc       0x30 CMakeFiles/Wifi.dir/Users/rocksonqwerty/dev/pico/pico-sdk/src/rp2_common/pico_cyw43_arch/cyw43_arch_poll.c.obj
                0x100103bc                cyw43_arch_deinit
 .text.ns_delay.constprop.0
                0x100103ec       0x20 CMakeFiles/Wifi.dir/Users/rocksonqwerty/dev/pico/pico-sdk/src/rp2_common/pico_cyw43_driver/cyw43_bus_pio_spi.c.obj
 .text.cyw43_spi_deinit
                0x1001040c       0x7c CMakeFiles/Wifi.dir/Users/rocksonqwerty/dev/pico/pico-sdk/src/rp2_common/pico_cyw43_driver/cyw43_bus_pio_spi.c.obj
                0x1001040c                cyw43_spi_deinit
 .text.cyw43_spi_init
                0x10010488      0x14c CMakeFiles/Wifi.dir/Users/rocksonqwerty/dev/pico/pico-sdk/src/rp2_common/pico_cyw43_driver/cyw43_bus_pio_spi.c.obj
                0x10010488                cyw43_spi_init
 .text.cyw43_spi_transfer
                0x100105d4      0x3e0 CMakeFiles/Wifi.dir/Users/rocksonqwerty/dev/pico/pico-sdk/src/rp2_common/pico_cyw43_driver/cyw43_bus_pio_spi.c.obj
                0x100105d4                cyw43_spi_transfer
 .text.cyw43_spi_gpio_setup
                0x100109b4       0x3c CMakeFiles/Wifi.dir/Users/rocksonqwerty/dev/pico/pico-sdk/src/rp2_common/pico_cyw43_driver/cyw43_bus_pio_spi.c.obj
                0x100109b4                cyw43_spi_gpio_setup
 .text.cyw43_spi_reset
                0x100109f0       0x28 CMakeFiles/Wifi.dir/Users/rocksonqwerty/dev/pico/pico-sdk/src/rp2_common/pico_cyw43_driver/cyw43_bus_pio_spi.c.obj
                0x100109f0                cyw43_spi_reset
 .text.read_reg_u32_swap
                0x10010a18       0x3c CMakeFiles/Wifi.dir/Users/rocksonqwerty/dev/pico/pico-sdk/src/rp2_common/pico_cyw43_driver/cyw43_bus_pio_spi.c.obj
                0x10010a18                read_reg_u32_swap
 .text.cyw43_read_reg_u32
                0x10010a54       0x54 CMakeFiles/Wifi.dir/Users/rocksonqwerty/dev/pico/pico-sdk/src/rp2_common/pico_cyw43_driver/cyw43_bus_pio_spi.c.obj
                0x10010a54                cyw43_read_reg_u32
 .text.cyw43_read_reg_u16
                0x10010aa8       0x54 CMakeFiles/Wifi.dir/Users/rocksonqwerty/dev/pico/pico-sdk/src/rp2_common/pico_cyw43_driver/cyw43_bus_pio_spi.c.obj
                0x10010aa8                cyw43_read_reg_u16
 .text.cyw43_read_reg_u8
                0x10010afc       0x54 CMakeFiles/Wifi.dir/Users/rocksonqwerty/dev/pico/pico-sdk/src/rp2_common/pico_cyw43_driver/cyw43_bus_pio_spi.c.obj
                0x10010afc                cyw43_read_reg_u8
 .text.write_reg_u32_swap
                0x10010b50      0x1e8 CMakeFiles/Wifi.dir/Users/rocksonqwerty/dev/pico/pico-sdk/src/rp2_common/pico_cyw43_driver/cyw43_bus_pio_spi.c.obj
                0x10010b50                write_reg_u32_swap
 .text.cyw43_write_reg_u32
                0x10010d38      0x208 CMakeFiles/Wifi.dir/Users/rocksonqwerty/dev/pico/pico-sdk/src/rp2_common/pico_cyw43_driver/cyw43_bus_pio_spi.c.obj
                0x10010d38                cyw43_write_reg_u32
 .text.cyw43_write_reg_u16
                0x10010f40      0x208 CMakeFiles/Wifi.dir/Users/rocksonqwerty/dev/pico/pico-sdk/src/rp2_common/pico_cyw43_driver/cyw43_bus_pio_spi.c.obj
                0x10010f40                cyw43_write_reg_u16
 .text.cyw43_write_reg_u8
                0x10011148      0x208 CMakeFiles/Wifi.dir/Users/rocksonqwerty/dev/pico/pico-sdk/src/rp2_common/pico_cyw43_driver/cyw43_bus_pio_spi.c.obj
                0x10011148                cyw43_write_reg_u8
 .text.cyw43_read_bytes
                0x10011350       0x78 CMakeFiles/Wifi.dir/Users/rocksonqwerty/dev/pico/pico-sdk/src/rp2_common/pico_cyw43_driver/cyw43_bus_pio_spi.c.obj
                0x10011350                cyw43_read_bytes
 .text.cyw43_write_bytes
                0x100113c8       0xc4 CMakeFiles/Wifi.dir/Users/rocksonqwerty/dev/pico/pico-sdk/src/rp2_common/pico_cyw43_driver/cyw43_bus_pio_spi.c.obj
                0x100113c8                cyw43_write_bytes
 .text.cyw43_set_backplane_window
                0x1001148c       0x68 CMakeFiles/Wifi.dir/Users/rocksonqwerty/dev/pico/pico-sdk/lib/cyw43-driver/src/cyw43_ll.c.obj
 .text.cyw43_ll_parse_async_event
                0x100114f4      0x134 CMakeFiles/Wifi.dir/Users/rocksonqwerty/dev/pico/pico-sdk/lib/cyw43-driver/src/cyw43_ll.c.obj
 .text.cyw43_kso_set
                0x10011628       0x80 CMakeFiles/Wifi.dir/Users/rocksonqwerty/dev/pico/pico-sdk/lib/cyw43-driver/src/cyw43_ll.c.obj
 .text.cyw43_ll_sdpcm_poll_device
                0x100116a8      0x238 CMakeFiles/Wifi.dir/Users/rocksonqwerty/dev/pico/pico-sdk/lib/cyw43-driver/src/cyw43_ll.c.obj
 .text.cyw43_sdpcm_send_common
                0x100118e0       0xf4 CMakeFiles/Wifi.dir/Users/rocksonqwerty/dev/pico/pico-sdk/lib/cyw43-driver/src/cyw43_ll.c.obj
 .text.cyw43_do_ioctl
                0x100119d4      0x110 CMakeFiles/Wifi.dir/Users/rocksonqwerty/dev/pico/pico-sdk/lib/cyw43-driver/src/cyw43_ll.c.obj
 .text.cyw43_do_ioctl.constprop.0
                0x10011ae4      0x108 CMakeFiles/Wifi.dir/Users/rocksonqwerty/dev/pico/pico-sdk/lib/cyw43-driver/src/cyw43_ll.c.obj
 .text.cyw43_read_backplane.constprop.0
                0x10011bec       0xe4 CMakeFiles/Wifi.dir/Users/rocksonqwerty/dev/pico/pico-sdk/lib/cyw43-driver/src/cyw43_ll.c.obj
 .text.reset_device_core.constprop.0
                0x10011cd0      0x410 CMakeFiles/Wifi.dir/Users/rocksonqwerty/dev/pico/pico-sdk/lib/cyw43-driver/src/cyw43_ll.c.obj
 .text.cyw43_ll_init
                0x100120e0       0x1c CMakeFiles/Wifi.dir/Users/rocksonqwerty/dev/pico/pico-sdk/lib/cyw43-driver/src/cyw43_ll.c.obj
                0x100120e0                cyw43_ll_init
 .text.cyw43_ll_deinit
                0x100120fc        0x8 CMakeFiles/Wifi.dir/Users/rocksonqwerty/dev/pico/pico-sdk/lib/cyw43-driver/src/cyw43_ll.c.obj
                0x100120fc                cyw43_ll_deinit
 .text.cyw43_ll_send_ethernet
                0x10012104       0x60 CMakeFiles/Wifi.dir/Users/rocksonqwerty/dev/pico/pico-sdk/lib/cyw43-driver/src/cyw43_ll.c.obj
                0x10012104                cyw43_ll_send_ethernet
 .text.cyw43_ll_process_packets
                0x10012164       0x54 CMakeFiles/Wifi.dir/Users/rocksonqwerty/dev/pico/pico-sdk/lib/cyw43-driver/src/cyw43_ll.c.obj
                0x10012164                cyw43_ll_process_packets
 .text.cyw43_ll_ioctl
                0x100121b8       0x20 CMakeFiles/Wifi.dir/Users/rocksonqwerty/dev/pico/pico-sdk/lib/cyw43-driver/src/cyw43_ll.c.obj
                0x100121b8                cyw43_ll_ioctl
 .text.cyw43_ll_bus_sleep
                0x100121d8       0x34 CMakeFiles/Wifi.dir/Users/rocksonqwerty/dev/pico/pico-sdk/lib/cyw43-driver/src/cyw43_ll.c.obj
                0x100121d8                cyw43_ll_bus_sleep
 .text.cyw43_ll_bus_init
                0x1001220c      0xbd0 CMakeFiles/Wifi.dir/Users/rocksonqwerty/dev/pico/pico-sdk/lib/cyw43-driver/src/cyw43_ll.c.obj
                0x1001220c                cyw43_ll_bus_init
 .text.cyw43_ll_wifi_on
                0x10012ddc      0x238 CMakeFiles/Wifi.dir/Users/rocksonqwerty/dev/pico/pico-sdk/lib/cyw43-driver/src/cyw43_ll.c.obj
                0x10012ddc                cyw43_ll_wifi_on
 .text.cyw43_ll_wifi_get_mac
                0x10013014       0x40 CMakeFiles/Wifi.dir/Users/rocksonqwerty/dev/pico/pico-sdk/lib/cyw43-driver/src/cyw43_ll.c.obj
                0x10013014                cyw43_ll_wifi_get_mac
 .text.cyw43_ll_wifi_pm
                0x10013054      0x19c CMakeFiles/Wifi.dir/Users/rocksonqwerty/dev/pico/pico-sdk/lib/cyw43-driver/src/cyw43_ll.c.obj
                0x10013054                cyw43_ll_wifi_pm
 .text.cyw43_ll_wifi_join
                0x100131f0      0x2ec CMakeFiles/Wifi.dir/Users/rocksonqwerty/dev/pico/pico-sdk/lib/cyw43-driver/src/cyw43_ll.c.obj
                0x100131f0                cyw43_ll_wifi_join
 .text.cyw43_ll_wifi_set_wpa_auth
                0x100134dc       0x2c CMakeFiles/Wifi.dir/Users/rocksonqwerty/dev/pico/pico-sdk/lib/cyw43-driver/src/cyw43_ll.c.obj
                0x100134dc                cyw43_ll_wifi_set_wpa_auth
 .text.cyw43_ll_wifi_rejoin
                0x10013508       0x1c CMakeFiles/Wifi.dir/Users/rocksonqwerty/dev/pico/pico-sdk/lib/cyw43-driver/src/cyw43_ll.c.obj
                0x10013508                cyw43_ll_wifi_rejoin
 .text.cyw43_ll_wifi_ap_init
                0x10013524      0x2c0 CMakeFiles/Wifi.dir/Users/rocksonqwerty/dev/pico/pico-sdk/lib/cyw43-driver/src/cyw43_ll.c.obj
                0x10013524                cyw43_ll_wifi_ap_init
 .text.cyw43_ll_wifi_ap_set_up
                0x100137e4       0x54 CMakeFiles/Wifi.dir/Users/rocksonqwerty/dev/pico/pico-sdk/lib/cyw43-driver/src/cyw43_ll.c.obj
                0x100137e4                cyw43_ll_wifi_ap_set_up
 .text.cyw43_ll_gpio_set
                0x10013838       0x68 CMakeFiles/Wifi.dir/Users/rocksonqwerty/dev/pico/pico-sdk/lib/cyw43-driver/src/cyw43_ll.c.obj
                0x10013838                cyw43_ll_gpio_set
 .text.cyw43_ll_has_work
                0x100138a0       0x14 CMakeFiles/Wifi.dir/Users/rocksonqwerty/dev/pico/pico-sdk/lib/cyw43-driver/src/cyw43_ll.c.obj
                0x100138a0                cyw43_ll_has_work
 .text.cyw43_netif_init
                0x100138b4       0x3c CMakeFiles/Wifi.dir/Users/rocksonqwerty/dev/pico/pico-sdk/lib/cyw43-driver/src/cyw43_lwip.c.obj
 .text.cyw43_netif_output
                0x100138f0       0x34 CMakeFiles/Wifi.dir/Users/rocksonqwerty/dev/pico/pico-sdk/lib/cyw43-driver/src/cyw43_lwip.c.obj
 .text.cyw43_cb_tcpip_init
                0x10013924      0x104 CMakeFiles/Wifi.dir/Users/rocksonqwerty/dev/pico/pico-sdk/lib/cyw43-driver/src/cyw43_lwip.c.obj
                0x10013924                cyw43_cb_tcpip_init
 .text.cyw43_cb_tcpip_deinit
                0x10013a28       0x4c CMakeFiles/Wifi.dir/Users/rocksonqwerty/dev/pico/pico-sdk/lib/cyw43-driver/src/cyw43_lwip.c.obj
                0x10013a28                cyw43_cb_tcpip_deinit
 .text.cyw43_cb_process_ethernet
                0x10013a74       0x6c CMakeFiles/Wifi.dir/Users/rocksonqwerty/dev/pico/pico-sdk/lib/cyw43-driver/src/cyw43_lwip.c.obj
                0x10013a74                cyw43_cb_process_ethernet
 .text.cyw43_cb_tcpip_set_link_up
                0x10013ae0       0x18 CMakeFiles/Wifi.dir/Users/rocksonqwerty/dev/pico/pico-sdk/lib/cyw43-driver/src/cyw43_lwip.c.obj
                0x10013ae0                cyw43_cb_tcpip_set_link_up
 .text.cyw43_cb_tcpip_set_link_down
                0x10013af8       0x18 CMakeFiles/Wifi.dir/Users/rocksonqwerty/dev/pico/pico-sdk/lib/cyw43-driver/src/cyw43_lwip.c.obj
                0x10013af8                cyw43_cb_tcpip_set_link_down
 .text.cyw43_tcpip_link_status
                0x10013b10       0x34 CMakeFiles/Wifi.dir/Users/rocksonqwerty/dev/pico/pico-sdk/lib/cyw43-driver/src/cyw43_lwip.c.obj
                0x10013b10                cyw43_tcpip_link_status
 .text.cyw43_poll_func
                0x10013b44       0xc0 CMakeFiles/Wifi.dir/Users/rocksonqwerty/dev/pico/pico-sdk/lib/cyw43-driver/src/cyw43_ctrl.c.obj
 .text.cyw43_init
                0x10013c04       0x6c CMakeFiles/Wifi.dir/Users/rocksonqwerty/dev/pico/pico-sdk/lib/cyw43-driver/src/cyw43_ctrl.c.obj
                0x10013c04                cyw43_init
 .text.cyw43_deinit
                0x10013c70       0x90 CMakeFiles/Wifi.dir/Users/rocksonqwerty/dev/pico/pico-sdk/lib/cyw43-driver/src/cyw43_ctrl.c.obj
                0x10013c70                cyw43_deinit
 .text.cyw43_cb_read_host_interrupt_pin
                0x10013d00        0xc CMakeFiles/Wifi.dir/Users/rocksonqwerty/dev/pico/pico-sdk/lib/cyw43-driver/src/cyw43_ctrl.c.obj